<html>
<body>
<pre>
<h1>µVision Build Log</h1>
<h2>Tool Versions:</h2>
IDE-Version: µVision V5.24.2.0
Copyright (C) 2017 ARM Ltd and ARM Germany GmbH. All rights reserved.
License Information: Antoine Boré, EMSE, LIC=----
 
Tool Versions:
Toolchain:       MDK-Lite  Version: 5.24.1
Toolchain Path:  C:\Keil_v5\ARM\ARMCC\Bin
C Compiler:      Armcc.exe V5.06 update 5 (build 528)
Assembler:       Armasm.exe V5.06 update 5 (build 528)
Linker/Locator:  ArmLink.exe V5.06 update 5 (build 528)
Library Manager: ArmAr.exe V5.06 update 5 (build 528)
Hex Converter:   FromElf.exe V5.06 update 5 (build 528)
CPU DLL:         SARMCM3.DLL V5.24.1
Dialog DLL:      DARMCM1.DLL V1.18.0.0
Target DLL:      STLink\ST-LINKIII-KEIL_SWO.dll V3.0.1.0
Dialog DLL:      TARMCM1.DLL V1.13.0.0
 
<h2>Project:</h2>
D:\EMSE\3a\iot\IOTworkshops\Projet Sensor LED BLE\Projects\Multi\Applications\SensorDemo\MDK-ARM\STM32L053R8-Nucleo\SensorDemoProject.uvprojx
Project File Date:  11/12/2018

<h2>Output:</h2>
*** Using Compiler 'V5.06 update 5 (build 528)', folder: 'C:\Keil_v5\ARM\ARMCC\Bin'
Rebuild target 'SensDemo_L053R8_NUCLEO'
assembling startup_stm32l053xx.s...
compiling cube_hal_l0.c...
compiling stm32xx_it.c...
compiling clock.c...
compiling bluenrg_interface.c...
compiling stm32l0xx_hal_msp.c...
compiling main.c...
compiling sensor_service.c...
compiling nucleo_l053r8_bus.c...
compiling system_stm32l0xx.c...
compiling stm32_bluenrg_ble.c...
compiling stm32l0xx_hal.c...
compiling stm32l0xx_nucleo.c...
compiling stm32l0xx_hal_adc.c...
compiling stm32l0xx_hal_adc_ex.c...
compiling stm32l0xx_hal_cortex.c...
compiling stm32l0xx_hal_flash_ex.c...
compiling stm32l0xx_hal_flash.c...
compiling stm32l0xx_hal_gpio.c...
compiling stm32l0xx_hal_dma.c...
compiling stm32l0xx_hal_pwr.c...
compiling stm32l0xx_hal_pwr_ex.c...
compiling bluenrg_gap_aci.c...
compiling stm32l0xx_hal_i2c_ex.c...
compiling stm32l0xx_hal_rcc.c...
compiling stm32l0xx_hal_rcc_ex.c...
compiling bluenrg_hal_aci.c...
compiling bluenrg_l2cap_aci.c...
compiling stm32l0xx_hal_spi.c...
compiling bluenrg_itf_template.c...
compiling hci.c...
compiling gp_timer.c...
compiling bluenrg_gatt_aci.c...
compiling osal.c...
compiling stm32l0xx_hal_i2c.c...
compiling ble_list.c...
compiling bluenrg_utils_small.c...
compiling x_nucleo_iks01a1.c...
compiling x_nucleo_iks01a1_humidity.c...
compiling HTS221_Driver.c...
compiling x_nucleo_iks01a1_gyro.c...
compiling HTS221_Driver_HL.c...
compiling x_nucleo_iks01a1_magneto.c...
compiling x_nucleo_iks01a1_accelero.c...
compiling LIS3MDL_MAG_driver_HL.c...
compiling LPS25HB_Driver_HL.c...
compiling LIS3MDL_MAG_driver.c...
compiling x_nucleo_iks01a1_pressure.c...
compiling LPS25HB_Driver.c...
compiling x_nucleo_iks01a1_temperature.c...
compiling LSM6DS0_ACC_GYRO_driver_HL.c...
compiling LPS22HB_Driver_HL.c...
compiling LPS22HB_Driver.c...
compiling LSM6DS3_ACC_GYRO_driver_HL.c...
compiling LSM6DS0_ACC_GYRO_driver.c...
compiling iks01a2_motion_sensors.c...
compiling lsm6dsl.c...
compiling iks01a2_motion_sensors_ex.c...
compiling LSM6DS3_ACC_GYRO_driver.c...
compiling lsm6dsl_reg.c...
linking...
Program Size: Code=24704 RO-data=344 RW-data=536 ZI-data=2136  
FromELF: creating hex file...
".\STM32L053R8_NUCLEO\SensorDemoProject.axf" - 0 Error(s), 0 Warning(s).

<h2>Software Packages used:</h2>

Package Vendor: Keil
                http://www.keil.com/pack/Keil.STM32L0xx_DFP.2.0.0.pack
                Keil.STM32L0xx_DFP.2.0.0
                STMicroelectronics STM32L0 Series Device Support, Drivers and Examples

<h2>Collection of Component include folders:</h2>
  .\RTE\_SensDemo_L053R8_NUCLEO
  C:\Keil_v5\ARM\PACK\Keil\STM32L0xx_DFP\2.0.0\Drivers\CMSIS\Device\ST\STM32L0xx\Include

<h2>Collection of Component Files used:</h2>
Build Time Elapsed:  00:00:12
</pre>
</body>
</html>
