Component: ARM Compiler 5.06 update 5 (build 528) Tool: armlink [4d35e2]

==============================================================================

Section Cross References

    startup_stm32l053xx.o(RESET) refers to startup_stm32l053xx.o(STACK) for __initial_sp
    startup_stm32l053xx.o(RESET) refers to startup_stm32l053xx.o(.text) for Reset_Handler
    startup_stm32l053xx.o(RESET) refers to stm32xx_it.o(i.NMI_Handler) for NMI_Handler
    startup_stm32l053xx.o(RESET) refers to stm32xx_it.o(i.HardFault_Handler) for HardFault_Handler
    startup_stm32l053xx.o(RESET) refers to stm32xx_it.o(i.SVC_Handler) for SVC_Handler
    startup_stm32l053xx.o(RESET) refers to stm32xx_it.o(i.PendSV_Handler) for PendSV_Handler
    startup_stm32l053xx.o(RESET) refers to stm32xx_it.o(i.SysTick_Handler) for SysTick_Handler
    startup_stm32l053xx.o(RESET) refers to stm32xx_it.o(i.EXTI0_1_IRQHandler) for EXTI0_1_IRQHandler
    startup_stm32l053xx.o(RESET) refers to stm32xx_it.o(i.EXTI4_15_IRQHandler) for EXTI4_15_IRQHandler
    startup_stm32l053xx.o(.text) refers to system_stm32l0xx.o(i.SystemInit) for SystemInit
    startup_stm32l053xx.o(.text) refers to entry.o(.ARM.Collect$$$$00000000) for __main
    bluenrg_interface.o(i.HAL_GPIO_EXTI_Callback) refers to hci.o(i.HCI_Isr) for HCI_Isr
    clock.o(i.Clock_Time) refers to stm32l0xx_hal.o(i.HAL_GetTick) for HAL_GetTick
    clock.o(i.Clock_Wait) refers to stm32l0xx_hal.o(i.HAL_Delay) for HAL_Delay
    cube_hal_l0.o(i.SystemClock_Config) refers to stm32l0xx_hal_rcc.o(i.HAL_RCC_OscConfig) for HAL_RCC_OscConfig
    cube_hal_l0.o(i.SystemClock_Config) refers to stm32l0xx_hal_rcc.o(i.HAL_RCC_ClockConfig) for HAL_RCC_ClockConfig
    stm32xx_it.o(i.EXTI0_1_IRQHandler) refers to stm32l0xx_hal_gpio.o(i.HAL_GPIO_EXTI_IRQHandler) for HAL_GPIO_EXTI_IRQHandler
    stm32xx_it.o(i.EXTI4_15_IRQHandler) refers to stm32l0xx_hal_gpio.o(i.HAL_GPIO_EXTI_IRQHandler) for HAL_GPIO_EXTI_IRQHandler
    stm32xx_it.o(i.EXTI4_15_IRQHandler) refers to stm32xx_it.o(.data) for button_event
    stm32xx_it.o(i.SysTick_Handler) refers to stm32l0xx_hal.o(i.HAL_IncTick) for HAL_IncTick
    stm32xx_it.o(i.SysTick_Handler) refers to stm32xx_it.o(.data) for ms_counter
    stm32l0xx_hal_msp.o(i.HAL_SPI_MspInit) refers to stm32l0xx_hal_gpio.o(i.HAL_GPIO_Init) for HAL_GPIO_Init
    stm32l0xx_hal_msp.o(i.HAL_SPI_MspInit) refers to stm32l0xx_hal_gpio.o(i.HAL_GPIO_WritePin) for HAL_GPIO_WritePin
    stm32l0xx_hal_msp.o(i.HAL_SPI_MspInit) refers to stm32l0xx_hal_cortex.o(i.HAL_NVIC_SetPriority) for HAL_NVIC_SetPriority
    stm32l0xx_hal_msp.o(i.HAL_SPI_MspInit) refers to stm32l0xx_hal_cortex.o(i.HAL_NVIC_EnableIRQ) for HAL_NVIC_EnableIRQ
    main.o(i.User_Process) refers to sensor_service.o(i.setConnectable) for setConnectable
    main.o(i.User_Process) refers to sensor_service.o(.data) for set_connectable
    main.o(i.main) refers to stm32l0xx_hal.o(i.HAL_Init) for HAL_Init
    main.o(i.main) refers to stm32l0xx_nucleo.o(i.BSP_LED_Init) for BSP_LED_Init
    main.o(i.main) refers to cube_hal_l0.o(i.SystemClock_Config) for SystemClock_Config
    main.o(i.main) refers to sensor_service.o(i.initializeAllSensors) for initializeAllSensors
    main.o(i.main) refers to sensor_service.o(i.enableAllSensors) for enableAllSensors
    main.o(i.main) refers to stm32_bluenrg_ble.o(i.BNRG_SPI_Init) for BNRG_SPI_Init
    main.o(i.main) refers to hci.o(i.HCI_Init) for HCI_Init
    main.o(i.main) refers to stm32_bluenrg_ble.o(i.BlueNRG_RST) for BlueNRG_RST
    main.o(i.main) refers to bluenrg_utils_small.o(i.getBlueNRGVersion) for getBlueNRGVersion
    main.o(i.main) refers to osal.o(i.Osal_MemCpy) for Osal_MemCpy
    main.o(i.main) refers to bluenrg_hal_aci.o(i.aci_hal_write_config_data) for aci_hal_write_config_data
    main.o(i.main) refers to bluenrg_gatt_aci.o(i.aci_gatt_init) for aci_gatt_init
    main.o(i.main) refers to bluenrg_gap_aci.o(i.aci_gap_init_IDB05A1) for aci_gap_init_IDB05A1
    main.o(i.main) refers to bluenrg_gap_aci.o(i.aci_gap_init_IDB04A1) for aci_gap_init_IDB04A1
    main.o(i.main) refers to strlen.o(.text) for strlen
    main.o(i.main) refers to bluenrg_gatt_aci.o(i.aci_gatt_update_char_value) for aci_gatt_update_char_value
    main.o(i.main) refers to bluenrg_gap_aci.o(i.aci_gap_set_auth_requirement) for aci_gap_set_auth_requirement
    main.o(i.main) refers to sensor_service.o(i.Add_Environmental_Sensor_Service) for Add_Environmental_Sensor_Service
    main.o(i.main) refers to sensor_service.o(i.Add_LED_Service) for Add_LED_Service
    main.o(i.main) refers to bluenrg_hal_aci.o(i.aci_hal_set_tx_power_level) for aci_hal_set_tx_power_level
    main.o(i.main) refers to hci.o(i.HCI_Process) for HCI_Process
    main.o(i.main) refers to main.o(i.User_Process) for User_Process
    main.o(i.main) refers to main.o(.data) for bnrg_expansion_board
    sensor_service.o(i.Add_Environmental_Sensor_Service) refers to bluenrg_gatt_aci.o(i.aci_gatt_add_serv) for aci_gatt_add_serv
[...]
    move_list                                0x08006585   Thumb Code    36  hci.o(i.move_list)
    i.setConnectable                         0x080065a8   Section        0  sensor_service.o(i.setConnectable)
    i.set_irq_as_input                       0x080065ec   Section        0  stm32_bluenrg_ble.o(i.set_irq_as_input)
    i.set_irq_as_output                      0x08006624   Section        0  stm32_bluenrg_ble.o(i.set_irq_as_output)
    i.us150Delay                             0x08006650   Section        0  stm32_bluenrg_ble.o(i.us150Delay)
    us150Delay                               0x08006651   Thumb Code    28  stm32_bluenrg_ble.o(i.us150Delay)
    .constdata                               0x0800666c   Section        4  clock.o(.constdata)
    .constdata                               0x08006670   Section        5  stm32l0xx_nucleo.o(.constdata)
    .constdata                               0x08006675   Section       25  system_stm32l0xx.o(.constdata)
    .constdata                               0x0800668e   Section       16  stm32l0xx_hal_rcc.o(.constdata)
    APBAHBPrescTable                         0x0800668e   Data          16  stm32l0xx_hal_rcc.o(.constdata)
    .conststring                             0x080066a0   Section       66  lps25hb_driver.o(.conststring)
    .data                                    0x20000000   Section        5  stm32xx_it.o(.data)
    .data                                    0x20000005   Section        1  main.o(.data)
    .data                                    0x20000008   Section       34  sensor_service.o(.data)
    .data                                    0x2000002c   Section       20  stm32l0xx_nucleo.o(.data)
    sConfig                                  0x20000038   Data           8  stm32l0xx_nucleo.o(.data)
    .data                                    0x20000040   Section        4  system_stm32l0xx.o(.data)
    .data                                    0x20000044   Section        4  stm32l0xx_hal.o(.data)
    uwTick                                   0x20000044   Data           4  stm32l0xx_hal.o(.data)
    .data                                    0x20000048   Section       18  hci.o(.data)
    hci_timer_id                             0x20000058   Data           1  hci.o(.data)
    hci_timeout                              0x20000059   Data           1  hci.o(.data)
    .data                                    0x2000005c   Section        4  x_nucleo_iks01a1.o(.data)
    I2C_EXPBD_Timeout                        0x2000005c   Data           4  x_nucleo_iks01a1.o(.data)
    .data                                    0x20000060   Section       16  x_nucleo_iks01a1_temperature.o(.data)
    HTS221_T_0_Data                          0x20000060   Data           4  x_nucleo_iks01a1_temperature.o(.data)
    LPS25HB_T_0_Data                         0x20000064   Data           4  x_nucleo_iks01a1_temperature.o(.data)
    LPS25HB_T_1_Data                         0x20000068   Data           4  x_nucleo_iks01a1_temperature.o(.data)
    LPS22HB_T_0_Data                         0x2000006c   Data           4  x_nucleo_iks01a1_temperature.o(.data)
    .data                                    0x20000070   Section      108  hts221_driver_hl.o(.data)
    .data                                    0x200000dc   Section      112  lps25hb_driver_hl.o(.data)
    .data                                    0x2000014c   Section      232  lps22hb_driver_hl.o(.data)
    .data                                    0x20000234   Section        4  stdout.o(.data)
    .bss                                     0x20000238   Section       88  stm32_bluenrg_ble.o(.bss)
    .bss                                     0x20000290   Section      700  hci.o(.bss)
    hciReadPacketBuffer                      0x20000290   Data         700  hci.o(.bss)
    .bss                                     0x2000054c   Section       60  x_nucleo_iks01a1.o(.bss)
    I2C_EXPBD_Handle                         0x2000054c   Data          60  x_nucleo_iks01a1.o(.bss)
    .bss                                     0x20000588   Section      112  x_nucleo_iks01a1_temperature.o(.bss)
    TEMPERATURE_SensorHandle                 0x20000588   Data          80  x_nucleo_iks01a1_temperature.o(.bss)
    TEMPERATURE_Data                         0x200005d8   Data          32  x_nucleo_iks01a1_temperature.o(.bss)
    STACK                                    0x200005f8   Section     1024  startup_stm32l053xx.o(STACK)

    Global Symbols

    Symbol Name                              Value     Ov Type        Size  Object(Section)

    BuildAttributes$$THM_ISAv3M$S$PE$A:L22$X:L11$S22$IEEE1$IW$USESV6$~STKCKD$USESV7$~SHL$OTIME$ROPI$EBA8$MICROLIB$REQ8$PRES8$EABIv2 0x00000000   Number         0  anon$$obj.o ABSOLUTE
    __ARM_use_no_argv                        0x00000000   Number         0  main.o ABSOLUTE
    _printf_a                                0x00000000   Number         0  stubs.o ABSOLUTE
    _printf_c                                0x00000000   Number         0  stubs.o ABSOLUTE
    _printf_charcount                        0x00000000   Number         0  stubs.o ABSOLUTE
    _printf_d                                0x00000000   Number         0  stubs.o ABSOLUTE
    _printf_e                                0x00000000   Number         0  stubs.o ABSOLUTE
    _printf_f                                0x00000000   Number         0  stubs.o ABSOLUTE
    _printf_flags                            0x00000000   Number         0  stubs.o ABSOLUTE
    _printf_fp_dec                           0x00000000   Number         0  stubs.o ABSOLUTE
    _printf_fp_hex                           0x00000000   Number         0  stubs.o ABSOLUTE
    _printf_g                                0x00000000   Number         0  stubs.o ABSOLUTE
    _printf_i                                0x00000000   Number         0  stubs.o ABSOLUTE
    _printf_int_dec                          0x00000000   Number         0  stubs.o ABSOLUTE
    _printf_l                                0x00000000   Number         0  stubs.o ABSOLUTE
    _printf_lc                               0x00000000   Number         0  stubs.o ABSOLUTE
    _printf_ll                               0x00000000   Number         0  stubs.o ABSOLUTE
    _printf_lld                              0x00000000   Number         0  stubs.o ABSOLUTE
    _printf_lli                              0x00000000   Number         0  stubs.o ABSOLUTE
    _printf_llo                              0x00000000   Number         0  stubs.o ABSOLUTE
    _printf_llu                              0x00000000   Number         0  stubs.o ABSOLUTE
    _printf_llx                              0x00000000   Number         0  stubs.o ABSOLUTE
    _printf_longlong_dec                     0x00000000   Number         0  stubs.o ABSOLUTE
    _printf_longlong_hex                     0x00000000   Number         0  stubs.o ABSOLUTE
    _printf_longlong_oct                     0x00000000   Number         0  stubs.o ABSOLUTE
    _printf_ls                               0x00000000   Number         0  stubs.o ABSOLUTE
    _printf_mbtowc                           0x00000000   Number         0  stubs.o ABSOLUTE
    _printf_n                                0x00000000   Number         0  stubs.o ABSOLUTE
    _printf_o                                0x00000000   Number         0  stubs.o ABSOLUTE
    _printf_p                                0x00000000   Number         0  stubs.o ABSOLUTE
    _printf_percent                          0x00000000   Number         0  stubs.o ABSOLUTE
    _printf_pre_padding                      0x00000000   Number         0  stubs.o ABSOLUTE
    _printf_return_value                     0x00000000   Number         0  stubs.o ABSOLUTE
    _printf_s                                0x00000000   Number         0  stubs.o ABSOLUTE
    _printf_sizespec                         0x00000000   Number         0  stubs.o ABSOLUTE
    _printf_str                              0x00000000   Number         0  stubs.o ABSOLUTE
    _printf_truncate_signed                  0x00000000   Number         0  stubs.o ABSOLUTE
    _printf_truncate_unsigned                0x00000000   Number         0  stubs.o ABSOLUTE
    _printf_u                                0x00000000   Number         0  stubs.o ABSOLUTE
    _printf_wc                               0x00000000   Number         0  stubs.o ABSOLUTE
    _printf_wctomb                           0x00000000   Number         0  stubs.o ABSOLUTE
    _printf_widthprec                        0x00000000   Number         0  stubs.o ABSOLUTE
    _printf_x                                0x00000000   Number         0  stubs.o ABSOLUTE
    __cpp_initialize__aeabi_                  - Undefined Weak Reference
    __cxa_finalize                            - Undefined Weak Reference
    _clock_init                               - Undefined Weak Reference
    _microlib_exit                            - Undefined Weak Reference
    __Vectors_Size                           0x000000c0   Number         0  startup_stm32l053xx.o ABSOLUTE
    __Vectors                                0x08000000   Data           4  startup_stm32l053xx.o(RESET)
    __Vectors_End                            0x080000c0   Data           0  startup_stm32l053xx.o(RESET)
    __main                                   0x080000c1   Thumb Code     0  entry.o(.ARM.Collect$$$$00000000)
    _main_stk                                0x080000c1   Thumb Code     0  entry2.o(.ARM.Collect$$$$00000001)
    _main_scatterload                        0x080000c5   Thumb Code     0  entry5.o(.ARM.Collect$$$$00000004)
    __main_after_scatterload                 0x080000c9   Thumb Code     0  entry5.o(.ARM.Collect$$$$00000004)
    _main_clock                              0x080000c9   Thumb Code     0  entry7b.o(.ARM.Collect$$$$00000008)
    _main_cpp_init                           0x080000c9   Thumb Code     0  entry8b.o(.ARM.Collect$$$$0000000A)
    _main_init                               0x080000c9   Thumb Code     0  entry9a.o(.ARM.Collect$$$$0000000B)
    __rt_final_cpp                           0x080000d1   Thumb Code     0  entry10a.o(.ARM.Collect$$$$0000000D)
    __rt_final_exit                          0x080000d1   Thumb Code     0  entry11a.o(.ARM.Collect$$$$0000000F)
    Reset_Handler                            0x080000d5   Thumb Code     8  startup_stm32l053xx.o(.text)
    ADC1_COMP_IRQHandler                     0x080000e7   Thumb Code     0  startup_stm32l053xx.o(.text)
    DMA1_Channel1_IRQHandler                 0x080000e7   Thumb Code     0  startup_stm32l053xx.o(.text)
    DMA1_Channel2_3_IRQHandler               0x080000e7   Thumb Code     0  startup_stm32l053xx.o(.text)
    DMA1_Channel4_5_6_7_IRQHandler           0x080000e7   Thumb Code     0  startup_stm32l053xx.o(.text)
    EXTI2_3_IRQHandler                       0x080000e7   Thumb Code     0  startup_stm32l053xx.o(.text)
    FLASH_IRQHandler                         0x080000e7   Thumb Code     0  startup_stm32l053xx.o(.text)
    I2C1_IRQHandler                          0x080000e7   Thumb Code     0  startup_stm32l053xx.o(.text)
    I2C2_IRQHandler                          0x080000e7   Thumb Code     0  startup_stm32l053xx.o(.text)
    LCD_IRQHandler                           0x080000e7   Thumb Code     0  startup_stm32l053xx.o(.text)
    LPTIM1_IRQHandler                        0x080000e7   Thumb Code     0  startup_stm32l053xx.o(.text)
    PVD_IRQHandler                           0x080000e7   Thumb Code     0  startup_stm32l053xx.o(.text)
    RCC_CRS_IRQHandler                       0x080000e7   Thumb Code     0  startup_stm32l053xx.o(.text)
    RNG_LPUART1_IRQHandler                   0x080000e7   Thumb Code     0  startup_stm32l053xx.o(.text)
    RTC_IRQHandler                           0x080000e7   Thumb Code     0  startup_stm32l053xx.o(.text)
    SPI1_IRQHandler                          0x080000e7   Thumb Code     0  startup_stm32l053xx.o(.text)
    SPI2_IRQHandler                          0x080000e7   Thumb Code     0  startup_stm32l053xx.o(.text)
    TIM21_IRQHandler                         0x080000e7   Thumb Code     0  startup_stm32l053xx.o(.text)
    TIM22_IRQHandler                         0x080000e7   Thumb Code     0  startup_stm32l053xx.o(.text)
    TIM2_IRQHandler                          0x080000e7   Thumb Code     0  startup_stm32l053xx.o(.text)
    TIM6_DAC_IRQHandler                      0x080000e7   Thumb Code     0  startup_stm32l053xx.o(.text)
    TSC_IRQHandler                           0x080000e7   Thumb Code     0  startup_stm32l053xx.o(.text)
    USART1_IRQHandler                        0x080000e7   Thumb Code     0  startup_stm32l053xx.o(.text)
    USART2_IRQHandler                        0x080000e7   Thumb Code     0  startup_stm32l053xx.o(.text)
    USB_IRQHandler                           0x080000e7   Thumb Code     0  startup_stm32l053xx.o(.text)
    WWDG_IRQHandler                          0x080000e7   Thumb Code     0  startup_stm32l053xx.o(.text)
    __aeabi_uidiv                            0x080000f1   Thumb Code     0  uidiv.o(.text)
    __aeabi_uidivmod                         0x080000f1   Thumb Code    44  uidiv.o(.text)
    __aeabi_idiv                             0x0800011d   Thumb Code     0  idiv.o(.text)
    __aeabi_idivmod                          0x0800011d   Thumb Code    40  idiv.o(.text)
    ___aeabi_memcpy$ret                      0x08000145   Thumb Code    40  memcpy.o(.text)
    ___aeabi_memcpy4$ret                     0x08000145   Thumb Code     0  memcpy.o(.text)
    ___aeabi_memcpy8$ret                     0x08000145   Thumb Code     0  memcpy.o(.text)
    memcpy                                   0x08000145   Thumb Code     0  memcpy.o(.text)
    __aeabi_memset                           0x0800016d   Thumb Code    14  memseta.o(.text)
    __aeabi_memset4                          0x0800016d   Thumb Code     0  memseta.o(.text)
    __aeabi_memset8                          0x0800016d   Thumb Code     0  memseta.o(.text)
    __aeabi_memclr                           0x0800017b   Thumb Code     4  memseta.o(.text)
    __aeabi_memclr4                          0x0800017b   Thumb Code     0  memseta.o(.text)
    __aeabi_memclr8                          0x0800017b   Thumb Code     0  memseta.o(.text)
    memset                                   0x0800017f   Thumb Code    18  memseta.o(.text)
    strlen                                   0x08000191   Thumb Code    14  strlen.o(.text)
    __aeabi_uwrite4                          0x0800019f   Thumb Code    18  uwrite4.o(.text)
    __rt_uwrite4                             0x0800019f   Thumb Code     0  uwrite4.o(.text)
    _uwrite4                                 0x0800019f   Thumb Code     0  uwrite4.o(.text)
    __aeabi_fadd                             0x080001b1   Thumb Code   162  fadd.o(.text)
    __aeabi_fsub                             0x08000253   Thumb Code     8  fadd.o(.text)
    __aeabi_frsub                            0x0800025b   Thumb Code     8  fadd.o(.text)
    __aeabi_fmul                             0x08000263   Thumb Code   122  fmul.o(.text)
    __aeabi_fdiv                             0x080002dd   Thumb Code   124  fdiv.o(.text)
    __aeabi_dadd                             0x08000359   Thumb Code   328  dadd.o(.text)
    __aeabi_dsub                             0x080004a1   Thumb Code    12  dadd.o(.text)
    __aeabi_drsub                            0x080004ad   Thumb Code    12  dadd.o(.text)
    __aeabi_i2f                              0x080004bd   Thumb Code    22  fflti.o(.text)
    __aeabi_ui2f                             0x080004d3   Thumb Code    14  ffltui.o(.text)
    __aeabi_f2iz                             0x080004e1   Thumb Code    50  ffixi.o(.text)
    __aeabi_f2uiz                            0x08000513   Thumb Code    40  ffixui.o(.text)
    __aeabi_d2iz                             0x0800053d   Thumb Code    62  dfixi.o(.text)
    __aeabi_f2d                              0x08000585   Thumb Code    40  f2d.o(.text)
    __aeabi_cfcmpeq                          0x080005ad   Thumb Code     0  cfcmple.o(.text)
    __aeabi_cfcmple                          0x080005ad   Thumb Code    20  cfcmple.o(.text)
    __aeabi_cfrcmple                         0x080005c1   Thumb Code    20  cfrcmple.o(.text)
    __aeabi_llsl                             0x080005d5   Thumb Code    32  llshl.o(.text)
    _ll_shift_l                              0x080005d5   Thumb Code     0  llshl.o(.text)
    __aeabi_llsr                             0x080005f5   Thumb Code    34  llushr.o(.text)
    _ll_ushift_r                             0x080005f5   Thumb Code     0  llushr.o(.text)
    __aeabi_lasr                             0x08000617   Thumb Code    38  llsshr.o(.text)
    _ll_sshift_r                             0x08000617   Thumb Code     0  llsshr.o(.text)
    __I$use$fp                               0x0800063d   Thumb Code     0  iusefp.o(.text)
    _float_round                             0x0800063d   Thumb Code    16  fepilogue.o(.text)
    _float_epilogue                          0x0800064d   Thumb Code   114  fepilogue.o(.text)
    _double_round                            0x080006bf   Thumb Code    26  depilogue.o(.text)
    _double_epilogue                         0x080006d9   Thumb Code   164  depilogue.o(.text)
    __scatterload                            0x0800077d   Thumb Code    28  init.o(.text)
    __scatterload_rt2                        0x0800077d   Thumb Code     0  init.o(.text)
    __I$use$semihosting$fputc                0x080007a1   Thumb Code     0  iusesemip.o(.text)
    __decompress                             0x080007a1   Thumb Code     0  __dczerorl2.o(.text)
    __decompress1                            0x080007a1   Thumb Code    86  __dczerorl2.o(.text)
    __semihosting_library_function           0x080007a1   Thumb Code     0  semi.o(.text)
    Add_Environmental_Sensor_Service         0x080007f9   Thumb Code   312  sensor_service.o(i.Add_Environmental_Sensor_Service)
    Add_LED_Service                          0x08000941   Thumb Code   226  sensor_service.o(i.Add_LED_Service)
    Attribute_Modified_CB                    0x08000a2d   Thumb Code    52  sensor_service.o(i.Attribute_Modified_CB)
    BNRG_SPI_Init                            0x08000a69   Thumb Code    56  stm32_bluenrg_ble.o(i.BNRG_SPI_Init)
    BSP_LED_Init                             0x08000b45   Thumb Code    92  stm32l0xx_nucleo.o(i.BSP_LED_Init)
    BSP_LED_Off                              0x08000bad   Thumb Code    24  stm32l0xx_nucleo.o(i.BSP_LED_Off)
    BSP_LED_On                               0x08000bcd   Thumb Code    24  stm32l0xx_nucleo.o(i.BSP_LED_On)
    BSP_TEMPERATURE_Get_Temp                 0x08000db9   Thumb Code    56  x_nucleo_iks01a1_temperature.o(i.BSP_TEMPERATURE_Get_Temp)
    BSP_TEMPERATURE_Init                     0x08000df1   Thumb Code   140  x_nucleo_iks01a1_temperature.o(i.BSP_TEMPERATURE_Init)
    BSP_TEMPERATURE_IsInitialized            0x08000e7d   Thumb Code    28  x_nucleo_iks01a1_temperature.o(i.BSP_TEMPERATURE_IsInitialized)
    BSP_TEMPERATURE_Sensor_Enable            0x08000e99   Thumb Code    44  x_nucleo_iks01a1_temperature.o(i.BSP_TEMPERATURE_Sensor_Enable)
    BlueNRG_DataPresent                      0x08000ec5   Thumb Code    22  stm32_bluenrg_ble.o(i.BlueNRG_DataPresent)
    BlueNRG_RST                              0x08000edb   Thumb Code    42  stm32_bluenrg_ble.o(i.BlueNRG_RST)
    BlueNRG_SPI_Read_All                     0x08000f05   Thumb Code   150  stm32_bluenrg_ble.o(i.BlueNRG_SPI_Read_All)
    BlueNRG_SPI_Write                        0x08000fa5   Thumb Code   180  stm32_bluenrg_ble.o(i.BlueNRG_SPI_Write)
    Clear_SPI_EXTI_Flag                      0x08001069   Thumb Code     8  stm32_bluenrg_ble.o(i.Clear_SPI_EXTI_Flag)
    Clock_Time                               0x08001075   Thumb Code     8  clock.o(i.Clock_Time)
    Disable_SPI_IRQ                          0x0800107d   Thumb Code    10  stm32_bluenrg_ble.o(i.Disable_SPI_IRQ)
    EXTI0_1_IRQHandler                       0x08001087   Thumb Code    10  stm32xx_it.o(i.EXTI0_1_IRQHandler)
    EXTI4_15_IRQHandler                      0x08001091   Thumb Code    18  stm32xx_it.o(i.EXTI4_15_IRQHandler)
    Enable_SPI_IRQ                           0x080010a9   Thumb Code    10  stm32_bluenrg_ble.o(i.Enable_SPI_IRQ)
    GAP_ConnectionComplete_CB                0x080010b5   Thumb Code    24  sensor_service.o(i.GAP_ConnectionComplete_CB)
    GAP_DisconnectionComplete_CB             0x080010d5   Thumb Code    20  sensor_service.o(i.GAP_DisconnectionComplete_CB)
    HAL_Delay                                0x080010f5   Thumb Code    26  stm32l0xx_hal.o(i.HAL_Delay)
    HAL_GPIO_EXTI_Callback                   0x0800110f   Thumb Code    10  bluenrg_interface.o(i.HAL_GPIO_EXTI_Callback)
    HAL_GPIO_EXTI_IRQHandler                 0x08001119   Thumb Code    26  stm32l0xx_hal_gpio.o(i.HAL_GPIO_EXTI_IRQHandler)
    HAL_GPIO_Init                            0x08001139   Thumb Code   462  stm32l0xx_hal_gpio.o(i.HAL_GPIO_Init)
    HAL_GPIO_ReadPin                         0x08001325   Thumb Code    18  stm32l0xx_hal_gpio.o(i.HAL_GPIO_ReadPin)
    HAL_GPIO_WritePin                        0x08001337   Thumb Code    12  stm32l0xx_hal_gpio.o(i.HAL_GPIO_WritePin)
    HAL_GetTick                              0x08001345   Thumb Code     6  stm32l0xx_hal.o(i.HAL_GetTick)
    HAL_I2C_DeInit                           0x08001351   Thumb Code    58  stm32l0xx_hal_i2c.o(i.HAL_I2C_DeInit)
    HAL_I2C_GetState                         0x0800138b   Thumb Code     8  stm32l0xx_hal_i2c.o(i.HAL_I2C_GetState)
    HAL_I2C_Init                             0x08001395   Thumb Code   190  stm32l0xx_hal_i2c.o(i.HAL_I2C_Init)
    HAL_I2C_Mem_Read                         0x08001459   Thumb Code   384  stm32l0xx_hal_i2c.o(i.HAL_I2C_Mem_Read)
    HAL_I2C_Mem_Write                        0x080015dd   Thumb Code   386  stm32l0xx_hal_i2c.o(i.HAL_I2C_Mem_Write)
    HAL_I2C_MspDeInit                        0x08001765   Thumb Code     2  stm32l0xx_hal_i2c.o(i.HAL_I2C_MspDeInit)
    HAL_I2C_MspInit                          0x08001767   Thumb Code     2  stm32l0xx_hal_i2c.o(i.HAL_I2C_MspInit)
    HAL_IncTick                              0x08001769   Thumb Code    12  stm32l0xx_hal.o(i.HAL_IncTick)
    HAL_Init                                 0x08001779   Thumb Code    28  stm32l0xx_hal.o(i.HAL_Init)
    HAL_InitTick                             0x08001799   Thumb Code    38  stm32l0xx_hal.o(i.HAL_InitTick)
    HAL_MspInit                              0x080017bf   Thumb Code     2  stm32l0xx_hal.o(i.HAL_MspInit)
    HAL_NVIC_DisableIRQ                      0x080017c1   Thumb Code    18  stm32l0xx_hal_cortex.o(i.HAL_NVIC_DisableIRQ)
    HAL_NVIC_EnableIRQ                       0x080017d9   Thumb Code    18  stm32l0xx_hal_cortex.o(i.HAL_NVIC_EnableIRQ)
    HAL_NVIC_SetPriority                     0x080017f1   Thumb Code    18  stm32l0xx_hal_cortex.o(i.HAL_NVIC_SetPriority)
    HAL_RCC_ClockConfig                      0x08001805   Thumb Code   458  stm32l0xx_hal_rcc.o(i.HAL_RCC_ClockConfig)
    HAL_RCC_GetHCLKFreq                      0x080019dd   Thumb Code    32  stm32l0xx_hal_rcc.o(i.HAL_RCC_GetHCLKFreq)
    HAL_RCC_GetSysClockFreq                  0x08001a09   Thumb Code   214  stm32l0xx_hal_rcc.o(i.HAL_RCC_GetSysClockFreq)
    HAL_RCC_OscConfig                        0x08001af5   Thumb Code  1650  stm32l0xx_hal_rcc.o(i.HAL_RCC_OscConfig)
    HAL_SPI_Init                             0x08002175   Thumb Code   142  stm32l0xx_hal_spi.o(i.HAL_SPI_Init)
    HAL_SPI_MspInit                          0x08002205   Thumb Code   414  stm32l0xx_hal_msp.o(i.HAL_SPI_MspInit)
    HAL_SPI_TransmitReceive                  0x080023b5   Thumb Code   894  stm32l0xx_hal_spi.o(i.HAL_SPI_TransmitReceive)
    HAL_SYSTICK_Config                       0x08002735   Thumb Code    46  stm32l0xx_hal_cortex.o(i.HAL_SYSTICK_Config)
    HCI_Event_CB                             0x0800276d   Thumb Code   180  sensor_service.o(i.HCI_Event_CB)
    HCI_Init                                 0x08002829   Thumb Code    42  hci.o(i.HCI_Init)
    HCI_Isr                                  0x08002861   Thumb Code   116  hci.o(i.HCI_Isr)
    HCI_Process                              0x080028e1   Thumb Code    74  hci.o(i.HCI_Process)
    HCI_Queue_Empty                          0x08002935   Thumb Code    10  hci.o(i.HCI_Queue_Empty)
    HCI_verify                               0x08002945   Thumb Code    36  hci.o(i.HCI_verify)
    HTS221_Activate                          0x08002969   Thumb Code    58  hts221_driver.o(i.HTS221_Activate)
    HTS221_DeActivate                        0x080029cb   Thumb Code    58  hts221_driver.o(i.HTS221_DeActivate)
    HTS221_Get_DataStatus                    0x08002a05   Thumb Code    54  hts221_driver.o(i.HTS221_Get_DataStatus)
    HTS221_Get_DeviceID                      0x08002a3b   Thumb Code    30  hts221_driver.o(i.HTS221_Get_DeviceID)
    HTS221_Get_Humidity                      0x08002a8d   Thumb Code   254  hts221_driver.o(i.HTS221_Get_Humidity)
    HTS221_Get_Odr                           0x08002bf5   Thumb Code    46  hts221_driver.o(i.HTS221_Get_Odr)
    HTS221_Get_Temperature                   0x08002c59   Thumb Code   254  hts221_driver.o(i.HTS221_Get_Temperature)
    HTS221_ReadReg                           0x08002f3d   Thumb Code    42  hts221_driver.o(i.HTS221_ReadReg)
    HTS221_Set_BduMode                       0x08002fad   Thumb Code    90  hts221_driver.o(i.HTS221_Set_BduMode)
    HTS221_Set_Odr                           0x080030cd   Thumb Code    94  hts221_driver.o(i.HTS221_Set_Odr)
    HTS221_WriteReg                          0x080032fd   Thumb Code    42  hts221_driver.o(i.HTS221_WriteReg)
    HTS221_assert_failed                     0x08003345   Thumb Code    18  hts221_driver.o(i.HTS221_assert_failed)
    Hal_Write_Serial                         0x08003389   Thumb Code    72  stm32_bluenrg_ble.o(i.Hal_Write_Serial)
    HardFault_Handler                        0x080033d9   Thumb Code     4  stm32xx_it.o(i.HardFault_Handler)
    LPS22HB_Get_DataStatus                   0x08003b6f   Thumb Code    74  lps22hb_driver.o(i.LPS22HB_Get_DataStatus)
    LPS22HB_Get_DeviceID                     0x08003bb9   Thumb Code    30  lps22hb_driver.o(i.LPS22HB_Get_DeviceID)
    LPS22HB_Get_FifoMode                     0x08003bd7   Thumb Code    46  lps22hb_driver.o(i.LPS22HB_Get_FifoMode)
    LPS22HB_Get_FifoStatus                   0x08003c05   Thumb Code    96  lps22hb_driver.o(i.LPS22HB_Get_FifoStatus)
    LPS22HB_Get_FifoWatermarkLevel           0x08003c65   Thumb Code    38  lps22hb_driver.o(i.LPS22HB_Get_FifoWatermarkLevel)
    LPS22HB_Get_Odr                          0x08003d0d   Thumb Code    40  lps22hb_driver.o(i.LPS22HB_Get_Odr)
    LPS22HB_Get_Pressure                     0x08003d65   Thumb Code    44  lps22hb_driver.o(i.LPS22HB_Get_Pressure)
    LPS22HB_Get_RawPressure                  0x08003d91   Thumb Code    72  lps22hb_driver.o(i.LPS22HB_Get_RawPressure)
    LPS22HB_Get_RawTemperature               0x08003dd9   Thumb Code    48  lps22hb_driver.o(i.LPS22HB_Get_RawTemperature)
    LPS22HB_Get_Temperature                  0x08003e3d   Thumb Code    48  lps22hb_driver.o(i.LPS22HB_Get_Temperature)
    LPS22HB_ReadReg                          0x080040a3   Thumb Code    50  lps22hb_driver.o(i.LPS22HB_ReadReg)
    LPS22HB_Sensor_IO_ITConfig               0x080040f5   Thumb Code    80  x_nucleo_iks01a1.o(i.LPS22HB_Sensor_IO_ITConfig)
    LPS22HB_Set_AutomaticIncrementRegAddress 0x0800414d   Thumb Code    72  lps22hb_driver.o(i.LPS22HB_Set_AutomaticIncrementRegAddress)
    LPS22HB_Set_Bdu                          0x08004195   Thumb Code    68  lps22hb_driver.o(i.LPS22HB_Set_Bdu)
    LPS22HB_Set_FIFO_FTH_Interrupt           0x080041d9   Thumb Code    72  lps22hb_driver.o(i.LPS22HB_Set_FIFO_FTH_Interrupt)
    LPS22HB_Set_FIFO_FULL_Interrupt          0x08004221   Thumb Code    72  lps22hb_driver.o(i.LPS22HB_Set_FIFO_FULL_Interrupt)
    LPS22HB_Set_FIFO_OVR_Interrupt           0x08004269   Thumb Code    72  lps22hb_driver.o(i.LPS22HB_Set_FIFO_OVR_Interrupt)
    LPS22HB_Set_FifoMode                     0x080042b1   Thumb Code    68  lps22hb_driver.o(i.LPS22HB_Set_FifoMode)
    LPS22HB_Set_FifoModeUse                  0x080042f5   Thumb Code    72  lps22hb_driver.o(i.LPS22HB_Set_FifoModeUse)
    LPS22HB_Set_FifoWatermarkLevel           0x0800433d   Thumb Code    68  lps22hb_driver.o(i.LPS22HB_Set_FifoWatermarkLevel)
    LPS22HB_Set_FifoWatermarkLevelUse        0x08004381   Thumb Code    72  lps22hb_driver.o(i.LPS22HB_Set_FifoWatermarkLevelUse)
    LPS22HB_Set_LowPassFilter                0x080043c9   Thumb Code    72  lps22hb_driver.o(i.LPS22HB_Set_LowPassFilter)
    LPS22HB_Set_LowPassFilterCutoff          0x08004411   Thumb Code    68  lps22hb_driver.o(i.LPS22HB_Set_LowPassFilterCutoff)
    LPS22HB_Set_Odr                          0x080045c1   Thumb Code    68  lps22hb_driver.o(i.LPS22HB_Set_Odr)
    LPS22HB_Set_PowerMode                    0x08004605   Thumb Code    68  lps22hb_driver.o(i.LPS22HB_Set_PowerMode)
    LPS22HB_WriteReg                         0x080047f3   Thumb Code    50  lps22hb_driver.o(i.LPS22HB_WriteReg)
    LPS25HB_Activate                         0x08004841   Thumb Code    24  lps25hb_driver.o(i.LPS25HB_Activate)
    LPS25HB_DeActivate                       0x08004881   Thumb Code    24  lps25hb_driver.o(i.LPS25HB_DeActivate)
    LPS25HB_Get_DataStatus                   0x08004899   Thumb Code    76  lps25hb_driver.o(i.LPS25HB_Get_DataStatus)
    LPS25HB_Get_DeviceID                     0x080048e5   Thumb Code    30  lps25hb_driver.o(i.LPS25HB_Get_DeviceID)
    LPS25HB_Get_Odr                          0x08004975   Thumb Code    40  lps25hb_driver.o(i.LPS25HB_Get_Odr)
    LPS25HB_Get_Pressure                     0x080049cd   Thumb Code    44  lps25hb_driver.o(i.LPS25HB_Get_Pressure)
    LPS25HB_Get_RawPressure                  0x080049f9   Thumb Code    72  lps25hb_driver.o(i.LPS25HB_Get_RawPressure)
    LPS25HB_Get_RawTemperature               0x08004a41   Thumb Code    48  lps25hb_driver.o(i.LPS25HB_Get_RawTemperature)
    LPS25HB_Get_Temperature                  0x08004aa5   Thumb Code    46  lps25hb_driver.o(i.LPS25HB_Get_Temperature)
    LPS25HB_ReadReg                          0x08004cc7   Thumb Code    42  lps25hb_driver.o(i.LPS25HB_ReadReg)
    LPS25HB_Set_Avg                          0x08004d39   Thumb Code   128  lps25hb_driver.o(i.LPS25HB_Set_Avg)
    LPS25HB_Set_Bdu                          0x08004dbd   Thumb Code    88  lps25hb_driver.o(i.LPS25HB_Set_Bdu)
    LPS25HB_Set_InterruptCircuitEnable       0x08004e19   Thumb Code    92  lps25hb_driver.o(i.LPS25HB_Set_InterruptCircuitEnable)
    LPS25HB_Set_Odr                          0x08004f09   Thumb Code   100  lps25hb_driver.o(i.LPS25HB_Set_Odr)
    LPS25HB_Set_PowerDownMode                0x08004f71   Thumb Code    92  lps25hb_driver.o(i.LPS25HB_Set_PowerDownMode)
    LPS25HB_Set_SpiInterface                 0x08004fd1   Thumb Code    88  lps25hb_driver.o(i.LPS25HB_Set_SpiInterface)
    LPS25HB_WriteReg                         0x080051a1   Thumb Code    42  lps25hb_driver.o(i.LPS25HB_WriteReg)
    LPS25HB_assert_failed                    0x080051e9   Thumb Code    18  lps25hb_driver.o(i.LPS25HB_assert_failed)
    NMI_Handler                              0x08005229   Thumb Code     2  stm32xx_it.o(i.NMI_Handler)
    Osal_MemCpy                              0x080052a5   Thumb Code    20  osal.o(i.Osal_MemCpy)
    Osal_MemSet                              0x080052b9   Thumb Code    20  osal.o(i.Osal_MemSet)
    PendSV_Handler                           0x080052cd   Thumb Code     2  stm32xx_it.o(i.PendSV_Handler)
    Read_Request_CB                          0x080052d1   Thumb Code    54  sensor_service.o(i.Read_Request_CB)
    SVC_Handler                              0x08005429   Thumb Code     2  stm32xx_it.o(i.SVC_Handler)
    Sensor_IO_Init                           0x0800542b   Thumb Code    18  x_nucleo_iks01a1.o(i.Sensor_IO_Init)
    Sensor_IO_Read                           0x0800543d   Thumb Code    38  x_nucleo_iks01a1.o(i.Sensor_IO_Read)
    Sensor_IO_Write                          0x08005463   Thumb Code    38  x_nucleo_iks01a1.o(i.Sensor_IO_Write)
    SysTick_Handler                          0x08005489   Thumb Code    18  stm32xx_it.o(i.SysTick_Handler)
    SystemClock_Config                       0x080054a1   Thumb Code   112  cube_hal_l0.o(i.SystemClock_Config)
    SystemInit                               0x08005519   Thumb Code    88  system_stm32l0xx.o(i.SystemInit)
    Temp_Update                              0x08005581   Thumb Code    38  sensor_service.o(i.Temp_Update)
    Timer_Expired                            0x08005611   Thumb Code    28  gp_timer.o(i.Timer_Expired)
    Timer_Set                                0x0800562d   Thumb Code    16  gp_timer.o(i.Timer_Set)
    User_Process                             0x0800563d   Thumb Code    22  main.o(i.User_Process)
    __0printf$3                              0x08005659   Thumb Code    24  printf3.o(i.__0printf$3)
    __1printf$3                              0x08005659   Thumb Code     0  printf3.o(i.__0printf$3)
    __2printf                                0x08005659   Thumb Code     0  printf3.o(i.__0printf$3)
    __ARM_clz                                0x08005679   Thumb Code    46  depilogue.o(i.__ARM_clz)
    __ARM_common_switch8                     0x080056a7   Thumb Code    28  x_nucleo_iks01a1_temperature.o(i.__ARM_common_switch8)
    __scatterload_copy                       0x080056c9   Thumb Code    14  handlers.o(i.__scatterload_copy)
    __scatterload_null                       0x080056d7   Thumb Code     2  handlers.o(i.__scatterload_null)
    __scatterload_zeroinit                   0x080056d9   Thumb Code    14  handlers.o(i.__scatterload_zeroinit)
    aci_gap_init_IDB04A1                     0x080058b9   Thumb Code   132  bluenrg_gap_aci.o(i.aci_gap_init_IDB04A1)
    aci_gap_init_IDB05A1                     0x0800593d   Thumb Code   140  bluenrg_gap_aci.o(i.aci_gap_init_IDB05A1)
    aci_gap_set_auth_requirement             0x080059c9   Thumb Code   128  bluenrg_gap_aci.o(i.aci_gap_set_auth_requirement)
    aci_gap_set_discoverable                 0x08005a49   Thumb Code   252  bluenrg_gap_aci.o(i.aci_gap_set_discoverable)
    aci_gatt_add_char                        0x08005b45   Thumb Code   208  bluenrg_gatt_aci.o(i.aci_gatt_add_char)
    aci_gatt_add_char_desc                   0x08005c15   Thumb Code   266  bluenrg_gatt_aci.o(i.aci_gatt_add_char_desc)
    aci_gatt_add_serv                        0x08005d1f   Thumb Code   156  bluenrg_gatt_aci.o(i.aci_gatt_add_serv)
    aci_gatt_allow_read                      0x08005dbb   Thumb Code    70  bluenrg_gatt_aci.o(i.aci_gatt_allow_read)
    aci_gatt_init                            0x08005e01   Thumb Code    56  bluenrg_gatt_aci.o(i.aci_gatt_init)
    aci_gatt_update_char_value               0x08005e39   Thumb Code   170  bluenrg_gatt_aci.o(i.aci_gatt_update_char_value)
    aci_hal_set_tx_power_level               0x08005ee3   Thumb Code    74  bluenrg_hal_aci.o(i.aci_hal_set_tx_power_level)
    aci_hal_write_config_data                0x08005f2d   Thumb Code   112  bluenrg_hal_aci.o(i.aci_hal_write_config_data)
    enableAllSensors                         0x08005f9d   Thumb Code    12  sensor_service.o(i.enableAllSensors)
    fputc                                    0x08005fad   Thumb Code    18  fputc.o(i.fputc)
    getBlueNRGVersion                        0x08005ff5   Thumb Code    88  bluenrg_utils_small.o(i.getBlueNRGVersion)
    hci_le_read_local_version                0x0800604d   Thumb Code   136  hci.o(i.hci_le_read_local_version)
    hci_le_set_scan_resp_data                0x080060d5   Thumb Code   104  hci.o(i.hci_le_set_scan_resp_data)
    hci_send_cmd                             0x0800613d   Thumb Code    54  hci.o(i.hci_send_cmd)
    hci_send_req                             0x08006175   Thumb Code   464  hci.o(i.hci_send_req)
    hci_write                                0x08006351   Thumb Code    24  hci.o(i.hci_write)
    initializeAllSensors                     0x08006369   Thumb Code    12  sensor_service.o(i.initializeAllSensors)
    list_get_size                            0x08006379   Thumb Code    36  ble_list.o(i.list_get_size)
    list_init_head                           0x0800639d   Thumb Code     6  ble_list.o(i.list_init_head)
    list_insert_head                         0x080063a3   Thumb Code    34  ble_list.o(i.list_insert_head)
    list_insert_tail                         0x080063c5   Thumb Code    34  ble_list.o(i.list_insert_tail)
    list_is_empty                            0x080063e7   Thumb Code    34  ble_list.o(i.list_is_empty)
    list_remove_head                         0x08006409   Thumb Code    42  ble_list.o(i.list_remove_head)
    list_remove_node                         0x08006433   Thumb Code    32  ble_list.o(i.list_remove_node)
    list_remove_tail                         0x08006453   Thumb Code    42  ble_list.o(i.list_remove_tail)
    main                                     0x0800647d   Thumb Code   238  main.o(i.main)
    setConnectable                           0x080065a9   Thumb Code    58  sensor_service.o(i.setConnectable)
    set_irq_as_input                         0x080065ed   Thumb Code    52  stm32_bluenrg_ble.o(i.set_irq_as_input)
    set_irq_as_output                        0x08006625   Thumb Code    44  stm32_bluenrg_ble.o(i.set_irq_as_output)
    CLOCK_SECOND                             0x0800666c   Data           4  clock.o(.constdata)
    LED_PIN                                  0x08006670   Data           2  stm32l0xx_nucleo.o(.constdata)
    BUTTON_PIN                               0x08006672   Data           2  stm32l0xx_nucleo.o(.constdata)
    BUTTON_IRQn                              0x08006674   Data           1  stm32l0xx_nucleo.o(.constdata)
    AHBPrescTable                            0x08006675   Data          16  system_stm32l0xx.o(.constdata)
    PLLMulTable                              0x08006685   Data           9  system_stm32l0xx.o(.constdata)
    Region$$Table$$Base                      0x080066e4   Number         0  anon$$obj.o(Region$$Table)
    Region$$Table$$Limit                     0x08006704   Number         0  anon$$obj.o(Region$$Table)
    ms_counter                               0x20000000   Data           4  stm32xx_it.o(.data)
    button_event                             0x20000004   Data           1  stm32xx_it.o(.data)
    bnrg_expansion_board                     0x20000005   Data           1  main.o(.data)
    connected                                0x20000008   Data           4  sensor_service.o(.data)
    set_connectable                          0x2000000c   Data           1  sensor_service.o(.data)
    connection_handle                        0x2000000e   Data           2  sensor_service.o(.data)
    notification_enabled                     0x20000010   Data           1  sensor_service.o(.data)
    accServHandle                            0x20000012   Data           2  sensor_service.o(.data)
    accCharHandle                            0x20000014   Data           2  sensor_service.o(.data)
    envSensServHandle                        0x20000016   Data           2  sensor_service.o(.data)
    tempCharHandle                           0x20000018   Data           2  sensor_service.o(.data)
    pressCharHandle                          0x2000001a   Data           2  sensor_service.o(.data)
    humidityCharHandle                       0x2000001c   Data           2  sensor_service.o(.data)
    TEMPERATURE_handle                       0x20000020   Data           4  sensor_service.o(.data)
    ledServHandle                            0x20000024   Data           2  sensor_service.o(.data)
    ledCharHandle                            0x20000026   Data           2  sensor_service.o(.data)
    accState                                 0x20000028   Data           1  sensor_service.o(.data)
    ledState                                 0x20000029   Data           1  sensor_service.o(.data)
    LED_PORT                                 0x2000002c   Data           4  stm32l0xx_nucleo.o(.data)
    BUTTON_PORT                              0x20000030   Data           4  stm32l0xx_nucleo.o(.data)
    SpixTimeout                              0x20000034   Data           4  stm32l0xx_nucleo.o(.data)
    SystemCoreClock                          0x20000040   Data           4  system_stm32l0xx.o(.data)
    hciReadPktPool                           0x20000048   Data           8  hci.o(.data)
    hciReadPktRxQueue                        0x20000050   Data           8  hci.o(.data)
    HTS221_H_Drv                             0x20000070   Data          52  hts221_driver_hl.o(.data)
    HTS221_T_Drv                             0x200000a4   Data          52  hts221_driver_hl.o(.data)
    HTS221_Combo_Data                        0x200000d8   Data           4  hts221_driver_hl.o(.data)
    LPS25HB_P_Drv                            0x200000dc   Data          52  lps25hb_driver_hl.o(.data)
    LPS25HB_T_Drv                            0x20000110   Data          52  lps25hb_driver_hl.o(.data)
    LPS25HB_Combo_Data                       0x20000144   Data           8  lps25hb_driver_hl.o(.data)
    LPS22HB_P_Drv                            0x2000014c   Data          52  lps22hb_driver_hl.o(.data)
    LPS22HB_T_Drv                            0x20000180   Data          52  lps22hb_driver_hl.o(.data)
    LPS22HB_P_ExtDrv                         0x200001b4   Data          60  lps22hb_driver_hl.o(.data)
    LPS22HB_T_ExtDrv                         0x200001f0   Data          60  lps22hb_driver_hl.o(.data)
    LPS22HB_Combo_Data                       0x2000022c   Data           8  lps22hb_driver_hl.o(.data)
    __stdout                                 0x20000234   Data           4  stdout.o(.data)
    SpiHandle                                0x20000238   Data          88  stm32_bluenrg_ble.o(.bss)
    __initial_sp                             0x200009f8   Data           0  startup_stm32l053xx.o(STACK)



==============================================================================

Memory Map of the image

  Image Entry point : 0x080000c1

  Load Region LR_IROM1 (Base: 0x08000000, Size: 0x0000693c, Max: 0x00010000, ABSOLUTE, COMPRESSED[0x00006844])

    Execution Region ER_IROM1 (Exec base: 0x08000000, Load base: 0x08000000, Size: 0x00006704, Max: 0x00010000, ABSOLUTE)

    Exec Addr    Load Addr    Size         Type   Attr      Idx    E Section Name        Object

    0x08000000   0x08000000   0x000000c0   Data   RO            3    RESET               startup_stm32l053xx.o
    0x080000c0   0x080000c0   0x00000000   Code   RO        13946  * .ARM.Collect$$$$00000000  mc_p.l(entry.o)
    0x080000c0   0x080000c0   0x00000004   Code   RO        14256    .ARM.Collect$$$$00000001  mc_p.l(entry2.o)
    0x080000c4   0x080000c4   0x00000004   Code   RO        14259    .ARM.Collect$$$$00000004  mc_p.l(entry5.o)
    0x080000c8   0x080000c8   0x00000000   Code   RO        14261    .ARM.Collect$$$$00000008  mc_p.l(entry7b.o)
    0x080000c8   0x080000c8   0x00000000   Code   RO        14263    .ARM.Collect$$$$0000000A  mc_p.l(entry8b.o)
    0x080000c8   0x080000c8   0x00000008   Code   RO        14264    .ARM.Collect$$$$0000000B  mc_p.l(entry9a.o)
    0x080000d0   0x080000d0   0x00000000   Code   RO        14266    .ARM.Collect$$$$0000000D  mc_p.l(entry10a.o)
    0x080000d0   0x080000d0   0x00000000   Code   RO        14268    .ARM.Collect$$$$0000000F  mc_p.l(entry11a.o)
    0x080000d0   0x080000d0   0x00000004   Code   RO        14257    .ARM.Collect$$$$00002712  mc_p.l(entry2.o)
    0x080000d4   0x080000d4   0x0000001c   Code   RO            4    .text               startup_stm32l053xx.o
    0x080000f0   0x080000f0   0x0000002c   Code   RO        13949    .text               mc_p.l(uidiv.o)
    0x0800011c   0x0800011c   0x00000028   Code   RO        13951    .text               mc_p.l(idiv.o)
    0x08000144   0x08000144   0x00000028   Code   RO        13957    .text               mc_p.l(memcpy.o)
    0x0800016c   0x0800016c   0x00000024   Code   RO        13961    .text               mc_p.l(memseta.o)
    0x08000190   0x08000190   0x0000000e   Code   RO        13963    .text               mc_p.l(strlen.o)
    0x0800019e   0x0800019e   0x00000012   Code   RO        14230    .text               mc_p.l(uwrite4.o)
    0x080001b0   0x080001b0   0x000000b2   Code   RO        14232    .text               mf_p.l(fadd.o)
    0x08000262   0x08000262   0x0000007a   Code   RO        14234    .text               mf_p.l(fmul.o)
    0x080002dc   0x080002dc   0x0000007c   Code   RO        14236    .text               mf_p.l(fdiv.o)
    0x08000358   0x08000358   0x00000164   Code   RO        14238    .text               mf_p.l(dadd.o)
    0x080004bc   0x080004bc   0x00000016   Code   RO        14240    .text               mf_p.l(fflti.o)
    0x080004d2   0x080004d2   0x0000000e   Code   RO        14242    .text               mf_p.l(ffltui.o)
    0x080004e0   0x080004e0   0x00000032   Code   RO        14244    .text               mf_p.l(ffixi.o)
    0x08000512   0x08000512   0x00000028   Code   RO        14246    .text               mf_p.l(ffixui.o)
    0x0800053a   0x0800053a   0x00000002   PAD
    0x0800053c   0x0800053c   0x00000048   Code   RO        14248    .text               mf_p.l(dfixi.o)
    0x08000584   0x08000584   0x00000028   Code   RO        14250    .text               mf_p.l(f2d.o)
    0x080005ac   0x080005ac   0x00000014   Code   RO        14252    .text               mf_p.l(cfcmple.o)
    0x080005c0   0x080005c0   0x00000014   Code   RO        14254    .text               mf_p.l(cfrcmple.o)
    0x080005d4   0x080005d4   0x00000020   Code   RO        14275    .text               mc_p.l(llshl.o)
    0x080005f4   0x080005f4   0x00000022   Code   RO        14277    .text               mc_p.l(llushr.o)
    0x08000616   0x08000616   0x00000026   Code   RO        14279    .text               mc_p.l(llsshr.o)
    0x0800063c   0x0800063c   0x00000000   Code   RO        14281    .text               mc_p.l(iusefp.o)
    0x0800063c   0x0800063c   0x00000082   Code   RO        14282    .text               mf_p.l(fepilogue.o)
    0x080006be   0x080006be   0x000000be   Code   RO        14284    .text               mf_p.l(depilogue.o)
    0x0800077c   0x0800077c   0x00000024   Code   RO        14296    .text               mc_p.l(init.o)
    0x080007a0   0x080007a0   0x00000000   Code   RO        14298    .text               mc_p.l(semi.o)
    0x080007a0   0x080007a0   0x00000000   Code   RO        14299    .text               mc_p.l(iusesemip.o)
    0x080007a0   0x080007a0   0x00000056   Code   RO        14308    .text               mc_p.l(__dczerorl2.o)
    0x080007f6   0x080007f6   0x00000002   PAD
    0x080007f8   0x080007f8   0x00000148   Code   RO          391    i.Add_Environmental_Sensor_Service  sensor_service.o
    0x08000940   0x08000940   0x000000ec   Code   RO          392    i.Add_LED_Service   sensor_service.o
    0x08000a2c   0x08000a2c   0x0000003c   Code   RO          393    i.Attribute_Modified_CB  sensor_service.o
    0x08000a68   0x08000a68   0x00000040   Code   RO          828    i.BNRG_SPI_Init     stm32_bluenrg_ble.o
    0x08000aa8   0x08000aa8   0x0000009c   Code   RO         5260    i.BSP_HTS221_TEMPERATURE_Init  x_nucleo_iks01a1_temperature.o
    0x08000b44   0x08000b44   0x00000068   Code   RO          663    i.BSP_LED_Init      stm32l0xx_nucleo.o
    0x08000bac   0x08000bac   0x00000020   Code   RO          664    i.BSP_LED_Off       stm32l0xx_nucleo.o
    0x08000bcc   0x08000bcc   0x00000020   Code   RO          665    i.BSP_LED_On        stm32l0xx_nucleo.o
    0x08000bec   0x08000bec   0x000000b8   Code   RO         5261    i.BSP_LPS22HB_TEMPERATURE_Init  x_nucleo_iks01a1_temperature.o
    0x08000ca4   0x08000ca4   0x00000114   Code   RO         5262    i.BSP_LPS25HB_TEMPERATURE_Init  x_nucleo_iks01a1_temperature.o
    0x08000db8   0x08000db8   0x00000038   Code   RO         5279    i.BSP_TEMPERATURE_Get_Temp  x_nucleo_iks01a1_temperature.o
    0x08000df0   0x08000df0   0x0000008c   Code   RO         5281    i.BSP_TEMPERATURE_Init  x_nucleo_iks01a1_temperature.o
    0x08000e7c   0x08000e7c   0x0000001c   Code   RO         5284    i.BSP_TEMPERATURE_IsInitialized  x_nucleo_iks01a1_temperature.o
    0x08000e98   0x08000e98   0x0000002c   Code   RO         5287    i.BSP_TEMPERATURE_Sensor_Enable  x_nucleo_iks01a1_temperature.o
    0x08000ec4   0x08000ec4   0x00000016   Code   RO          829    i.BlueNRG_DataPresent  stm32_bluenrg_ble.o
    0x08000eda   0x08000eda   0x0000002a   Code   RO          831    i.BlueNRG_RST       stm32_bluenrg_ble.o
    0x08000f04   0x08000f04   0x000000a0   Code   RO          832    i.BlueNRG_SPI_Read_All  stm32_bluenrg_ble.o
    0x08000fa4   0x08000fa4   0x000000c4   Code   RO          833    i.BlueNRG_SPI_Write  stm32_bluenrg_ble.o
    0x08001068   0x08001068   0x0000000c   Code   RO          834    i.Clear_SPI_EXTI_Flag  stm32_bluenrg_ble.o
    0x08001074   0x08001074   0x00000008   Code   RO          162    i.Clock_Time        clock.o
    0x0800107c   0x0800107c   0x0000000a   Code   RO          836    i.Disable_SPI_IRQ   stm32_bluenrg_ble.o
    0x08001086   0x08001086   0x0000000a   Code   RO          226    i.EXTI0_1_IRQHandler  stm32xx_it.o
    0x08001090   0x08001090   0x00000018   Code   RO          227    i.EXTI4_15_IRQHandler  stm32xx_it.o
    0x080010a8   0x080010a8   0x0000000a   Code   RO          837    i.Enable_SPI_IRQ    stm32_bluenrg_ble.o
    0x080010b2   0x080010b2   0x00000002   PAD
    0x080010b4   0x080010b4   0x00000020   Code   RO          394    i.GAP_ConnectionComplete_CB  sensor_service.o
    0x080010d4   0x080010d4   0x00000020   Code   RO          395    i.GAP_DisconnectionComplete_CB  sensor_service.o
    0x080010f4   0x080010f4   0x0000001a   Code   RO          977    i.HAL_Delay         stm32l0xx_hal.o
    0x0800110e   0x0800110e   0x0000000a   Code   RO           12    i.HAL_GPIO_EXTI_Callback  bluenrg_interface.o
    0x08001118   0x08001118   0x00000020   Code   RO         1819    i.HAL_GPIO_EXTI_IRQHandler  stm32l0xx_hal_gpio.o
    0x08001138   0x08001138   0x000001ec   Code   RO         1820    i.HAL_GPIO_Init     stm32l0xx_hal_gpio.o
    0x08001324   0x08001324   0x00000012   Code   RO         1822    i.HAL_GPIO_ReadPin  stm32l0xx_hal_gpio.o
    0x08001336   0x08001336   0x0000000c   Code   RO         1824    i.HAL_GPIO_WritePin  stm32l0xx_hal_gpio.o
    0x08001342   0x08001342   0x00000002   PAD
    0x08001344   0x08001344   0x0000000c   Code   RO          981    i.HAL_GetTick       stm32l0xx_hal.o
    0x08001350   0x08001350   0x0000003a   Code   RO         2478    i.HAL_I2C_DeInit    stm32l0xx_hal_i2c.o
    0x0800138a   0x0800138a   0x00000008   Code   RO         2483    i.HAL_I2C_GetState  stm32l0xx_hal_i2c.o
    0x08001392   0x08001392   0x00000002   PAD
    0x08001394   0x08001394   0x000000c4   Code   RO         2484    i.HAL_I2C_Init      stm32l0xx_hal_i2c.o
    0x08001458   0x08001458   0x00000184   Code   RO         2496    i.HAL_I2C_Mem_Read  stm32l0xx_hal_i2c.o
    0x080015dc   0x080015dc   0x00000188   Code   RO         2499    i.HAL_I2C_Mem_Write  stm32l0xx_hal_i2c.o
    0x08001764   0x08001764   0x00000002   Code   RO         2502    i.HAL_I2C_MspDeInit  stm32l0xx_hal_i2c.o
    0x08001766   0x08001766   0x00000002   Code   RO         2503    i.HAL_I2C_MspInit   stm32l0xx_hal_i2c.o
    0x08001768   0x08001768   0x00000010   Code   RO          982    i.HAL_IncTick       stm32l0xx_hal.o
    0x08001778   0x08001778   0x00000020   Code   RO          983    i.HAL_Init          stm32l0xx_hal.o
    0x08001798   0x08001798   0x00000026   Code   RO          984    i.HAL_InitTick      stm32l0xx_hal.o
    0x080017be   0x080017be   0x00000002   Code   RO          986    i.HAL_MspInit       stm32l0xx_hal.o
    0x080017c0   0x080017c0   0x00000018   Code   RO         1385    i.HAL_NVIC_DisableIRQ  stm32l0xx_hal_cortex.o
    0x080017d8   0x080017d8   0x00000018   Code   RO         1386    i.HAL_NVIC_EnableIRQ  stm32l0xx_hal_cortex.o
    0x080017f0   0x080017f0   0x00000012   Code   RO         1390    i.HAL_NVIC_SetPriority  stm32l0xx_hal_cortex.o
    0x08001802   0x08001802   0x00000002   PAD
    0x08001804   0x08001804   0x000001d8   Code   RO         2046    i.HAL_RCC_ClockConfig  stm32l0xx_hal_rcc.o
    0x080019dc   0x080019dc   0x0000002c   Code   RO         2050    i.HAL_RCC_GetHCLKFreq  stm32l0xx_hal_rcc.o
    0x08001a08   0x08001a08   0x000000ec   Code   RO         2054    i.HAL_RCC_GetSysClockFreq  stm32l0xx_hal_rcc.o
    0x08001af4   0x08001af4   0x00000680   Code   RO         2057    i.HAL_RCC_OscConfig  stm32l0xx_hal_rcc.o
    0x08002174   0x08002174   0x0000008e   Code   RO         2251    i.HAL_SPI_Init      stm32l0xx_hal_spi.o
    0x08002202   0x08002202   0x00000002   PAD
    0x08002204   0x08002204   0x000001b0   Code   RO          294    i.HAL_SPI_MspInit   stm32l0xx_hal_msp.o
    0x080023b4   0x080023b4   0x0000037e   Code   RO         2260    i.HAL_SPI_TransmitReceive  stm32l0xx_hal_spi.o
    0x08002732   0x08002732   0x00000002   PAD
    0x08002734   0x08002734   0x00000038   Code   RO         1394    i.HAL_SYSTICK_Config  stm32l0xx_hal_cortex.o
    0x0800276c   0x0800276c   0x000000bc   Code   RO          396    i.HCI_Event_CB      sensor_service.o
    0x08002828   0x08002828   0x00000038   Code   RO         2841    i.HCI_Init          hci.o
    0x08002860   0x08002860   0x00000080   Code   RO         2842    i.HCI_Isr           hci.o
    0x080028e0   0x080028e0   0x00000054   Code   RO         2843    i.HCI_Process       hci.o
    0x08002934   0x08002934   0x00000010   Code   RO         2844    i.HCI_Queue_Empty   hci.o
    0x08002944   0x08002944   0x00000024   Code   RO         2845    i.HCI_verify        hci.o
    0x08002968   0x08002968   0x0000003a   Code   RO         5460    i.HTS221_Activate   hts221_driver.o
    0x080029a2   0x080029a2   0x00000028   Code   RO         5694    i.HTS221_Check_WhoAmI  hts221_driver_hl.o
    0x080029ca   0x080029ca   0x0000003a   Code   RO         5461    i.HTS221_DeActivate  hts221_driver.o
    0x08002a04   0x08002a04   0x00000036   Code   RO         5465    i.HTS221_Get_DataStatus  hts221_driver.o
    0x08002a3a   0x08002a3a   0x0000001e   Code   RO         5466    i.HTS221_Get_DeviceID  hts221_driver.o
    0x08002a58   0x08002a58   0x00000034   Code   RO         5695    i.HTS221_Get_Hum    hts221_driver_hl.o
    0x08002a8c   0x08002a8c   0x00000108   Code   RO         5469    i.HTS221_Get_Humidity  hts221_driver.o
    0x08002b94   0x08002b94   0x00000060   Code   RO         5696    i.HTS221_Get_ODR    hts221_driver_hl.o
    0x08002bf4   0x08002bf4   0x0000002e   Code   RO         5476    i.HTS221_Get_Odr    hts221_driver.o
    0x08002c22   0x08002c22   0x00000002   PAD
    0x08002c24   0x08002c24   0x00000034   Code   RO         5697    i.HTS221_Get_Temp   hts221_driver_hl.o
    0x08002c58   0x08002c58   0x00000104   Code   RO         5479    i.HTS221_Get_Temperature  hts221_driver.o
    0x08002d5c   0x08002d5c   0x00000018   Code   RO         5698    i.HTS221_Get_WhoAmI  hts221_driver_hl.o
    0x08002d74   0x08002d74   0x0000000c   Code   RO         5699    i.HTS221_H_Check_WhoAmI  hts221_driver_hl.o
    0x08002d80   0x08002d80   0x0000002c   Code   RO         5700    i.HTS221_H_DeInit   hts221_driver_hl.o
    0x08002dac   0x08002dac   0x00000036   Code   RO         5701    i.HTS221_H_Get_DRDY_Status  hts221_driver_hl.o
    0x08002de2   0x08002de2   0x00000010   Code   RO         5702    i.HTS221_H_Get_Hum  hts221_driver_hl.o
    0x08002df2   0x08002df2   0x00000010   Code   RO         5703    i.HTS221_H_Get_ODR  hts221_driver_hl.o
    0x08002e02   0x08002e02   0x00000010   Code   RO         5704    i.HTS221_H_Get_WhoAmI  hts221_driver_hl.o
    0x08002e12   0x08002e12   0x0000002c   Code   RO         5705    i.HTS221_H_Init     hts221_driver_hl.o
    0x08002e3e   0x08002e3e   0x0000001c   Code   RO         5706    i.HTS221_H_Read_Reg  hts221_driver_hl.o
    0x08002e5a   0x08002e5a   0x00000034   Code   RO         5707    i.HTS221_H_Sensor_Disable  hts221_driver_hl.o
    0x08002e8e   0x08002e8e   0x00000036   Code   RO         5708    i.HTS221_H_Sensor_Enable  hts221_driver_hl.o
    0x08002ec4   0x08002ec4   0x00000010   Code   RO         5709    i.HTS221_H_Set_ODR  hts221_driver_hl.o
    0x08002ed4   0x08002ed4   0x00000010   Code   RO         5710    i.HTS221_H_Set_ODR_Value  hts221_driver_hl.o
    0x08002ee4   0x08002ee4   0x0000001c   Code   RO         5711    i.HTS221_H_Write_Reg  hts221_driver_hl.o
    0x08002f00   0x08002f00   0x0000003c   Code   RO         5712    i.HTS221_Init       hts221_driver_hl.o
    0x08002f3c   0x08002f3c   0x0000002a   Code   RO         5483    i.HTS221_ReadReg    hts221_driver.o
    0x08002f66   0x08002f66   0x0000001e   Code   RO         5713    i.HTS221_Read_Reg   hts221_driver_hl.o
    0x08002f84   0x08002f84   0x00000014   Code   RO         5714    i.HTS221_Sensor_Disable  hts221_driver_hl.o
    0x08002f98   0x08002f98   0x00000014   Code   RO         5715    i.HTS221_Sensor_Enable  hts221_driver_hl.o
    0x08002fac   0x08002fac   0x000000a0   Code   RO         5487    i.HTS221_Set_BduMode  hts221_driver.o
    0x0800304c   0x0800304c   0x00000040   Code   RO         5716    i.HTS221_Set_ODR    hts221_driver_hl.o
    0x0800308c   0x0800308c   0x00000040   Code   RO         5717    i.HTS221_Set_ODR_Value  hts221_driver_hl.o
    0x080030cc   0x080030cc   0x000000a4   Code   RO         5493    i.HTS221_Set_Odr    hts221_driver.o
    0x08003170   0x08003170   0x0000000c   Code   RO         5718    i.HTS221_T_Check_WhoAmI  hts221_driver_hl.o
    0x0800317c   0x0800317c   0x0000002c   Code   RO         5719    i.HTS221_T_DeInit   hts221_driver_hl.o
    0x080031a8   0x080031a8   0x00000036   Code   RO         5720    i.HTS221_T_Get_DRDY_Status  hts221_driver_hl.o
    0x080031de   0x080031de   0x00000010   Code   RO         5721    i.HTS221_T_Get_ODR  hts221_driver_hl.o
    0x080031ee   0x080031ee   0x00000010   Code   RO         5722    i.HTS221_T_Get_Temp  hts221_driver_hl.o
    0x080031fe   0x080031fe   0x00000010   Code   RO         5723    i.HTS221_T_Get_WhoAmI  hts221_driver_hl.o
    0x0800320e   0x0800320e   0x0000002c   Code   RO         5724    i.HTS221_T_Init     hts221_driver_hl.o
    0x0800323a   0x0800323a   0x0000001c   Code   RO         5725    i.HTS221_T_Read_Reg  hts221_driver_hl.o
    0x08003256   0x08003256   0x00000034   Code   RO         5726    i.HTS221_T_Sensor_Disable  hts221_driver_hl.o
    0x0800328a   0x0800328a   0x00000036   Code   RO         5727    i.HTS221_T_Sensor_Enable  hts221_driver_hl.o
    0x080032c0   0x080032c0   0x00000010   Code   RO         5728    i.HTS221_T_Set_ODR  hts221_driver_hl.o
    0x080032d0   0x080032d0   0x00000010   Code   RO         5729    i.HTS221_T_Set_ODR_Value  hts221_driver_hl.o
    0x080032e0   0x080032e0   0x0000001c   Code   RO         5730    i.HTS221_T_Write_Reg  hts221_driver_hl.o
    0x080032fc   0x080032fc   0x0000002a   Code   RO         5496    i.HTS221_WriteReg   hts221_driver.o
    0x08003326   0x08003326   0x0000001c   Code   RO         5731    i.HTS221_Write_Reg  hts221_driver_hl.o
    0x08003342   0x08003342   0x00000002   PAD
    0x08003344   0x08003344   0x00000044   Code   RO         5497    i.HTS221_assert_failed  hts221_driver.o
    0x08003388   0x08003388   0x00000050   Code   RO          838    i.Hal_Write_Serial  stm32_bluenrg_ble.o
    0x080033d8   0x080033d8   0x00000004   Code   RO          228    i.HardFault_Handler  stm32xx_it.o
    0x080033dc   0x080033dc   0x00000014   Code   RO         3938    i.I2C_EXPBD_Error   x_nucleo_iks01a1.o
    0x080033f0   0x080033f0   0x0000004c   Code   RO         3939    i.I2C_EXPBD_Init    x_nucleo_iks01a1.o
    0x0800343c   0x0800343c   0x00000084   Code   RO         3940    i.I2C_EXPBD_MspInit  x_nucleo_iks01a1.o
    0x080034c0   0x080034c0   0x00000048   Code   RO         3941    i.I2C_EXPBD_ReadData  x_nucleo_iks01a1.o
    0x08003508   0x08003508   0x00000048   Code   RO         3942    i.I2C_EXPBD_WriteData  x_nucleo_iks01a1.o
    0x08003550   0x08003550   0x000000d8   Code   RO         2519    i.I2C_IsAcknowledgeFailed  stm32l0xx_hal_i2c.o
    0x08003628   0x08003628   0x0000008a   Code   RO         2522    i.I2C_RequestMemoryRead  stm32l0xx_hal_i2c.o
    0x080036b2   0x080036b2   0x0000008a   Code   RO         2523    i.I2C_RequestMemoryWrite  stm32l0xx_hal_i2c.o
    0x0800373c   0x0800373c   0x00000030   Code   RO         2526    i.I2C_TransferConfig  stm32l0xx_hal_i2c.o
    0x0800376c   0x0800376c   0x000000aa   Code   RO         2527    i.I2C_WaitOnFlagUntilTimeout  stm32l0xx_hal_i2c.o
    0x08003816   0x08003816   0x0000005c   Code   RO         2529    i.I2C_WaitOnSTOPFlagUntilTimeout  stm32l0xx_hal_i2c.o
    0x08003872   0x08003872   0x00000060   Code   RO         2530    i.I2C_WaitOnTXISFlagUntilTimeout  stm32l0xx_hal_i2c.o
    0x080038d2   0x080038d2   0x00000028   Code   RO        11330    i.LPS22HB_Check_WhoAmI  lps22hb_driver_hl.o
    0x080038fa   0x080038fa   0x00000028   Code   RO        11331    i.LPS22HB_FIFO_Get_Data  lps22hb_driver_hl.o
    0x08003922   0x08003922   0x0000001e   Code   RO        11332    i.LPS22HB_FIFO_Get_Empty_Status  lps22hb_driver_hl.o
    0x08003940   0x08003940   0x0000001e   Code   RO        11333    i.LPS22HB_FIFO_Get_Fth_Status  lps22hb_driver_hl.o
    0x0800395e   0x0800395e   0x0000001e   Code   RO        11334    i.LPS22HB_FIFO_Get_Full_Status  lps22hb_driver_hl.o
    0x0800397c   0x0800397c   0x0000001e   Code   RO        11335    i.LPS22HB_FIFO_Get_Mode  lps22hb_driver_hl.o
    0x0800399a   0x0800399a   0x0000001e   Code   RO        11336    i.LPS22HB_FIFO_Get_Num_Of_Samples  lps22hb_driver_hl.o
    0x080039b8   0x080039b8   0x0000001e   Code   RO        11337    i.LPS22HB_FIFO_Get_Ovr_Status  lps22hb_driver_hl.o
    0x080039d6   0x080039d6   0x00000018   Code   RO        11338    i.LPS22HB_FIFO_Get_Watermark_Level  lps22hb_driver_hl.o
    0x080039ee   0x080039ee   0x0000004e   Code   RO        11339    i.LPS22HB_FIFO_Reset_Interrupt  lps22hb_driver_hl.o
    0x08003a3c   0x08003a3c   0x0000004e   Code   RO        11340    i.LPS22HB_FIFO_Set_Interrupt  lps22hb_driver_hl.o
    0x08003a8a   0x08003a8a   0x00000048   Code   RO        11341    i.LPS22HB_FIFO_Set_Mode  lps22hb_driver_hl.o
    0x08003ad2   0x08003ad2   0x00000018   Code   RO        11342    i.LPS22HB_FIFO_Set_Watermark_Level  lps22hb_driver_hl.o
    0x08003aea   0x08003aea   0x0000002c   Code   RO        11343    i.LPS22HB_FIFO_Stop_On_Fth  lps22hb_driver_hl.o
    0x08003b16   0x08003b16   0x0000002c   Code   RO        11344    i.LPS22HB_FIFO_Usage  lps22hb_driver_hl.o
    0x08003b42   0x08003b42   0x0000002c   Code   RO        11345    i.LPS22HB_FIFO_Watermark_Usage  lps22hb_driver_hl.o
    0x08003b6e   0x08003b6e   0x0000004a   Code   RO        10942    i.LPS22HB_Get_DataStatus  lps22hb_driver.o
    0x08003bb8   0x08003bb8   0x0000001e   Code   RO        10943    i.LPS22HB_Get_DeviceID  lps22hb_driver.o
    0x08003bd6   0x08003bd6   0x0000002e   Code   RO        10946    i.LPS22HB_Get_FifoMode  lps22hb_driver.o
    0x08003c04   0x08003c04   0x00000060   Code   RO        10947    i.LPS22HB_Get_FifoStatus  lps22hb_driver.o
    0x08003c64   0x08003c64   0x00000026   Code   RO        10948    i.LPS22HB_Get_FifoWatermarkLevel  lps22hb_driver.o
    0x08003c8a   0x08003c8a   0x00000002   PAD
    0x08003c8c   0x08003c8c   0x00000080   Code   RO        11346    i.LPS22HB_Get_ODR   lps22hb_driver_hl.o
    0x08003d0c   0x08003d0c   0x00000028   Code   RO        10954    i.LPS22HB_Get_Odr   lps22hb_driver.o
    0x08003d34   0x08003d34   0x00000030   Code   RO        11347    i.LPS22HB_Get_Press  lps22hb_driver_hl.o
    0x08003d64   0x08003d64   0x0000002c   Code   RO        10956    i.LPS22HB_Get_Pressure  lps22hb_driver.o
    0x08003d90   0x08003d90   0x00000048   Code   RO        10959    i.LPS22HB_Get_RawPressure  lps22hb_driver.o
    0x08003dd8   0x08003dd8   0x00000030   Code   RO        10960    i.LPS22HB_Get_RawTemperature  lps22hb_driver.o
    0x08003e08   0x08003e08   0x00000034   Code   RO        11348    i.LPS22HB_Get_Temp  lps22hb_driver_hl.o
    0x08003e3c   0x08003e3c   0x00000030   Code   RO        10963    i.LPS22HB_Get_Temperature  lps22hb_driver.o
    0x08003e6c   0x08003e6c   0x00000018   Code   RO        11349    i.LPS22HB_Get_WhoAmI  lps22hb_driver_hl.o
    0x08003e84   0x08003e84   0x00000074   Code   RO        11350    i.LPS22HB_Initialize  lps22hb_driver_hl.o
    0x08003ef8   0x08003ef8   0x0000000c   Code   RO        11351    i.LPS22HB_P_Check_WhoAmI  lps22hb_driver_hl.o
    0x08003f04   0x08003f04   0x00000026   Code   RO        11352    i.LPS22HB_P_DeInit  lps22hb_driver_hl.o
    0x08003f2a   0x08003f2a   0x0000001e   Code   RO        11353    i.LPS22HB_P_Get_DRDY_Status  lps22hb_driver_hl.o
    0x08003f48   0x08003f48   0x00000010   Code   RO        11354    i.LPS22HB_P_Get_ODR  lps22hb_driver_hl.o
    0x08003f58   0x08003f58   0x00000010   Code   RO        11355    i.LPS22HB_P_Get_Press  lps22hb_driver_hl.o
    0x08003f68   0x08003f68   0x00000010   Code   RO        11356    i.LPS22HB_P_Get_WhoAmI  lps22hb_driver_hl.o
    0x08003f78   0x08003f78   0x00000028   Code   RO        11357    i.LPS22HB_P_Init    lps22hb_driver_hl.o
    0x08003fa0   0x08003fa0   0x0000001c   Code   RO        11358    i.LPS22HB_P_Read_Reg  lps22hb_driver_hl.o
    0x08003fbc   0x08003fbc   0x00000030   Code   RO        11359    i.LPS22HB_P_Sensor_Disable  lps22hb_driver_hl.o
    0x08003fec   0x08003fec   0x0000002e   Code   RO        11360    i.LPS22HB_P_Sensor_Enable  lps22hb_driver_hl.o
    0x0800401a   0x0800401a   0x00000036   Code   RO        11361    i.LPS22HB_P_Set_ODR  lps22hb_driver_hl.o
    0x08004050   0x08004050   0x00000036   Code   RO        11362    i.LPS22HB_P_Set_ODR_Value  lps22hb_driver_hl.o
    0x08004086   0x08004086   0x0000001c   Code   RO        11363    i.LPS22HB_P_Write_Reg  lps22hb_driver_hl.o
    0x080040a2   0x080040a2   0x00000032   Code   RO        10968    i.LPS22HB_ReadReg   lps22hb_driver.o
    0x080040d4   0x080040d4   0x0000001e   Code   RO        11364    i.LPS22HB_Read_Reg  lps22hb_driver_hl.o
    0x080040f2   0x080040f2   0x00000002   PAD
    0x080040f4   0x080040f4   0x00000058   Code   RO         3943    i.LPS22HB_Sensor_IO_ITConfig  x_nucleo_iks01a1.o
    0x0800414c   0x0800414c   0x00000048   Code   RO        10973    i.LPS22HB_Set_AutomaticIncrementRegAddress  lps22hb_driver.o
    0x08004194   0x08004194   0x00000044   Code   RO        10974    i.LPS22HB_Set_Bdu   lps22hb_driver.o
    0x080041d8   0x080041d8   0x00000048   Code   RO        10977    i.LPS22HB_Set_FIFO_FTH_Interrupt  lps22hb_driver.o
    0x08004220   0x08004220   0x00000048   Code   RO        10978    i.LPS22HB_Set_FIFO_FULL_Interrupt  lps22hb_driver.o
    0x08004268   0x08004268   0x00000048   Code   RO        10979    i.LPS22HB_Set_FIFO_OVR_Interrupt  lps22hb_driver.o
    0x080042b0   0x080042b0   0x00000044   Code   RO        10981    i.LPS22HB_Set_FifoMode  lps22hb_driver.o
    0x080042f4   0x080042f4   0x00000048   Code   RO        10982    i.LPS22HB_Set_FifoModeUse  lps22hb_driver.o
    0x0800433c   0x0800433c   0x00000044   Code   RO        10983    i.LPS22HB_Set_FifoWatermarkLevel  lps22hb_driver.o
    0x08004380   0x08004380   0x00000048   Code   RO        10984    i.LPS22HB_Set_FifoWatermarkLevelUse  lps22hb_driver.o
    0x080043c8   0x080043c8   0x00000048   Code   RO        10992    i.LPS22HB_Set_LowPassFilter  lps22hb_driver.o
    0x08004410   0x08004410   0x00000044   Code   RO        10993    i.LPS22HB_Set_LowPassFilterCutoff  lps22hb_driver.o
    0x08004454   0x08004454   0x0000005c   Code   RO        11365    i.LPS22HB_Set_ODR_Value_When_Disabled  lps22hb_driver_hl.o
    0x080044b0   0x080044b0   0x00000074   Code   RO        11366    i.LPS22HB_Set_ODR_Value_When_Enabled  lps22hb_driver_hl.o
    0x08004524   0x08004524   0x0000004c   Code   RO        11367    i.LPS22HB_Set_ODR_When_Disabled  lps22hb_driver_hl.o
    0x08004570   0x08004570   0x00000050   Code   RO        11368    i.LPS22HB_Set_ODR_When_Enabled  lps22hb_driver_hl.o
    0x080045c0   0x080045c0   0x00000044   Code   RO        10994    i.LPS22HB_Set_Odr   lps22hb_driver.o
    0x08004604   0x08004604   0x00000044   Code   RO        10997    i.LPS22HB_Set_PowerMode  lps22hb_driver.o
    0x08004648   0x08004648   0x0000000c   Code   RO        11369    i.LPS22HB_T_Check_WhoAmI  lps22hb_driver_hl.o
    0x08004654   0x08004654   0x00000026   Code   RO        11370    i.LPS22HB_T_DeInit  lps22hb_driver_hl.o
    0x0800467a   0x0800467a   0x0000001e   Code   RO        11371    i.LPS22HB_T_Get_DRDY_Status  lps22hb_driver_hl.o
    0x08004698   0x08004698   0x00000010   Code   RO        11372    i.LPS22HB_T_Get_ODR  lps22hb_driver_hl.o
    0x080046a8   0x080046a8   0x00000010   Code   RO        11373    i.LPS22HB_T_Get_Temp  lps22hb_driver_hl.o
    0x080046b8   0x080046b8   0x00000010   Code   RO        11374    i.LPS22HB_T_Get_WhoAmI  lps22hb_driver_hl.o
    0x080046c8   0x080046c8   0x00000028   Code   RO        11375    i.LPS22HB_T_Init    lps22hb_driver_hl.o
    0x080046f0   0x080046f0   0x0000001c   Code   RO        11376    i.LPS22HB_T_Read_Reg  lps22hb_driver_hl.o
    0x0800470c   0x0800470c   0x00000030   Code   RO        11377    i.LPS22HB_T_Sensor_Disable  lps22hb_driver_hl.o
    0x0800473c   0x0800473c   0x0000002e   Code   RO        11378    i.LPS22HB_T_Sensor_Enable  lps22hb_driver_hl.o
    0x0800476a   0x0800476a   0x00000036   Code   RO        11379    i.LPS22HB_T_Set_ODR  lps22hb_driver_hl.o
    0x080047a0   0x080047a0   0x00000036   Code   RO        11380    i.LPS22HB_T_Set_ODR_Value  lps22hb_driver_hl.o
    0x080047d6   0x080047d6   0x0000001c   Code   RO        11381    i.LPS22HB_T_Write_Reg  lps22hb_driver_hl.o
    0x080047f2   0x080047f2   0x00000032   Code   RO        11003    i.LPS22HB_WriteReg  lps22hb_driver.o
    0x08004824   0x08004824   0x0000001c   Code   RO        11382    i.LPS22HB_Write_Reg  lps22hb_driver_hl.o
    0x08004840   0x08004840   0x00000018   Code   RO         6433    i.LPS25HB_Activate  lps25hb_driver.o
    0x08004858   0x08004858   0x00000028   Code   RO         6818    i.LPS25HB_Check_WhoAmI  lps25hb_driver_hl.o
    0x08004880   0x08004880   0x00000018   Code   RO         6434    i.LPS25HB_DeActivate  lps25hb_driver.o
    0x08004898   0x08004898   0x0000004c   Code   RO         6439    i.LPS25HB_Get_DataStatus  lps25hb_driver.o
    0x080048e4   0x080048e4   0x0000001e   Code   RO         6440    i.LPS25HB_Get_DeviceID  lps25hb_driver.o
    0x08004902   0x08004902   0x00000002   PAD
    0x08004904   0x08004904   0x00000070   Code   RO         6819    i.LPS25HB_Get_ODR   lps25hb_driver_hl.o
    0x08004974   0x08004974   0x00000028   Code   RO         6452    i.LPS25HB_Get_Odr   lps25hb_driver.o
    0x0800499c   0x0800499c   0x00000030   Code   RO         6820    i.LPS25HB_Get_Press  lps25hb_driver_hl.o
    0x080049cc   0x080049cc   0x0000002c   Code   RO         6453    i.LPS25HB_Get_Pressure  lps25hb_driver.o
    0x080049f8   0x080049f8   0x00000048   Code   RO         6456    i.LPS25HB_Get_RawPressure  lps25hb_driver.o
    0x08004a40   0x08004a40   0x00000030   Code   RO         6457    i.LPS25HB_Get_RawTemperature  lps25hb_driver.o
    0x08004a70   0x08004a70   0x00000034   Code   RO         6821    i.LPS25HB_Get_Temp  lps25hb_driver_hl.o
    0x08004aa4   0x08004aa4   0x0000002e   Code   RO         6460    i.LPS25HB_Get_Temperature  lps25hb_driver.o
    0x08004ad2   0x08004ad2   0x00000018   Code   RO         6822    i.LPS25HB_Get_WhoAmI  lps25hb_driver_hl.o
    0x08004aea   0x08004aea   0x00000068   Code   RO         6823    i.LPS25HB_Init      lps25hb_driver_hl.o
    0x08004b52   0x08004b52   0x0000000c   Code   RO         6824    i.LPS25HB_P_Check_WhoAmI  lps25hb_driver_hl.o
    0x08004b5e   0x08004b5e   0x0000002c   Code   RO         6825    i.LPS25HB_P_DeInit  lps25hb_driver_hl.o
    0x08004b8a   0x08004b8a   0x0000001e   Code   RO         6826    i.LPS25HB_P_Get_DRDY_Status  lps25hb_driver_hl.o
    0x08004ba8   0x08004ba8   0x00000010   Code   RO         6827    i.LPS25HB_P_Get_ODR  lps25hb_driver_hl.o
    0x08004bb8   0x08004bb8   0x00000010   Code   RO         6828    i.LPS25HB_P_Get_Press  lps25hb_driver_hl.o
    0x08004bc8   0x08004bc8   0x00000010   Code   RO         6829    i.LPS25HB_P_Get_WhoAmI  lps25hb_driver_hl.o
    0x08004bd8   0x08004bd8   0x0000002c   Code   RO         6830    i.LPS25HB_P_Init    lps25hb_driver_hl.o
    0x08004c04   0x08004c04   0x0000001c   Code   RO         6831    i.LPS25HB_P_Read_Reg  lps25hb_driver_hl.o
    0x08004c20   0x08004c20   0x00000034   Code   RO         6832    i.LPS25HB_P_Sensor_Disable  lps25hb_driver_hl.o
    0x08004c54   0x08004c54   0x00000036   Code   RO         6833    i.LPS25HB_P_Sensor_Enable  lps25hb_driver_hl.o
    0x08004c8a   0x08004c8a   0x00000010   Code   RO         6834    i.LPS25HB_P_Set_ODR  lps25hb_driver_hl.o
    0x08004c9a   0x08004c9a   0x00000010   Code   RO         6835    i.LPS25HB_P_Set_ODR_Value  lps25hb_driver_hl.o
    0x08004caa   0x08004caa   0x0000001c   Code   RO         6836    i.LPS25HB_P_Write_Reg  lps25hb_driver_hl.o
    0x08004cc6   0x08004cc6   0x0000002a   Code   RO         6464    i.LPS25HB_ReadReg   lps25hb_driver.o
    0x08004cf0   0x08004cf0   0x0000001e   Code   RO         6837    i.LPS25HB_Read_Reg  lps25hb_driver_hl.o
    0x08004d0e   0x08004d0e   0x00000014   Code   RO         6838    i.LPS25HB_Sensor_Disable  lps25hb_driver_hl.o
    0x08004d22   0x08004d22   0x00000014   Code   RO         6839    i.LPS25HB_Sensor_Enable  lps25hb_driver_hl.o
    0x08004d36   0x08004d36   0x00000002   PAD
    0x08004d38   0x08004d38   0x00000084   Code   RO         6467    i.LPS25HB_Set_Avg   lps25hb_driver.o
    0x08004dbc   0x08004dbc   0x0000005c   Code   RO         6470    i.LPS25HB_Set_Bdu   lps25hb_driver.o
    0x08004e18   0x08004e18   0x00000060   Code   RO         6481    i.LPS25HB_Set_InterruptCircuitEnable  lps25hb_driver.o
    0x08004e78   0x08004e78   0x00000040   Code   RO         6840    i.LPS25HB_Set_ODR   lps25hb_driver_hl.o
    0x08004eb8   0x08004eb8   0x00000050   Code   RO         6841    i.LPS25HB_Set_ODR_Value  lps25hb_driver_hl.o
    0x08004f08   0x08004f08   0x00000068   Code   RO         6487    i.LPS25HB_Set_Odr   lps25hb_driver.o
    0x08004f70   0x08004f70   0x00000060   Code   RO         6488    i.LPS25HB_Set_PowerDownMode  lps25hb_driver.o
    0x08004fd0   0x08004fd0   0x0000005c   Code   RO         6490    i.LPS25HB_Set_SpiInterface  lps25hb_driver.o
    0x0800502c   0x0800502c   0x0000000c   Code   RO         6842    i.LPS25HB_T_Check_WhoAmI  lps25hb_driver_hl.o
    0x08005038   0x08005038   0x0000002c   Code   RO         6843    i.LPS25HB_T_DeInit  lps25hb_driver_hl.o
    0x08005064   0x08005064   0x0000001e   Code   RO         6844    i.LPS25HB_T_Get_DRDY_Status  lps25hb_driver_hl.o
    0x08005082   0x08005082   0x00000010   Code   RO         6845    i.LPS25HB_T_Get_ODR  lps25hb_driver_hl.o
    0x08005092   0x08005092   0x00000010   Code   RO         6846    i.LPS25HB_T_Get_Temp  lps25hb_driver_hl.o
    0x080050a2   0x080050a2   0x00000010   Code   RO         6847    i.LPS25HB_T_Get_WhoAmI  lps25hb_driver_hl.o
    0x080050b2   0x080050b2   0x0000002c   Code   RO         6848    i.LPS25HB_T_Init    lps25hb_driver_hl.o
    0x080050de   0x080050de   0x0000001c   Code   RO         6849    i.LPS25HB_T_Read_Reg  lps25hb_driver_hl.o
    0x080050fa   0x080050fa   0x00000034   Code   RO         6850    i.LPS25HB_T_Sensor_Disable  lps25hb_driver_hl.o
    0x0800512e   0x0800512e   0x00000036   Code   RO         6851    i.LPS25HB_T_Sensor_Enable  lps25hb_driver_hl.o
    0x08005164   0x08005164   0x00000010   Code   RO         6852    i.LPS25HB_T_Set_ODR  lps25hb_driver_hl.o
    0x08005174   0x08005174   0x00000010   Code   RO         6853    i.LPS25HB_T_Set_ODR_Value  lps25hb_driver_hl.o
    0x08005184   0x08005184   0x0000001c   Code   RO         6854    i.LPS25HB_T_Write_Reg  lps25hb_driver_hl.o
    0x080051a0   0x080051a0   0x0000002a   Code   RO         6494    i.LPS25HB_WriteReg  lps25hb_driver.o
    0x080051ca   0x080051ca   0x0000001c   Code   RO         6855    i.LPS25HB_Write_Reg  lps25hb_driver_hl.o
    0x080051e6   0x080051e6   0x00000002   PAD
    0x080051e8   0x080051e8   0x00000040   Code   RO         6495    i.LPS25HB_assert_failed  lps25hb_driver.o
    0x08005228   0x08005228   0x00000002   Code   RO          229    i.NMI_Handler       stm32xx_it.o
    0x0800522a   0x0800522a   0x00000002   PAD
    0x0800522c   0x0800522c   0x00000078   Code   RO         1396    i.NVIC_SetPriority  stm32l0xx_hal_cortex.o
    0x080052a4   0x080052a4   0x00000014   Code   RO         3918    i.Osal_MemCpy       osal.o
    0x080052b8   0x080052b8   0x00000014   Code   RO         3919    i.Osal_MemSet       osal.o
    0x080052cc   0x080052cc   0x00000002   Code   RO          230    i.PendSV_Handler    stm32xx_it.o
    0x080052ce   0x080052ce   0x00000002   PAD
    0x080052d0   0x080052d0   0x00000040   Code   RO          397    i.Read_Request_CB   sensor_service.o
    0x08005310   0x08005310   0x00000118   Code   RO         2281    i.SPI_WaitOnFlagUntilTimeout  stm32l0xx_hal_spi.o
    0x08005428   0x08005428   0x00000002   Code   RO          231    i.SVC_Handler       stm32xx_it.o
    0x0800542a   0x0800542a   0x00000012   Code   RO         3946    i.Sensor_IO_Init    x_nucleo_iks01a1.o
    0x0800543c   0x0800543c   0x00000026   Code   RO         3947    i.Sensor_IO_Read    x_nucleo_iks01a1.o
    0x08005462   0x08005462   0x00000026   Code   RO         3948    i.Sensor_IO_Write   x_nucleo_iks01a1.o
    0x08005488   0x08005488   0x00000018   Code   RO          232    i.SysTick_Handler   stm32xx_it.o
    0x080054a0   0x080054a0   0x00000078   Code   RO          205    i.SystemClock_Config  cube_hal_l0.o
    0x08005518   0x08005518   0x00000068   Code   RO          936    i.SystemInit        system_stm32l0xx.o
    0x08005580   0x08005580   0x00000030   Code   RO          398    i.Temp_Update       sensor_service.o
    0x080055b0   0x080055b0   0x00000060   Code   RO          399    i.Temperature_Sensor_Handler  sensor_service.o
    0x08005610   0x08005610   0x0000001c   Code   RO         3783    i.Timer_Expired     gp_timer.o
    0x0800562c   0x0800562c   0x00000010   Code   RO         3787    i.Timer_Set         gp_timer.o
    0x0800563c   0x0800563c   0x0000001c   Code   RO          314    i.User_Process      main.o
    0x08005658   0x08005658   0x00000020   Code   RO        14056    i.__0printf$3       mc_p.l(printf3.o)
    0x08005678   0x08005678   0x0000002e   Code   RO        14286    i.__ARM_clz         mf_p.l(depilogue.o)
    0x080056a6   0x080056a6   0x0000001c   Code   RO         5455    i.__ARM_common_switch8  x_nucleo_iks01a1_temperature.o
    0x080056c2   0x080056c2   0x00000006   Code   RO         3821    i.__get_PRIMASK     ble_list.o
    0x080056c8   0x080056c8   0x0000000e   Code   RO        14302    i.__scatterload_copy  mc_p.l(handlers.o)
    0x080056d6   0x080056d6   0x00000002   Code   RO        14303    i.__scatterload_null  mc_p.l(handlers.o)
    0x080056d8   0x080056d8   0x0000000e   Code   RO        14304    i.__scatterload_zeroinit  mc_p.l(handlers.o)
    0x080056e6   0x080056e6   0x00000006   Code   RO         3822    i.__set_PRIMASK     ble_list.o
    0x080056ec   0x080056ec   0x000001cc   Code   RO        14063    i._printf_core      mc_p.l(printf3.o)
    0x080058b8   0x080058b8   0x00000084   Code   RO         3123    i.aci_gap_init_IDB04A1  bluenrg_gap_aci.o
    0x0800593c   0x0800593c   0x0000008c   Code   RO         3124    i.aci_gap_init_IDB05A1  bluenrg_gap_aci.o
    0x080059c8   0x080059c8   0x00000080   Code   RO         3130    i.aci_gap_set_auth_requirement  bluenrg_gap_aci.o
    0x08005a48   0x08005a48   0x000000fc   Code   RO         3135    i.aci_gap_set_discoverable  bluenrg_gap_aci.o
    0x08005b44   0x08005b44   0x000000d0   Code   RO         3378    i.aci_gatt_add_char  bluenrg_gatt_aci.o
    0x08005c14   0x08005c14   0x0000010a   Code   RO         3379    i.aci_gatt_add_char_desc  bluenrg_gatt_aci.o
    0x08005d1e   0x08005d1e   0x0000009c   Code   RO         3380    i.aci_gatt_add_serv  bluenrg_gatt_aci.o
    0x08005dba   0x08005dba   0x00000046   Code   RO         3381    i.aci_gatt_allow_read  bluenrg_gatt_aci.o
    0x08005e00   0x08005e00   0x00000038   Code   RO         3394    i.aci_gatt_init     bluenrg_gatt_aci.o
    0x08005e38   0x08005e38   0x000000aa   Code   RO         3407    i.aci_gatt_update_char_value  bluenrg_gatt_aci.o
    0x08005ee2   0x08005ee2   0x0000004a   Code   RO         3648    i.aci_hal_set_tx_power_level  bluenrg_hal_aci.o
    0x08005f2c   0x08005f2c   0x00000070   Code   RO         3651    i.aci_hal_write_config_data  bluenrg_hal_aci.o
    0x08005f9c   0x08005f9c   0x00000010   Code   RO          400    i.enableAllSensors  sensor_service.o
    0x08005fac   0x08005fac   0x00000012   Code   RO        14270    i.fputc             mc_p.l(fputc.o)
    0x08005fbe   0x08005fbe   0x00000002   PAD
    0x08005fc0   0x08005fc0   0x00000034   Code   RO         2846    i.free_event_list   hci.o
    0x08005ff4   0x08005ff4   0x00000058   Code   RO         3734    i.getBlueNRGVersion  bluenrg_utils_small.o
    0x0800604c   0x0800604c   0x00000088   Code   RO         2860    i.hci_le_read_local_version  hci.o
    0x080060d4   0x080060d4   0x00000068   Code   RO         2871    i.hci_le_set_scan_resp_data  hci.o
    0x0800613c   0x0800613c   0x00000036   Code   RO         2878    i.hci_send_cmd      hci.o
    0x08006172   0x08006172   0x00000002   PAD
    0x08006174   0x08006174   0x000001dc   Code   RO         2879    i.hci_send_req      hci.o
    0x08006350   0x08006350   0x00000018   Code   RO         2881    i.hci_write         hci.o
    0x08006368   0x08006368   0x00000010   Code   RO          401    i.initializeAllSensors  sensor_service.o
    0x08006378   0x08006378   0x00000024   Code   RO         3825    i.list_get_size     ble_list.o
    0x0800639c   0x0800639c   0x00000006   Code   RO         3826    i.list_init_head    ble_list.o
    0x080063a2   0x080063a2   0x00000022   Code   RO         3827    i.list_insert_head  ble_list.o
    0x080063c4   0x080063c4   0x00000022   Code   RO         3830    i.list_insert_tail  ble_list.o
    0x080063e6   0x080063e6   0x00000022   Code   RO         3831    i.list_is_empty     ble_list.o
    0x08006408   0x08006408   0x0000002a   Code   RO         3832    i.list_remove_head  ble_list.o
    0x08006432   0x08006432   0x00000020   Code   RO         3833    i.list_remove_node  ble_list.o
    0x08006452   0x08006452   0x0000002a   Code   RO         3834    i.list_remove_tail  ble_list.o
    0x0800647c   0x0800647c   0x00000108   Code   RO          315    i.main              main.o
    0x08006584   0x08006584   0x00000024   Code   RO         2882    i.move_list         hci.o
    0x080065a8   0x080065a8   0x00000044   Code   RO          402    i.setConnectable    sensor_service.o
    0x080065ec   0x080065ec   0x00000038   Code   RO          840    i.set_irq_as_input  stm32_bluenrg_ble.o
    0x08006624   0x08006624   0x0000002c   Code   RO          841    i.set_irq_as_output  stm32_bluenrg_ble.o
    0x08006650   0x08006650   0x0000001c   Code   RO          842    i.us150Delay        stm32_bluenrg_ble.o
    0x0800666c   0x0800666c   0x00000004   Data   RO          164    .constdata          clock.o
    0x08006670   0x08006670   0x00000005   Data   RO          685    .constdata          stm32l0xx_nucleo.o
    0x08006675   0x08006675   0x00000019   Data   RO          937    .constdata          system_stm32l0xx.o
    0x0800668e   0x0800668e   0x00000010   Data   RO         2058    .constdata          stm32l0xx_hal_rcc.o
    0x0800669e   0x0800669e   0x00000002   PAD
    0x080066a0   0x080066a0   0x00000042   Data   RO         6496    .conststring        lps25hb_driver.o
    0x080066e2   0x080066e2   0x00000002   PAD
    0x080066e4   0x080066e4   0x00000020   Data   RO        14300    Region$$Table       anon$$obj.o


    Execution Region RW_IRAM1 (Exec base: 0x20000000, Load base: 0x08006704, Size: 0x000009f8, Max: 0x00002000, ABSOLUTE, COMPRESSED[0x00000140])

    Exec Addr    Load Addr    Size         Type   Attr      Idx    E Section Name        Object

    0x20000000   COMPRESSED   0x00000005   Data   RW          233    .data               stm32xx_it.o
    0x20000005   COMPRESSED   0x00000001   Data   RW          316    .data               main.o
    0x20000006   COMPRESSED   0x00000002   PAD
    0x20000008   COMPRESSED   0x00000022   Data   RW          403    .data               sensor_service.o
    0x2000002a   COMPRESSED   0x00000002   PAD
    0x2000002c   COMPRESSED   0x00000014   Data   RW          686    .data               stm32l0xx_nucleo.o
    0x20000040   COMPRESSED   0x00000004   Data   RW          938    .data               system_stm32l0xx.o
    0x20000044   COMPRESSED   0x00000004   Data   RW          995    .data               stm32l0xx_hal.o
    0x20000048   COMPRESSED   0x00000012   Data   RW         2884    .data               hci.o
    0x2000005a   COMPRESSED   0x00000002   PAD
    0x2000005c   COMPRESSED   0x00000004   Data   RW         3950    .data               x_nucleo_iks01a1.o
    0x20000060   COMPRESSED   0x00000010   Data   RW         5292    .data               x_nucleo_iks01a1_temperature.o
    0x20000070   COMPRESSED   0x0000006c   Data   RW         5732    .data               hts221_driver_hl.o
    0x200000dc   COMPRESSED   0x00000070   Data   RW         6856    .data               lps25hb_driver_hl.o
    0x2000014c   COMPRESSED   0x000000e8   Data   RW        11383    .data               lps22hb_driver_hl.o
    0x20000234   COMPRESSED   0x00000004   Data   RW        14272    .data               mc_p.l(stdout.o)
    0x20000238        -       0x00000058   Zero   RW          843    .bss                stm32_bluenrg_ble.o
    0x20000290        -       0x000002bc   Zero   RW         2883    .bss                hci.o
    0x2000054c        -       0x0000003c   Zero   RW         3949    .bss                x_nucleo_iks01a1.o
    0x20000588        -       0x00000070   Zero   RW         5291    .bss                x_nucleo_iks01a1_temperature.o
    0x200005f8        -       0x00000400   Zero   RW            1    STACK               startup_stm32l053xx.o


==============================================================================

Image component sizes


      Code (inc. data)   RO Data    RW Data    ZI Data      Debug   Object Name

       272          0          0          0          0       9004   ble_list.o
       652          0          0          0          0       5792   bluenrg_gap_aci.o
       926          0          0          0          0       7912   bluenrg_gatt_aci.o
       186          0          0          0          0       2801   bluenrg_hal_aci.o
        10          0          0          0          0     201765   bluenrg_interface.o
        88          0          0          0          0       1764   bluenrg_utils_small.o
         8          0          4          0          0       2280   clock.o
       120          8          0          0          0        637   cube_hal_l0.o
        44          0          0          0          0       1972   gp_timer.o
      1202         62          0         18        700      13895   hci.o
      1246        206          0          0          0      10636   hts221_driver.o
      1342         38          0        108          0      28022   hts221_driver_hl.o
      1548          0          0          0          0      20687   lps22hb_driver.o
      2310         98          0        232          0      42087   lps22hb_driver_hl.o
      1164         70         66          0          0      14789   lps25hb_driver.o
      1366         40          0        112          0      28277   lps25hb_driver_hl.o
       292         32          0          1          0      42360   main.o
        40          0          0          0          0       1548   osal.o
      1184        114          0         34          0      42575   sensor_service.o
        28          8        192          0       1024        672   startup_stm32l053xx.o
       724         50          0          0         88       9523   stm32_bluenrg_ble.o
       126         14          0          4          0       4612   stm32l0xx_hal.o
       242         32          0          0          0      11815   stm32l0xx_hal_cortex.o
       554         36          0          0          0       3850   stm32l0xx_hal_gpio.o
      1944         28          0          0          0      12896   stm32l0xx_hal_i2c.o
       432         18          0          0          0       1378   stm32l0xx_hal_msp.o
      2416         74         16          0          0       5626   stm32l0xx_hal_rcc.o
      1316          0          0          0          0       3749   stm32l0xx_hal_spi.o
       168         28          5         20          0       3560   stm32l0xx_nucleo.o
        68         12          0          5          0       4084   stm32xx_it.o
       104         16         25          4          0       1289   system_stm32l0xx.o
       554         54          0          4         60       7669   x_nucleo_iks01a1.o
       912         76          0         16        112       7106   x_nucleo_iks01a1_temperature.o

    ----------------------------------------------------------------------
     23620       1114        344        564       1984     556632   Object Totals
         0          0         32          0          0          0   (incl. Generated)
        32          0          4          6          0          0   (incl. Padding)

    ----------------------------------------------------------------------

      Code (inc. data)   RO Data    RW Data    ZI Data      Debug   Library Member Name

        86          0          0          0          0          0   __dczerorl2.o
         0          0          0          0          0          0   entry.o
         0          0          0          0          0          0   entry10a.o
         0          0          0          0          0          0   entry11a.o
         8          4          0          0          0          0   entry2.o
         4          0          0          0          0          0   entry5.o
         0          0          0          0          0          0   entry7b.o
         0          0          0          0          0          0   entry8b.o
         8          4          0          0          0          0   entry9a.o
        18          0          0          0          0         72   fputc.o
        30          0          0          0          0          0   handlers.o
        40          0          0          0          0         72   idiv.o
        36          8          0          0          0         68   init.o
         0          0          0          0          0          0   iusefp.o
         0          0          0          0          0          0   iusesemip.o
        32          0          0          0          0         68   llshl.o
        38          0          0          0          0         68   llsshr.o
        34          0          0          0          0         68   llushr.o
        40          0          0          0          0         68   memcpy.o
        36          0          0          0          0        100   memseta.o
       492         12          0          0          0        168   printf3.o
         0          0          0          0          0          0   semi.o
         0          0          0          4          0          0   stdout.o
        14          0          0          0          0         60   strlen.o
        44          0          0          0          0         72   uidiv.o
        18          0          0          0          0         60   uwrite4.o
        20          0          0          0          0         68   cfcmple.o
        20          0          0          0          0         68   cfrcmple.o
       356          4          0          0          0        140   dadd.o
       236          0          0          0          0        216   depilogue.o
        72         10          0          0          0         72   dfixi.o
        40          0          0          0          0         60   f2d.o
       178          0          0          0          0        108   fadd.o
       124          0          0          0          0         72   fdiv.o
       130          0          0          0          0        144   fepilogue.o
        50          0          0          0          0         60   ffixi.o
        40          0          0          0          0         60   ffixui.o
        22          0          0          0          0         68   fflti.o
        14          0          0          0          0         68   ffltui.o
       122          0          0          0          0         72   fmul.o

    ----------------------------------------------------------------------
      2408         42          0          4          0       2220   Library Totals
         6          0          0          0          0          0   (incl. Padding)

    ----------------------------------------------------------------------

      Code (inc. data)   RO Data    RW Data    ZI Data      Debug   Library Name

       978         28          0          4          0        944   mc_p.l
      1424         14          0          0          0       1276   mf_p.l

    ----------------------------------------------------------------------
      2408         42          0          4          0       2220   Library Totals

    ----------------------------------------------------------------------

==============================================================================


      Code (inc. data)   RO Data    RW Data    ZI Data      Debug   

     26028       1156        344        568       1984     544188   Grand Totals
     26028       1156        344        320       1984     544188   ELF Image Totals (compressed)
     26028       1156        344        320          0          0   ROM Totals

==============================================================================

    Total RO  Size (Code + RO Data)                26372 (  25.75kB)
    Total RW  Size (RW Data + ZI Data)              2552 (   2.49kB)
    Total ROM Size (Code + RO Data + RW Data)      26692 (  26.07kB)

==============================================================================

