Component: ARM Compiler 5.06 update 5 (build 528) Tool: armlink [4d35e2]

==============================================================================

Section Cross References

    startup_stm32l053xx.o(RESET) refers to startup_stm32l053xx.o(STACK) for __initial_sp
    startup_stm32l053xx.o(RESET) refers to startup_stm32l053xx.o(.text) for Reset_Handler
    startup_stm32l053xx.o(RESET) refers to stm32xx_it.o(i.NMI_Handler) for NMI_Handler
    startup_stm32l053xx.o(RESET) refers to stm32xx_it.o(i.HardFault_Handler) for HardFault_Handler
    startup_stm32l053xx.o(RESET) refers to stm32xx_it.o(i.SVC_Handler) for SVC_Handler
    startup_stm32l053xx.o(RESET) refers to stm32xx_it.o(i.PendSV_Handler) for PendSV_Handler
    startup_stm32l053xx.o(RESET) refers to stm32xx_it.o(i.SysTick_Handler) for SysTick_Handler
    startup_stm32l053xx.o(RESET) refers to stm32xx_it.o(i.EXTI0_1_IRQHandler) for EXTI0_1_IRQHandler
    startup_stm32l053xx.o(RESET) refers to stm32xx_it.o(i.EXTI4_15_IRQHandler) for EXTI4_15_IRQHandler
    startup_stm32l053xx.o(.text) refers to system_stm32l0xx.o(i.SystemInit) for SystemInit
    startup_stm32l053xx.o(.text) refers to entry.o(.ARM.Collect$$$$00000000) for __main
    bluenrg_interface.o(i.HAL_GPIO_EXTI_Callback) refers to hci.o(i.HCI_Isr) for HCI_Isr
    clock.o(i.Clock_Time) refers to stm32l0xx_hal.o(i.HAL_GetTick) for HAL_GetTick
    clock.o(i.Clock_Wait) refers to stm32l0xx_hal.o(i.HAL_Delay) for HAL_Delay
    cube_hal_l0.o(i.SystemClock_Config) refers to stm32l0xx_hal_rcc.o(i.HAL_RCC_OscConfig) for HAL_RCC_OscConfig
    cube_hal_l0.o(i.SystemClock_Config) refers to stm32l0xx_hal_rcc.o(i.HAL_RCC_ClockConfig) for HAL_RCC_ClockConfig
    stm32xx_it.o(i.EXTI0_1_IRQHandler) refers to stm32l0xx_hal_gpio.o(i.HAL_GPIO_EXTI_IRQHandler) for HAL_GPIO_EXTI_IRQHandler
    stm32xx_it.o(i.EXTI4_15_IRQHandler) refers to stm32l0xx_hal_gpio.o(i.HAL_GPIO_EXTI_IRQHandler) for HAL_GPIO_EXTI_IRQHandler
    stm32xx_it.o(i.EXTI4_15_IRQHandler) refers to stm32xx_it.o(.data) for .data
    stm32xx_it.o(i.SysTick_Handler) refers to stm32l0xx_hal.o(i.HAL_IncTick) for HAL_IncTick
    stm32xx_it.o(i.SysTick_Handler) refers to stm32xx_it.o(.data) for .data
    stm32l0xx_hal_msp.o(i.HAL_SPI_MspInit) refers to stm32l0xx_hal_gpio.o(i.HAL_GPIO_Init) for HAL_GPIO_Init
    stm32l0xx_hal_msp.o(i.HAL_SPI_MspInit) refers to stm32l0xx_hal_gpio.o(i.HAL_GPIO_WritePin) for HAL_GPIO_WritePin
    stm32l0xx_hal_msp.o(i.HAL_SPI_MspInit) refers to stm32l0xx_hal_cortex.o(i.HAL_NVIC_SetPriority) for HAL_NVIC_SetPriority
    stm32l0xx_hal_msp.o(i.HAL_SPI_MspInit) refers to stm32l0xx_hal_cortex.o(i.HAL_NVIC_EnableIRQ) for HAL_NVIC_EnableIRQ
    main.o(i.User_Process) refers to sensor_service.o(i.setConnectable) for setConnectable
    main.o(i.User_Process) refers to sensor_service.o(.data) for set_connectable
    main.o(i.main) refers to stm32l0xx_hal.o(i.HAL_Init) for HAL_Init
    main.o(i.main) refers to stm32l0xx_nucleo.o(i.BSP_LED_Init) for BSP_LED_Init
    main.o(i.main) refers to cube_hal_l0.o(i.SystemClock_Config) for SystemClock_Config
    main.o(i.main) refers to sensor_service.o(i.initializeAllSensors) for initializeAllSensors
    main.o(i.main) refers to sensor_service.o(i.enableAllSensors) for enableAllSensors
    main.o(i.main) refers to stm32_bluenrg_ble.o(i.BNRG_SPI_Init) for BNRG_SPI_Init
    main.o(i.main) refers to hci.o(i.HCI_Init) for HCI_Init
    main.o(i.main) refers to stm32_bluenrg_ble.o(i.BlueNRG_RST) for BlueNRG_RST
    main.o(i.main) refers to bluenrg_utils_small.o(i.getBlueNRGVersion) for getBlueNRGVersion
    main.o(i.main) refers to osal.o(i.Osal_MemCpy) for Osal_MemCpy
    main.o(i.main) refers to bluenrg_hal_aci.o(i.aci_hal_write_config_data) for aci_hal_write_config_data
    main.o(i.main) refers to bluenrg_gatt_aci.o(i.aci_gatt_init) for aci_gatt_init
    main.o(i.main) refers to bluenrg_gap_aci.o(i.aci_gap_init_IDB04A1) for aci_gap_init_IDB04A1
    main.o(i.main) refers to strlen.o(.text) for strlen
    main.o(i.main) refers to bluenrg_gatt_aci.o(i.aci_gatt_update_char_value) for aci_gatt_update_char_value
    main.o(i.main) refers to bluenrg_gap_aci.o(i.aci_gap_init_IDB05A1) for aci_gap_init_IDB05A1
    main.o(i.main) refers to bluenrg_gap_aci.o(i.aci_gap_set_auth_requirement) for aci_gap_set_auth_requirement
    main.o(i.main) refers to sensor_service.o(i.Add_Acc_Service) for Add_Acc_Service
    main.o(i.main) refers to sensor_service.o(i.Add_Environmental_Sensor_Service) for Add_Environmental_Sensor_Service
    main.o(i.main) refers to sensor_service.o(i.Add_LED_Service) for Add_LED_Service
    main.o(i.main) refers to bluenrg_hal_aci.o(i.aci_hal_set_tx_power_level) for aci_hal_set_tx_power_level
    main.o(i.main) refers to hci.o(i.HCI_Process) for HCI_Process
    main.o(i.main) refers to main.o(i.User_Process) for User_Process
    main.o(i.main) refers to main.o(.data) for .data
[...]
    FLASH_IRQHandler                         0x080000e7   Thumb Code     0  startup_stm32l053xx.o(.text)
    I2C1_IRQHandler                          0x080000e7   Thumb Code     0  startup_stm32l053xx.o(.text)
    I2C2_IRQHandler                          0x080000e7   Thumb Code     0  startup_stm32l053xx.o(.text)
    LCD_IRQHandler                           0x080000e7   Thumb Code     0  startup_stm32l053xx.o(.text)
    LPTIM1_IRQHandler                        0x080000e7   Thumb Code     0  startup_stm32l053xx.o(.text)
    PVD_IRQHandler                           0x080000e7   Thumb Code     0  startup_stm32l053xx.o(.text)
    RCC_CRS_IRQHandler                       0x080000e7   Thumb Code     0  startup_stm32l053xx.o(.text)
    RNG_LPUART1_IRQHandler                   0x080000e7   Thumb Code     0  startup_stm32l053xx.o(.text)
    RTC_IRQHandler                           0x080000e7   Thumb Code     0  startup_stm32l053xx.o(.text)
    SPI1_IRQHandler                          0x080000e7   Thumb Code     0  startup_stm32l053xx.o(.text)
    SPI2_IRQHandler                          0x080000e7   Thumb Code     0  startup_stm32l053xx.o(.text)
    TIM21_IRQHandler                         0x080000e7   Thumb Code     0  startup_stm32l053xx.o(.text)
    TIM22_IRQHandler                         0x080000e7   Thumb Code     0  startup_stm32l053xx.o(.text)
    TIM2_IRQHandler                          0x080000e7   Thumb Code     0  startup_stm32l053xx.o(.text)
    TIM6_DAC_IRQHandler                      0x080000e7   Thumb Code     0  startup_stm32l053xx.o(.text)
    TSC_IRQHandler                           0x080000e7   Thumb Code     0  startup_stm32l053xx.o(.text)
    USART1_IRQHandler                        0x080000e7   Thumb Code     0  startup_stm32l053xx.o(.text)
    USART2_IRQHandler                        0x080000e7   Thumb Code     0  startup_stm32l053xx.o(.text)
    USB_IRQHandler                           0x080000e7   Thumb Code     0  startup_stm32l053xx.o(.text)
    WWDG_IRQHandler                          0x080000e7   Thumb Code     0  startup_stm32l053xx.o(.text)
    __aeabi_uidiv                            0x080000f1   Thumb Code     0  uidiv.o(.text)
    __aeabi_uidivmod                         0x080000f1   Thumb Code    44  uidiv.o(.text)
    __aeabi_idiv                             0x0800011d   Thumb Code     0  idiv.o(.text)
    __aeabi_idivmod                          0x0800011d   Thumb Code    40  idiv.o(.text)
    ___aeabi_memcpy$ret                      0x08000145   Thumb Code    40  memcpy.o(.text)
    ___aeabi_memcpy4$ret                     0x08000145   Thumb Code     0  memcpy.o(.text)
    ___aeabi_memcpy8$ret                     0x08000145   Thumb Code     0  memcpy.o(.text)
    memcpy                                   0x08000145   Thumb Code     0  memcpy.o(.text)
    __aeabi_memset                           0x0800016d   Thumb Code    14  memseta.o(.text)
    __aeabi_memset4                          0x0800016d   Thumb Code     0  memseta.o(.text)
    __aeabi_memset8                          0x0800016d   Thumb Code     0  memseta.o(.text)
    __aeabi_memclr                           0x0800017b   Thumb Code     4  memseta.o(.text)
    __aeabi_memclr4                          0x0800017b   Thumb Code     0  memseta.o(.text)
    __aeabi_memclr8                          0x0800017b   Thumb Code     0  memseta.o(.text)
    memset                                   0x0800017f   Thumb Code    18  memseta.o(.text)
    strlen                                   0x08000191   Thumb Code    14  strlen.o(.text)
    __aeabi_uwrite4                          0x0800019f   Thumb Code    18  uwrite4.o(.text)
    __rt_uwrite4                             0x0800019f   Thumb Code     0  uwrite4.o(.text)
    _uwrite4                                 0x0800019f   Thumb Code     0  uwrite4.o(.text)
    __aeabi_fadd                             0x080001b1   Thumb Code   162  fadd.o(.text)
    __aeabi_fsub                             0x08000253   Thumb Code     8  fadd.o(.text)
    __aeabi_frsub                            0x0800025b   Thumb Code     8  fadd.o(.text)
    __aeabi_fmul                             0x08000263   Thumb Code   122  fmul.o(.text)
    __aeabi_fdiv                             0x080002dd   Thumb Code   124  fdiv.o(.text)
    __aeabi_dadd                             0x08000359   Thumb Code   328  dadd.o(.text)
    __aeabi_dsub                             0x080004a1   Thumb Code    12  dadd.o(.text)
    __aeabi_drsub                            0x080004ad   Thumb Code    12  dadd.o(.text)
    __aeabi_i2f                              0x080004bd   Thumb Code    22  fflti.o(.text)
    __aeabi_ui2f                             0x080004d3   Thumb Code    14  ffltui.o(.text)
    __aeabi_f2iz                             0x080004e1   Thumb Code    50  ffixi.o(.text)
    __aeabi_f2uiz                            0x08000513   Thumb Code    40  ffixui.o(.text)
    __aeabi_d2iz                             0x0800053d   Thumb Code    62  dfixi.o(.text)
    __aeabi_f2d                              0x08000585   Thumb Code    40  f2d.o(.text)
    __aeabi_llsl                             0x080005ad   Thumb Code    32  llshl.o(.text)
    _ll_shift_l                              0x080005ad   Thumb Code     0  llshl.o(.text)
    __aeabi_llsr                             0x080005cd   Thumb Code    34  llushr.o(.text)
    _ll_ushift_r                             0x080005cd   Thumb Code     0  llushr.o(.text)
    __aeabi_lasr                             0x080005ef   Thumb Code    38  llsshr.o(.text)
    _ll_sshift_r                             0x080005ef   Thumb Code     0  llsshr.o(.text)
    __I$use$fp                               0x08000615   Thumb Code     0  iusefp.o(.text)
    _float_round                             0x08000615   Thumb Code    16  fepilogue.o(.text)
    _float_epilogue                          0x08000625   Thumb Code   114  fepilogue.o(.text)
    _double_round                            0x08000697   Thumb Code    26  depilogue.o(.text)
    _double_epilogue                         0x080006b1   Thumb Code   164  depilogue.o(.text)
    __scatterload                            0x08000755   Thumb Code    28  init.o(.text)
    __scatterload_rt2                        0x08000755   Thumb Code     0  init.o(.text)
    __I$use$semihosting$fputc                0x08000779   Thumb Code     0  iusesemip.o(.text)
    __decompress                             0x08000779   Thumb Code     0  __dczerorl2.o(.text)
    __decompress1                            0x08000779   Thumb Code    86  __dczerorl2.o(.text)
    __semihosting_library_function           0x08000779   Thumb Code     0  semi.o(.text)
    Acc_Update                               0x080007d1   Thumb Code    56  sensor_service.o(i.Acc_Update)
    Add_Acc_Service                          0x08000811   Thumb Code   196  sensor_service.o(i.Add_Acc_Service)
    Add_Environmental_Sensor_Service         0x080008d9   Thumb Code   454  sensor_service.o(i.Add_Environmental_Sensor_Service)
    Add_LED_Service                          0x08000aad   Thumb Code   198  sensor_service.o(i.Add_LED_Service)
    Attribute_Modified_CB                    0x08000b79   Thumb Code    40  sensor_service.o(i.Attribute_Modified_CB)
    BNRG_SPI_Init                            0x08000ba5   Thumb Code    50  stm32_bluenrg_ble.o(i.BNRG_SPI_Init)
    BSP_GetTick                              0x08000be1   Thumb Code     8  nucleo_l053r8_bus.o(i.BSP_GetTick)
    BSP_HUMIDITY_Get_Hum                     0x08000ccd   Thumb Code    32  x_nucleo_iks01a1_humidity.o(i.BSP_HUMIDITY_Get_Hum)
    BSP_HUMIDITY_Init                        0x08000ced   Thumb Code    20  x_nucleo_iks01a1_humidity.o(i.BSP_HUMIDITY_Init)
    BSP_HUMIDITY_IsInitialized               0x08000d01   Thumb Code    20  x_nucleo_iks01a1_humidity.o(i.BSP_HUMIDITY_IsInitialized)
    BSP_I2C1_DeInit                          0x08000d15   Thumb Code    44  nucleo_l053r8_bus.o(i.BSP_I2C1_DeInit)
    BSP_I2C1_Init                            0x08000d4d   Thumb Code    98  nucleo_l053r8_bus.o(i.BSP_I2C1_Init)
    BSP_I2C1_ReadReg                         0x08000dc1   Thumb Code    38  nucleo_l053r8_bus.o(i.BSP_I2C1_ReadReg)
    BSP_I2C1_WriteReg                        0x08000ded   Thumb Code    40  nucleo_l053r8_bus.o(i.BSP_I2C1_WriteReg)
    BSP_LED_Init                             0x08000e19   Thumb Code    64  stm32l0xx_nucleo.o(i.BSP_LED_Init)
    BSP_LED_Off                              0x08000e65   Thumb Code    22  stm32l0xx_nucleo.o(i.BSP_LED_Off)
    BSP_LED_On                               0x08000e85   Thumb Code    22  stm32l0xx_nucleo.o(i.BSP_LED_On)
    BSP_TEMPERATURE_Get_Temp                 0x08000fed   Thumb Code    32  x_nucleo_iks01a1_temperature.o(i.BSP_TEMPERATURE_Get_Temp)
    BSP_TEMPERATURE_Init                     0x0800100d   Thumb Code    92  x_nucleo_iks01a1_temperature.o(i.BSP_TEMPERATURE_Init)
    BSP_TEMPERATURE_IsInitialized            0x08001069   Thumb Code    20  x_nucleo_iks01a1_temperature.o(i.BSP_TEMPERATURE_IsInitialized)
    BSP_TEMPERATURE_Sensor_Enable            0x0800107d   Thumb Code    28  x_nucleo_iks01a1_temperature.o(i.BSP_TEMPERATURE_Sensor_Enable)
    BlueNRG_DataPresent                      0x08001099   Thumb Code    20  stm32_bluenrg_ble.o(i.BlueNRG_DataPresent)
    BlueNRG_RST                              0x080010ad   Thumb Code    44  stm32_bluenrg_ble.o(i.BlueNRG_RST)
    BlueNRG_SPI_Read_All                     0x080010d9   Thumb Code   140  stm32_bluenrg_ble.o(i.BlueNRG_SPI_Read_All)
    BlueNRG_SPI_Write                        0x0800116d   Thumb Code   148  stm32_bluenrg_ble.o(i.BlueNRG_SPI_Write)
    Clear_SPI_EXTI_Flag                      0x08001211   Thumb Code     8  stm32_bluenrg_ble.o(i.Clear_SPI_EXTI_Flag)
    Clock_Time                               0x0800121d   Thumb Code     8  clock.o(i.Clock_Time)
    Disable_SPI_IRQ                          0x08001225   Thumb Code    10  stm32_bluenrg_ble.o(i.Disable_SPI_IRQ)
    EXTI0_1_IRQHandler                       0x0800122f   Thumb Code    10  stm32xx_it.o(i.EXTI0_1_IRQHandler)
    EXTI4_15_IRQHandler                      0x08001239   Thumb Code    18  stm32xx_it.o(i.EXTI4_15_IRQHandler)
    Enable_SPI_IRQ                           0x08001251   Thumb Code    10  stm32_bluenrg_ble.o(i.Enable_SPI_IRQ)
    GAP_ConnectionComplete_CB                0x0800125d   Thumb Code    18  sensor_service.o(i.GAP_ConnectionComplete_CB)
    GAP_DisconnectionComplete_CB             0x08001275   Thumb Code    14  sensor_service.o(i.GAP_DisconnectionComplete_CB)
    HAL_Delay                                0x08001289   Thumb Code    22  stm32l0xx_hal.o(i.HAL_Delay)
    HAL_GPIO_DeInit                          0x080012a1   Thumb Code   202  stm32l0xx_hal_gpio.o(i.HAL_GPIO_DeInit)
    HAL_GPIO_EXTI_Callback                   0x08001385   Thumb Code     8  bluenrg_interface.o(i.HAL_GPIO_EXTI_Callback)
    HAL_GPIO_EXTI_IRQHandler                 0x0800138d   Thumb Code    18  stm32l0xx_hal_gpio.o(i.HAL_GPIO_EXTI_IRQHandler)
    HAL_GPIO_Init                            0x080013a5   Thumb Code   346  stm32l0xx_hal_gpio.o(i.HAL_GPIO_Init)
    HAL_GPIO_ReadPin                         0x0800151d   Thumb Code    10  stm32l0xx_hal_gpio.o(i.HAL_GPIO_ReadPin)
    HAL_GPIO_WritePin                        0x08001527   Thumb Code    12  stm32l0xx_hal_gpio.o(i.HAL_GPIO_WritePin)
    HAL_GetTick                              0x08001535   Thumb Code     6  stm32l0xx_hal.o(i.HAL_GetTick)
    HAL_I2CEx_ConfigAnalogFilter             0x08001541   Thumb Code    96  stm32l0xx_hal_i2c_ex.o(i.HAL_I2CEx_ConfigAnalogFilter)
    HAL_I2CEx_ConfigDigitalFilter            0x080015a1   Thumb Code    94  stm32l0xx_hal_i2c_ex.o(i.HAL_I2CEx_ConfigDigitalFilter)
    HAL_I2C_DeInit                           0x080015ff   Thumb Code    48  stm32l0xx_hal_i2c.o(i.HAL_I2C_DeInit)
    HAL_I2C_GetState                         0x0800162f   Thumb Code     6  stm32l0xx_hal_i2c.o(i.HAL_I2C_GetState)
    HAL_I2C_Init                             0x08001635   Thumb Code   158  stm32l0xx_hal_i2c.o(i.HAL_I2C_Init)
    HAL_I2C_Mem_Read                         0x080016d9   Thumb Code   272  stm32l0xx_hal_i2c.o(i.HAL_I2C_Mem_Read)
    HAL_I2C_Mem_Write                        0x080017ed   Thumb Code   258  stm32l0xx_hal_i2c.o(i.HAL_I2C_Mem_Write)
    HAL_I2C_MspDeInit                        0x080018f5   Thumb Code     2  stm32l0xx_hal_i2c.o(i.HAL_I2C_MspDeInit)
    HAL_I2C_MspInit                          0x080018f7   Thumb Code     2  stm32l0xx_hal_i2c.o(i.HAL_I2C_MspInit)
    HAL_IncTick                              0x080018f9   Thumb Code    10  stm32l0xx_hal.o(i.HAL_IncTick)
    HAL_Init                                 0x08001909   Thumb Code    26  stm32l0xx_hal.o(i.HAL_Init)
    HAL_InitTick                             0x08001929   Thumb Code    34  stm32l0xx_hal.o(i.HAL_InitTick)
    HAL_MspInit                              0x0800194b   Thumb Code     2  stm32l0xx_hal.o(i.HAL_MspInit)
    HAL_NVIC_DisableIRQ                      0x0800194d   Thumb Code    14  stm32l0xx_hal_cortex.o(i.HAL_NVIC_DisableIRQ)
    HAL_NVIC_EnableIRQ                       0x08001961   Thumb Code    14  stm32l0xx_hal_cortex.o(i.HAL_NVIC_EnableIRQ)
    HAL_NVIC_SetPriority                     0x08001975   Thumb Code     8  stm32l0xx_hal_cortex.o(i.HAL_NVIC_SetPriority)
    HAL_RCC_ClockConfig                      0x0800197d   Thumb Code   320  stm32l0xx_hal_rcc.o(i.HAL_RCC_ClockConfig)
    HAL_RCC_GetHCLKFreq                      0x08001ac9   Thumb Code    26  stm32l0xx_hal_rcc.o(i.HAL_RCC_GetHCLKFreq)
    HAL_RCC_GetSysClockFreq                  0x08001af1   Thumb Code   108  stm32l0xx_hal_rcc.o(i.HAL_RCC_GetSysClockFreq)
    HAL_RCC_OscConfig                        0x08001b75   Thumb Code  1064  stm32l0xx_hal_rcc.o(i.HAL_RCC_OscConfig)
    HAL_SPI_Init                             0x08001f9d   Thumb Code   132  stm32l0xx_hal_spi.o(i.HAL_SPI_Init)
    HAL_SPI_MspInit                          0x08002021   Thumb Code   276  stm32l0xx_hal_msp.o(i.HAL_SPI_MspInit)
    HAL_SPI_TransmitReceive                  0x08002145   Thumb Code   696  stm32l0xx_hal_spi.o(i.HAL_SPI_TransmitReceive)
    HAL_SYSTICK_Config                       0x080023fd   Thumb Code    38  stm32l0xx_hal_cortex.o(i.HAL_SYSTICK_Config)
    HCI_Event_CB                             0x0800242d   Thumb Code   122  sensor_service.o(i.HCI_Event_CB)
    HCI_Init                                 0x080024b1   Thumb Code    42  hci.o(i.HCI_Init)
    HCI_Isr                                  0x080024e5   Thumb Code    98  hci.o(i.HCI_Isr)
    HCI_Process                              0x08002551   Thumb Code    66  hci.o(i.HCI_Process)
    HCI_Queue_Empty                          0x08002599   Thumb Code    10  hci.o(i.HCI_Queue_Empty)
    HCI_verify                               0x080025a9   Thumb Code    34  hci.o(i.HCI_verify)
    HTS221_Activate                          0x080025cb   Thumb Code    48  hts221_driver.o(i.HTS221_Activate)
    HTS221_DeActivate                        0x08002621   Thumb Code    50  hts221_driver.o(i.HTS221_DeActivate)
    HTS221_Get_DataStatus                    0x08002653   Thumb Code    48  hts221_driver.o(i.HTS221_Get_DataStatus)
    HTS221_Get_DeviceID                      0x08002683   Thumb Code    20  hts221_driver.o(i.HTS221_Get_DeviceID)
    HTS221_Get_Humidity                      0x08002699   Thumb Code   200  hts221_driver.o(i.HTS221_Get_Humidity)
    HTS221_Get_Odr                           0x080027b1   Thumb Code    38  hts221_driver.o(i.HTS221_Get_Odr)
    HTS221_Get_Temperature                   0x080027d9   Thumb Code   188  hts221_driver.o(i.HTS221_Get_Temperature)
    HTS221_ReadReg                           0x08002a23   Thumb Code    28  hts221_driver.o(i.HTS221_ReadReg)
    HTS221_Set_BduMode                       0x08002a6d   Thumb Code    72  hts221_driver.o(i.HTS221_Set_BduMode)
    HTS221_Set_Odr                           0x08002b4d   Thumb Code    74  hts221_driver.o(i.HTS221_Set_Odr)
    HTS221_WriteReg                          0x08002d29   Thumb Code    28  hts221_driver.o(i.HTS221_WriteReg)
    HTS221_assert_failed                     0x08002d59   Thumb Code    12  hts221_driver.o(i.HTS221_assert_failed)
    Hal_Write_Serial                         0x08002d95   Thumb Code    60  stm32_bluenrg_ble.o(i.Hal_Write_Serial)
    HardFault_Handler                        0x08002dd9   Thumb Code     2  stm32xx_it.o(i.HardFault_Handler)
    Humidity_Update                          0x08002ddd   Thumb Code    30  sensor_service.o(i.Humidity_Update)
    IKS01A2_MOTION_SENSOR_Enable             0x08003161   Thumb Code    58  iks01a2_motion_sensors.o(i.IKS01A2_MOTION_SENSOR_Enable)
    IKS01A2_MOTION_SENSOR_GetAxes            0x080031a5   Thumb Code    60  iks01a2_motion_sensors.o(i.IKS01A2_MOTION_SENSOR_GetAxes)
    IKS01A2_MOTION_SENSOR_Init               0x080031e9   Thumb Code   172  iks01a2_motion_sensors.o(i.IKS01A2_MOTION_SENSOR_Init)
    LPS22HB_Get_DataStatus                   0x08003469   Thumb Code    58  lps22hb_driver.o(i.LPS22HB_Get_DataStatus)
    LPS22HB_Get_DeviceID                     0x080034a3   Thumb Code    20  lps22hb_driver.o(i.LPS22HB_Get_DeviceID)
    LPS22HB_Get_FifoMode                     0x080034b7   Thumb Code    38  lps22hb_driver.o(i.LPS22HB_Get_FifoMode)
    LPS22HB_Get_FifoStatus                   0x080034dd   Thumb Code    70  lps22hb_driver.o(i.LPS22HB_Get_FifoStatus)
    LPS22HB_Get_FifoWatermarkLevel           0x08003523   Thumb Code    34  lps22hb_driver.o(i.LPS22HB_Get_FifoWatermarkLevel)
    LPS22HB_Get_Odr                          0x080035a9   Thumb Code    36  lps22hb_driver.o(i.LPS22HB_Get_Odr)
    LPS22HB_Get_Pressure                     0x080035f5   Thumb Code    38  lps22hb_driver.o(i.LPS22HB_Get_Pressure)
    LPS22HB_Get_RawPressure                  0x0800361b   Thumb Code    60  lps22hb_driver.o(i.LPS22HB_Get_RawPressure)
    LPS22HB_Get_RawTemperature               0x08003657   Thumb Code    40  lps22hb_driver.o(i.LPS22HB_Get_RawTemperature)
    LPS22HB_Get_Temperature                  0x080036b1   Thumb Code    40  lps22hb_driver.o(i.LPS22HB_Get_Temperature)
    LPS22HB_ReadReg                          0x0800374d   Thumb Code    48  lps22hb_driver.o(i.LPS22HB_ReadReg)
    LPS22HB_Sensor_IO_ITConfig               0x08003791   Thumb Code    68  x_nucleo_iks01a1.o(i.LPS22HB_Sensor_IO_ITConfig)
    LPS22HB_Set_AutomaticIncrementRegAddress 0x080037dd   Thumb Code    54  lps22hb_driver.o(i.LPS22HB_Set_AutomaticIncrementRegAddress)
    LPS22HB_Set_Bdu                          0x08003813   Thumb Code    58  lps22hb_driver.o(i.LPS22HB_Set_Bdu)
    LPS22HB_Set_FIFO_FTH_Interrupt           0x0800384d   Thumb Code    54  lps22hb_driver.o(i.LPS22HB_Set_FIFO_FTH_Interrupt)
    LPS22HB_Set_FIFO_FULL_Interrupt          0x08003883   Thumb Code    54  lps22hb_driver.o(i.LPS22HB_Set_FIFO_FULL_Interrupt)
    LPS22HB_Set_FIFO_OVR_Interrupt           0x080038b9   Thumb Code    54  lps22hb_driver.o(i.LPS22HB_Set_FIFO_OVR_Interrupt)
    LPS22HB_Set_FifoMode                     0x080038ef   Thumb Code    52  lps22hb_driver.o(i.LPS22HB_Set_FifoMode)
    LPS22HB_Set_FifoModeUse                  0x08003923   Thumb Code    54  lps22hb_driver.o(i.LPS22HB_Set_FifoModeUse)
    LPS22HB_Set_FifoWatermarkLevel           0x08003959   Thumb Code    52  lps22hb_driver.o(i.LPS22HB_Set_FifoWatermarkLevel)
    LPS22HB_Set_FifoWatermarkLevelUse        0x0800398d   Thumb Code    54  lps22hb_driver.o(i.LPS22HB_Set_FifoWatermarkLevelUse)
    LPS22HB_Set_LowPassFilter                0x080039c3   Thumb Code    54  lps22hb_driver.o(i.LPS22HB_Set_LowPassFilter)
    LPS22HB_Set_LowPassFilterCutoff          0x080039f9   Thumb Code    54  lps22hb_driver.o(i.LPS22HB_Set_LowPassFilterCutoff)
    LPS22HB_Set_Odr                          0x08003b3f   Thumb Code    54  lps22hb_driver.o(i.LPS22HB_Set_Odr)
    LPS22HB_Set_PowerMode                    0x08003b75   Thumb Code    52  lps22hb_driver.o(i.LPS22HB_Set_PowerMode)
    LPS22HB_WriteReg                         0x08003cd7   Thumb Code    48  lps22hb_driver.o(i.LPS22HB_WriteReg)
    LPS25HB_Activate                         0x08003d19   Thumb Code    16  lps25hb_driver.o(i.LPS25HB_Activate)
    LPS25HB_DeActivate                       0x08003d4f   Thumb Code    16  lps25hb_driver.o(i.LPS25HB_DeActivate)
    LPS25HB_Get_DataStatus                   0x08003d5f   Thumb Code    58  lps25hb_driver.o(i.LPS25HB_Get_DataStatus)
    LPS25HB_Get_DeviceID                     0x08003d99   Thumb Code    20  lps25hb_driver.o(i.LPS25HB_Get_DeviceID)
    LPS25HB_Get_Odr                          0x08003e05   Thumb Code    36  lps25hb_driver.o(i.LPS25HB_Get_Odr)
    LPS25HB_Get_RawTemperature               0x08003e29   Thumb Code    40  lps25hb_driver.o(i.LPS25HB_Get_RawTemperature)
    LPS25HB_Get_Temperature                  0x08003e51   Thumb Code    40  lps25hb_driver.o(i.LPS25HB_Get_Temperature)
    LPS25HB_ReadReg                          0x08003edf   Thumb Code    28  lps25hb_driver.o(i.LPS25HB_ReadReg)
    LPS25HB_Set_Avg                          0x08003f29   Thumb Code   100  lps25hb_driver.o(i.LPS25HB_Set_Avg)
    LPS25HB_Set_Bdu                          0x08003f91   Thumb Code    70  lps25hb_driver.o(i.LPS25HB_Set_Bdu)
    LPS25HB_Set_InterruptCircuitEnable       0x08003fdd   Thumb Code    74  lps25hb_driver.o(i.LPS25HB_Set_InterruptCircuitEnable)
    LPS25HB_Set_Odr                          0x08004091   Thumb Code    82  lps25hb_driver.o(i.LPS25HB_Set_Odr)
    LPS25HB_Set_PowerDownMode                0x080040e9   Thumb Code    72  lps25hb_driver.o(i.LPS25HB_Set_PowerDownMode)
    LPS25HB_Set_SpiInterface                 0x08004135   Thumb Code    68  lps25hb_driver.o(i.LPS25HB_Set_SpiInterface)
    LPS25HB_WriteReg                         0x080042b9   Thumb Code    28  lps25hb_driver.o(i.LPS25HB_WriteReg)
    LPS25HB_assert_failed                    0x080042e9   Thumb Code    12  lps25hb_driver.o(i.LPS25HB_assert_failed)
    LSM6DSL_ACC_Disable                      0x0800441d   Thumb Code    62  lsm6dsl.o(i.LSM6DSL_ACC_Disable)
    LSM6DSL_ACC_Enable                       0x0800445b   Thumb Code    40  lsm6dsl.o(i.LSM6DSL_ACC_Enable)
    LSM6DSL_ACC_GetAxes                      0x08004483   Thumb Code   116  lsm6dsl.o(i.LSM6DSL_ACC_GetAxes)
    LSM6DSL_ACC_GetAxesRaw                   0x080044f7   Thumb Code    44  lsm6dsl.o(i.LSM6DSL_ACC_GetAxesRaw)
    LSM6DSL_ACC_GetFullScale                 0x08004525   Thumb Code    64  lsm6dsl.o(i.LSM6DSL_ACC_GetFullScale)
    LSM6DSL_ACC_GetOutputDataRate            0x08004569   Thumb Code   100  lsm6dsl.o(i.LSM6DSL_ACC_GetOutputDataRate)
    LSM6DSL_ACC_GetSensitivity               0x080045fd   Thumb Code    64  lsm6dsl.o(i.LSM6DSL_ACC_GetSensitivity)
    LSM6DSL_ACC_SetFullScale                 0x08004651   Thumb Code    44  lsm6dsl.o(i.LSM6DSL_ACC_SetFullScale)
    LSM6DSL_ACC_SetOutputDataRate            0x0800467d   Thumb Code   116  lsm6dsl.o(i.LSM6DSL_ACC_SetOutputDataRate)
    LSM6DSL_DeInit                           0x080047a9   Thumb Code    44  lsm6dsl.o(i.LSM6DSL_DeInit)
    LSM6DSL_GYRO_Disable                     0x080047d5   Thumb Code    62  lsm6dsl.o(i.LSM6DSL_GYRO_Disable)
    LSM6DSL_GYRO_Enable                      0x08004813   Thumb Code    40  lsm6dsl.o(i.LSM6DSL_GYRO_Enable)
    LSM6DSL_GYRO_GetAxes                     0x0800483b   Thumb Code   110  lsm6dsl.o(i.LSM6DSL_GYRO_GetAxes)
    LSM6DSL_GYRO_GetAxesRaw                  0x080048a9   Thumb Code    44  lsm6dsl.o(i.LSM6DSL_GYRO_GetAxesRaw)
    LSM6DSL_GYRO_GetFullScale                0x080048d5   Thumb Code    74  lsm6dsl.o(i.LSM6DSL_GYRO_GetFullScale)
    LSM6DSL_GYRO_GetOutputDataRate           0x08004925   Thumb Code    96  lsm6dsl.o(i.LSM6DSL_GYRO_GetOutputDataRate)
    LSM6DSL_GYRO_GetSensitivity              0x080049b1   Thumb Code    68  lsm6dsl.o(i.LSM6DSL_GYRO_GetSensitivity)
    LSM6DSL_GYRO_SetFullScale                0x08004a0d   Thumb Code    60  lsm6dsl.o(i.LSM6DSL_GYRO_SetFullScale)
    LSM6DSL_GYRO_SetOutputDataRate           0x08004a49   Thumb Code   116  lsm6dsl.o(i.LSM6DSL_GYRO_SetOutputDataRate)
    LSM6DSL_GetCapabilities                  0x08004b75   Thumb Code    34  lsm6dsl.o(i.LSM6DSL_GetCapabilities)
    LSM6DSL_Init                             0x08004b9d   Thumb Code   114  lsm6dsl.o(i.LSM6DSL_Init)
    LSM6DSL_ReadID                           0x08004c0f   Thumb Code    18  lsm6dsl.o(i.LSM6DSL_ReadID)
    LSM6DSL_RegisterBusIO                    0x08004c21   Thumb Code    94  lsm6dsl.o(i.LSM6DSL_RegisterBusIO)
    LSM6DSL_Write_Reg                        0x08004c89   Thumb Code    22  lsm6dsl.o(i.LSM6DSL_Write_Reg)
    LedState_Update                          0x08004ca1   Thumb Code    30  sensor_service.o(i.LedState_Update)
    MX_I2C1_Init                             0x08004cc5   Thumb Code    74  nucleo_l053r8_bus.o(i.MX_I2C1_Init)
    NMI_Handler                              0x08004d19   Thumb Code     2  stm32xx_it.o(i.NMI_Handler)
    Osal_MemCpy                              0x08004d61   Thumb Code     8  osal.o(i.Osal_MemCpy)
    Osal_MemSet                              0x08004d69   Thumb Code     8  osal.o(i.Osal_MemSet)
    PendSV_Handler                           0x08004d71   Thumb Code     2  stm32xx_it.o(i.PendSV_Handler)
    Read_Request_CB                          0x08004d81   Thumb Code   162  sensor_service.o(i.Read_Request_CB)
    SVC_Handler                              0x08004ee3   Thumb Code     2  stm32xx_it.o(i.SVC_Handler)
    Sensor_IO_Init                           0x08004ee5   Thumb Code    14  x_nucleo_iks01a1.o(i.Sensor_IO_Init)
    Sensor_IO_Read                           0x08004ef5   Thumb Code    40  x_nucleo_iks01a1.o(i.Sensor_IO_Read)
    Sensor_IO_Write                          0x08004f25   Thumb Code    40  x_nucleo_iks01a1.o(i.Sensor_IO_Write)
    SysTick_Handler                          0x08004f55   Thumb Code    16  stm32xx_it.o(i.SysTick_Handler)
    SystemClock_Config                       0x08004f69   Thumb Code    92  cube_hal_l0.o(i.SystemClock_Config)
    SystemInit                               0x08004fcd   Thumb Code    66  system_stm32l0xx.o(i.SystemInit)
    Temp_Update                              0x08005021   Thumb Code    30  sensor_service.o(i.Temp_Update)
    Timer_Expired                            0x08005095   Thumb Code    28  gp_timer.o(i.Timer_Expired)
    Timer_Set                                0x080050b1   Thumb Code    14  gp_timer.o(i.Timer_Set)
    User_Process                             0x080050c1   Thumb Code    20  main.o(i.User_Process)
    __0printf$3                              0x080050e9   Thumb Code    24  printf3.o(i.__0printf$3)
    __1printf$3                              0x080050e9   Thumb Code     0  printf3.o(i.__0printf$3)
    __2printf                                0x080050e9   Thumb Code     0  printf3.o(i.__0printf$3)
    __ARM_clz                                0x08005109   Thumb Code    46  depilogue.o(i.__ARM_clz)
    __ARM_common_switch8                     0x08005137   Thumb Code    26  hts221_driver_hl.o(i.__ARM_common_switch8)
    __scatterload_copy                       0x08005151   Thumb Code    14  handlers.o(i.__scatterload_copy)
    __scatterload_null                       0x0800515f   Thumb Code     2  handlers.o(i.__scatterload_null)
    __scatterload_zeroinit                   0x08005161   Thumb Code    14  handlers.o(i.__scatterload_zeroinit)
    aci_gap_init_IDB04A1                     0x0800533d   Thumb Code   124  bluenrg_gap_aci.o(i.aci_gap_init_IDB04A1)
    aci_gap_init_IDB05A1                     0x080053b9   Thumb Code   126  bluenrg_gap_aci.o(i.aci_gap_init_IDB05A1)
    aci_gap_set_auth_requirement             0x08005437   Thumb Code   116  bluenrg_gap_aci.o(i.aci_gap_set_auth_requirement)
    aci_gap_set_discoverable                 0x080054ab   Thumb Code   174  bluenrg_gap_aci.o(i.aci_gap_set_discoverable)
    aci_gatt_add_char                        0x08005559   Thumb Code   176  bluenrg_gatt_aci.o(i.aci_gatt_add_char)
    aci_gatt_add_char_desc                   0x08005609   Thumb Code   220  bluenrg_gatt_aci.o(i.aci_gatt_add_char_desc)
    aci_gatt_add_serv                        0x080056e5   Thumb Code   128  bluenrg_gatt_aci.o(i.aci_gatt_add_serv)
    aci_gatt_allow_read                      0x08005765   Thumb Code    68  bluenrg_gatt_aci.o(i.aci_gatt_allow_read)
    aci_gatt_init                            0x080057a9   Thumb Code    56  bluenrg_gatt_aci.o(i.aci_gatt_init)
    aci_gatt_update_char_value               0x080057e1   Thumb Code   116  bluenrg_gatt_aci.o(i.aci_gatt_update_char_value)
    aci_hal_set_tx_power_level               0x08005855   Thumb Code    68  bluenrg_hal_aci.o(i.aci_hal_set_tx_power_level)
    aci_hal_write_config_data                0x08005899   Thumb Code    94  bluenrg_hal_aci.o(i.aci_hal_write_config_data)
    enableAllSensors                         0x080058f9   Thumb Code    26  sensor_service.o(i.enableAllSensors)
    fputc                                    0x08005919   Thumb Code    18  fputc.o(i.fputc)
    getBlueNRGVersion                        0x0800592b   Thumb Code    82  bluenrg_utils_small.o(i.getBlueNRGVersion)
    hci_le_read_local_version                0x0800597d   Thumb Code   130  hci.o(i.hci_le_read_local_version)
    hci_le_set_scan_resp_data                0x080059ff   Thumb Code    98  hci.o(i.hci_le_set_scan_resp_data)
    hci_send_cmd                             0x08005a61   Thumb Code    48  hci.o(i.hci_send_cmd)
    hci_send_req                             0x08005a91   Thumb Code   392  hci.o(i.hci_send_req)
    hci_write                                0x08005c21   Thumb Code     8  hci.o(i.hci_write)
    initializeAllSensors                     0x08005c29   Thumb Code    30  sensor_service.o(i.initializeAllSensors)
    list_get_size                            0x08005c4d   Thumb Code    28  ble_list.o(i.list_get_size)
    list_init_head                           0x08005c69   Thumb Code     6  ble_list.o(i.list_init_head)
    list_insert_head                         0x08005c6f   Thumb Code    24  ble_list.o(i.list_insert_head)
    list_insert_tail                         0x08005c87   Thumb Code    24  ble_list.o(i.list_insert_tail)
    list_is_empty                            0x08005c9f   Thumb Code    24  ble_list.o(i.list_is_empty)
    list_remove_head                         0x08005cb7   Thumb Code    36  ble_list.o(i.list_remove_head)
    list_remove_node                         0x08005cdb   Thumb Code    22  ble_list.o(i.list_remove_node)
    list_remove_tail                         0x08005cf1   Thumb Code    36  ble_list.o(i.list_remove_tail)
    lsm6dsl_acceleration_raw_get             0x08005d15   Thumb Code    14  lsm6dsl_reg.o(i.lsm6dsl_acceleration_raw_get)
    lsm6dsl_angular_rate_raw_get             0x08005d23   Thumb Code    14  lsm6dsl_reg.o(i.lsm6dsl_angular_rate_raw_get)
    lsm6dsl_auto_increment_set               0x08005d31   Thumb Code    52  lsm6dsl_reg.o(i.lsm6dsl_auto_increment_set)
    lsm6dsl_block_data_update_set            0x08005d65   Thumb Code    52  lsm6dsl_reg.o(i.lsm6dsl_block_data_update_set)
    lsm6dsl_device_id_get                    0x08005d99   Thumb Code    14  lsm6dsl_reg.o(i.lsm6dsl_device_id_get)
    lsm6dsl_fifo_mode_set                    0x08005da7   Thumb Code    52  lsm6dsl_reg.o(i.lsm6dsl_fifo_mode_set)
    lsm6dsl_gy_data_rate_get                 0x08005ddb   Thumb Code    90  lsm6dsl_reg.o(i.lsm6dsl_gy_data_rate_get)
    lsm6dsl_gy_data_rate_set                 0x08005e35   Thumb Code    50  lsm6dsl_reg.o(i.lsm6dsl_gy_data_rate_set)
    lsm6dsl_gy_full_scale_get                0x08005e67   Thumb Code    64  lsm6dsl_reg.o(i.lsm6dsl_gy_full_scale_get)
    lsm6dsl_gy_full_scale_set                0x08005ea7   Thumb Code    52  lsm6dsl_reg.o(i.lsm6dsl_gy_full_scale_set)
    lsm6dsl_read_reg                         0x08005edb   Thumb Code    14  lsm6dsl_reg.o(i.lsm6dsl_read_reg)
    lsm6dsl_write_reg                        0x08005ee9   Thumb Code    14  lsm6dsl_reg.o(i.lsm6dsl_write_reg)
    lsm6dsl_xl_data_rate_get                 0x08005ef7   Thumb Code    94  lsm6dsl_reg.o(i.lsm6dsl_xl_data_rate_get)
    lsm6dsl_xl_data_rate_set                 0x08005f55   Thumb Code    50  lsm6dsl_reg.o(i.lsm6dsl_xl_data_rate_set)
    lsm6dsl_xl_full_scale_get                0x08005f87   Thumb Code    42  lsm6dsl_reg.o(i.lsm6dsl_xl_full_scale_get)
    lsm6dsl_xl_full_scale_set                0x08005fb1   Thumb Code    52  lsm6dsl_reg.o(i.lsm6dsl_xl_full_scale_set)
    main                                     0x08005fe5   Thumb Code   224  main.o(i.main)
    setConnectable                           0x08006101   Thumb Code    54  sensor_service.o(i.setConnectable)
    CLOCK_SECOND                             0x08006140   Data           4  clock.o(.constdata)
    BUTTON_IRQn                              0x08006144   Data           1  stm32l0xx_nucleo.o(.constdata)
    LED_PIN                                  0x08006146   Data           2  stm32l0xx_nucleo.o(.constdata)
    BUTTON_PIN                               0x08006148   Data           2  stm32l0xx_nucleo.o(.constdata)
    AHBPrescTable                            0x0800614a   Data          16  system_stm32l0xx.o(.constdata)
    PLLMulTable                              0x0800615a   Data           9  system_stm32l0xx.o(.constdata)
    Region$$Table$$Base                      0x080061b8   Number         0  anon$$obj.o(Region$$Table)
    Region$$Table$$Limit                     0x080061d8   Number         0  anon$$obj.o(Region$$Table)
    button_event                             0x20000000   Data           1  stm32xx_it.o(.data)
    ms_counter                               0x20000004   Data           4  stm32xx_it.o(.data)
    bnrg_expansion_board                     0x20000008   Data           1  main.o(.data)
    set_connectable                          0x2000000c   Data           1  sensor_service.o(.data)
    notification_enabled                     0x2000000d   Data           1  sensor_service.o(.data)
    ledState                                 0x2000000e   Data           1  sensor_service.o(.data)
    connection_handle                        0x20000010   Data           2  sensor_service.o(.data)
    accServHandle                            0x20000012   Data           2  sensor_service.o(.data)
    accCharHandle                            0x20000014   Data           2  sensor_service.o(.data)
    envSensServHandle                        0x20000016   Data           2  sensor_service.o(.data)
    tempCharHandle                           0x20000018   Data           2  sensor_service.o(.data)
    humidityCharHandle                       0x2000001a   Data           2  sensor_service.o(.data)
    ledServHandle                            0x2000001c   Data           2  sensor_service.o(.data)
    ledCharHandle                            0x2000001e   Data           2  sensor_service.o(.data)
    connected                                0x20000020   Data           4  sensor_service.o(.data)
    HUMIDITY_handle                          0x20000024   Data           4  sensor_service.o(.data)
    TEMPERATURE_handle                       0x20000028   Data           4  sensor_service.o(.data)
    LED_PORT                                 0x2000002c   Data           4  stm32l0xx_nucleo.o(.data)
    BUTTON_PORT                              0x20000030   Data           4  stm32l0xx_nucleo.o(.data)
    SpixTimeout                              0x20000034   Data           4  stm32l0xx_nucleo.o(.data)
    SystemCoreClock                          0x20000040   Data           4  system_stm32l0xx.o(.data)
    hciReadPktPool                           0x2000004c   Data           8  hci.o(.data)
    hciReadPktRxQueue                        0x20000054   Data           8  hci.o(.data)
    HTS221_H_Drv                             0x2000007c   Data          52  hts221_driver_hl.o(.data)
    HTS221_T_Drv                             0x200000b0   Data          52  hts221_driver_hl.o(.data)
    HTS221_Combo_Data                        0x200000e4   Data           4  hts221_driver_hl.o(.data)
    LPS25HB_T_Drv                            0x200000e8   Data          52  lps25hb_driver_hl.o(.data)
    LPS25HB_Combo_Data                       0x2000011c   Data           8  lps25hb_driver_hl.o(.data)
    LPS22HB_T_Drv                            0x20000124   Data          52  lps22hb_driver_hl.o(.data)
    LPS22HB_T_ExtDrv                         0x20000158   Data          60  lps22hb_driver_hl.o(.data)
    LPS22HB_Combo_Data                       0x20000194   Data           8  lps22hb_driver_hl.o(.data)
    MotionCompObj                            0x2000019c   Data           4  iks01a2_motion_sensors.o(.data)
    LSM6DSL_COMMON_Driver                    0x200001bc   Data          16  lsm6dsl.o(.data)
    LSM6DSL_ACC_Driver                       0x200001cc   Data          36  lsm6dsl.o(.data)
    LSM6DSL_GYRO_Driver                      0x200001f0   Data          36  lsm6dsl.o(.data)
    __stdout                                 0x20000214   Data           4  stdout.o(.data)
    acceleration                             0x20000218   Data          12  sensor_service.o(.bss)
    hbusi2c1                                 0x20000224   Data          60  nucleo_l053r8_bus.o(.bss)
    SpiHandle                                0x20000260   Data          88  stm32_bluenrg_ble.o(.bss)
    __initial_sp                             0x20000a70   Data           0  startup_stm32l053xx.o(STACK)



==============================================================================

Memory Map of the image

  Image Entry point : 0x080000c1

  Load Region LR_IROM1 (Base: 0x08000000, Size: 0x000063f0, Max: 0x00010000, ABSOLUTE, COMPRESSED[0x00006314])

    Execution Region ER_IROM1 (Exec base: 0x08000000, Load base: 0x08000000, Size: 0x000061d8, Max: 0x00010000, ABSOLUTE)

    Exec Addr    Load Addr    Size         Type   Attr      Idx    E Section Name        Object

    0x08000000   0x08000000   0x000000c0   Data   RO            3    RESET               startup_stm32l053xx.o
    0x080000c0   0x080000c0   0x00000000   Code   RO        13787  * .ARM.Collect$$$$00000000  mc_p.l(entry.o)
    0x080000c0   0x080000c0   0x00000004   Code   RO        14093    .ARM.Collect$$$$00000001  mc_p.l(entry2.o)
    0x080000c4   0x080000c4   0x00000004   Code   RO        14096    .ARM.Collect$$$$00000004  mc_p.l(entry5.o)
    0x080000c8   0x080000c8   0x00000000   Code   RO        14098    .ARM.Collect$$$$00000008  mc_p.l(entry7b.o)
    0x080000c8   0x080000c8   0x00000000   Code   RO        14100    .ARM.Collect$$$$0000000A  mc_p.l(entry8b.o)
    0x080000c8   0x080000c8   0x00000008   Code   RO        14101    .ARM.Collect$$$$0000000B  mc_p.l(entry9a.o)
    0x080000d0   0x080000d0   0x00000000   Code   RO        14103    .ARM.Collect$$$$0000000D  mc_p.l(entry10a.o)
    0x080000d0   0x080000d0   0x00000000   Code   RO        14105    .ARM.Collect$$$$0000000F  mc_p.l(entry11a.o)
    0x080000d0   0x080000d0   0x00000004   Code   RO        14094    .ARM.Collect$$$$00002712  mc_p.l(entry2.o)
    0x080000d4   0x080000d4   0x0000001c   Code   RO            4    .text               startup_stm32l053xx.o
    0x080000f0   0x080000f0   0x0000002c   Code   RO        13790    .text               mc_p.l(uidiv.o)
    0x0800011c   0x0800011c   0x00000028   Code   RO        13792    .text               mc_p.l(idiv.o)
    0x08000144   0x08000144   0x00000028   Code   RO        13798    .text               mc_p.l(memcpy.o)
    0x0800016c   0x0800016c   0x00000024   Code   RO        13802    .text               mc_p.l(memseta.o)
    0x08000190   0x08000190   0x0000000e   Code   RO        13804    .text               mc_p.l(strlen.o)
    0x0800019e   0x0800019e   0x00000012   Code   RO        14071    .text               mc_p.l(uwrite4.o)
    0x080001b0   0x080001b0   0x000000b2   Code   RO        14073    .text               mf_p.l(fadd.o)
    0x08000262   0x08000262   0x0000007a   Code   RO        14075    .text               mf_p.l(fmul.o)
    0x080002dc   0x080002dc   0x0000007c   Code   RO        14077    .text               mf_p.l(fdiv.o)
    0x08000358   0x08000358   0x00000164   Code   RO        14079    .text               mf_p.l(dadd.o)
    0x080004bc   0x080004bc   0x00000016   Code   RO        14081    .text               mf_p.l(fflti.o)
    0x080004d2   0x080004d2   0x0000000e   Code   RO        14083    .text               mf_p.l(ffltui.o)
    0x080004e0   0x080004e0   0x00000032   Code   RO        14085    .text               mf_p.l(ffixi.o)
    0x08000512   0x08000512   0x00000028   Code   RO        14087    .text               mf_p.l(ffixui.o)
    0x0800053a   0x0800053a   0x00000002   PAD
    0x0800053c   0x0800053c   0x00000048   Code   RO        14089    .text               mf_p.l(dfixi.o)
    0x08000584   0x08000584   0x00000028   Code   RO        14091    .text               mf_p.l(f2d.o)
    0x080005ac   0x080005ac   0x00000020   Code   RO        14112    .text               mc_p.l(llshl.o)
    0x080005cc   0x080005cc   0x00000022   Code   RO        14114    .text               mc_p.l(llushr.o)
    0x080005ee   0x080005ee   0x00000026   Code   RO        14116    .text               mc_p.l(llsshr.o)
    0x08000614   0x08000614   0x00000000   Code   RO        14118    .text               mc_p.l(iusefp.o)
    0x08000614   0x08000614   0x00000082   Code   RO        14119    .text               mf_p.l(fepilogue.o)
    0x08000696   0x08000696   0x000000be   Code   RO        14121    .text               mf_p.l(depilogue.o)
    0x08000754   0x08000754   0x00000024   Code   RO        14133    .text               mc_p.l(init.o)
    0x08000778   0x08000778   0x00000000   Code   RO        14135    .text               mc_p.l(semi.o)
    0x08000778   0x08000778   0x00000000   Code   RO        14136    .text               mc_p.l(iusesemip.o)
    0x08000778   0x08000778   0x00000056   Code   RO        14145    .text               mc_p.l(__dczerorl2.o)
    0x080007ce   0x080007ce   0x00000002   PAD
    0x080007d0   0x080007d0   0x00000040   Code   RO          390    i.Acc_Update        sensor_service.o
    0x08000810   0x08000810   0x000000c8   Code   RO          391    i.Add_Acc_Service   sensor_service.o
    0x080008d8   0x080008d8   0x000001d4   Code   RO          392    i.Add_Environmental_Sensor_Service  sensor_service.o
    0x08000aac   0x08000aac   0x000000cc   Code   RO          393    i.Add_LED_Service   sensor_service.o
    0x08000b78   0x08000b78   0x0000002c   Code   RO          394    i.Attribute_Modified_CB  sensor_service.o
    0x08000ba4   0x08000ba4   0x0000003c   Code   RO          831    i.BNRG_SPI_Init     stm32_bluenrg_ble.o
    0x08000be0   0x08000be0   0x00000008   Code   RO          583    i.BSP_GetTick       nucleo_l053r8_bus.o
    0x08000be8   0x08000be8   0x00000070   Code   RO         4690    i.BSP_HTS221_HUMIDITY_Init  x_nucleo_iks01a1_humidity.o
    0x08000c58   0x08000c58   0x00000074   Code   RO         5176    i.BSP_HTS221_TEMPERATURE_Init  x_nucleo_iks01a1_temperature.o
    0x08000ccc   0x08000ccc   0x00000020   Code   RO         4694    i.BSP_HUMIDITY_Get_Hum  x_nucleo_iks01a1_humidity.o
    0x08000cec   0x08000cec   0x00000014   Code   RO         4698    i.BSP_HUMIDITY_Init  x_nucleo_iks01a1_humidity.o
    0x08000d00   0x08000d00   0x00000014   Code   RO         4701    i.BSP_HUMIDITY_IsInitialized  x_nucleo_iks01a1_humidity.o
    0x08000d14   0x08000d14   0x00000038   Code   RO          584    i.BSP_I2C1_DeInit   nucleo_l053r8_bus.o
    0x08000d4c   0x08000d4c   0x00000074   Code   RO          585    i.BSP_I2C1_Init     nucleo_l053r8_bus.o
    0x08000dc0   0x08000dc0   0x0000002c   Code   RO          587    i.BSP_I2C1_ReadReg  nucleo_l053r8_bus.o
    0x08000dec   0x08000dec   0x0000002c   Code   RO          592    i.BSP_I2C1_WriteReg  nucleo_l053r8_bus.o
    0x08000e18   0x08000e18   0x0000004c   Code   RO          675    i.BSP_LED_Init      stm32l0xx_nucleo.o
    0x08000e64   0x08000e64   0x00000020   Code   RO          676    i.BSP_LED_Off       stm32l0xx_nucleo.o
    0x08000e84   0x08000e84   0x00000020   Code   RO          677    i.BSP_LED_On        stm32l0xx_nucleo.o
    0x08000ea4   0x08000ea4   0x0000008c   Code   RO         5177    i.BSP_LPS22HB_TEMPERATURE_Init  x_nucleo_iks01a1_temperature.o
    0x08000f30   0x08000f30   0x000000bc   Code   RO         5178    i.BSP_LPS25HB_TEMPERATURE_Init  x_nucleo_iks01a1_temperature.o
    0x08000fec   0x08000fec   0x00000020   Code   RO         5195    i.BSP_TEMPERATURE_Get_Temp  x_nucleo_iks01a1_temperature.o
    0x0800100c   0x0800100c   0x0000005c   Code   RO         5197    i.BSP_TEMPERATURE_Init  x_nucleo_iks01a1_temperature.o
    0x08001068   0x08001068   0x00000014   Code   RO         5200    i.BSP_TEMPERATURE_IsInitialized  x_nucleo_iks01a1_temperature.o
    0x0800107c   0x0800107c   0x0000001c   Code   RO         5203    i.BSP_TEMPERATURE_Sensor_Enable  x_nucleo_iks01a1_temperature.o
    0x08001098   0x08001098   0x00000014   Code   RO          832    i.BlueNRG_DataPresent  stm32_bluenrg_ble.o
    0x080010ac   0x080010ac   0x0000002c   Code   RO          834    i.BlueNRG_RST       stm32_bluenrg_ble.o
    0x080010d8   0x080010d8   0x00000094   Code   RO          835    i.BlueNRG_SPI_Read_All  stm32_bluenrg_ble.o
    0x0800116c   0x0800116c   0x000000a4   Code   RO          836    i.BlueNRG_SPI_Write  stm32_bluenrg_ble.o
    0x08001210   0x08001210   0x0000000c   Code   RO          837    i.Clear_SPI_EXTI_Flag  stm32_bluenrg_ble.o
    0x0800121c   0x0800121c   0x00000008   Code   RO          162    i.Clock_Time        clock.o
    0x08001224   0x08001224   0x0000000a   Code   RO          839    i.Disable_SPI_IRQ   stm32_bluenrg_ble.o
    0x0800122e   0x0800122e   0x0000000a   Code   RO          226    i.EXTI0_1_IRQHandler  stm32xx_it.o
    0x08001238   0x08001238   0x00000018   Code   RO          227    i.EXTI4_15_IRQHandler  stm32xx_it.o
    0x08001250   0x08001250   0x0000000a   Code   RO          840    i.Enable_SPI_IRQ    stm32_bluenrg_ble.o
    0x0800125a   0x0800125a   0x00000002   PAD
    0x0800125c   0x0800125c   0x00000018   Code   RO          395    i.GAP_ConnectionComplete_CB  sensor_service.o
    0x08001274   0x08001274   0x00000014   Code   RO          396    i.GAP_DisconnectionComplete_CB  sensor_service.o
    0x08001288   0x08001288   0x00000016   Code   RO          971    i.HAL_Delay         stm32l0xx_hal.o
    0x0800129e   0x0800129e   0x00000002   PAD
    0x080012a0   0x080012a0   0x000000e4   Code   RO         1761    i.HAL_GPIO_DeInit   stm32l0xx_hal_gpio.o
    0x08001384   0x08001384   0x00000008   Code   RO           12    i.HAL_GPIO_EXTI_Callback  bluenrg_interface.o
    0x0800138c   0x0800138c   0x00000018   Code   RO         1763    i.HAL_GPIO_EXTI_IRQHandler  stm32l0xx_hal_gpio.o
    0x080013a4   0x080013a4   0x00000178   Code   RO         1764    i.HAL_GPIO_Init     stm32l0xx_hal_gpio.o
    0x0800151c   0x0800151c   0x0000000a   Code   RO         1766    i.HAL_GPIO_ReadPin  stm32l0xx_hal_gpio.o
    0x08001526   0x08001526   0x0000000c   Code   RO         1768    i.HAL_GPIO_WritePin  stm32l0xx_hal_gpio.o
    0x08001532   0x08001532   0x00000002   PAD
    0x08001534   0x08001534   0x0000000c   Code   RO          975    i.HAL_GetTick       stm32l0xx_hal.o
    0x08001540   0x08001540   0x00000060   Code   RO         2735    i.HAL_I2CEx_ConfigAnalogFilter  stm32l0xx_hal_i2c_ex.o
    0x080015a0   0x080015a0   0x0000005e   Code   RO         2736    i.HAL_I2CEx_ConfigDigitalFilter  stm32l0xx_hal_i2c_ex.o
    0x080015fe   0x080015fe   0x00000030   Code   RO         2422    i.HAL_I2C_DeInit    stm32l0xx_hal_i2c.o
    0x0800162e   0x0800162e   0x00000006   Code   RO         2427    i.HAL_I2C_GetState  stm32l0xx_hal_i2c.o
    0x08001634   0x08001634   0x000000a4   Code   RO         2428    i.HAL_I2C_Init      stm32l0xx_hal_i2c.o
    0x080016d8   0x080016d8   0x00000114   Code   RO         2440    i.HAL_I2C_Mem_Read  stm32l0xx_hal_i2c.o
    0x080017ec   0x080017ec   0x00000108   Code   RO         2443    i.HAL_I2C_Mem_Write  stm32l0xx_hal_i2c.o
    0x080018f4   0x080018f4   0x00000002   Code   RO         2446    i.HAL_I2C_MspDeInit  stm32l0xx_hal_i2c.o
    0x080018f6   0x080018f6   0x00000002   Code   RO         2447    i.HAL_I2C_MspInit   stm32l0xx_hal_i2c.o
    0x080018f8   0x080018f8   0x00000010   Code   RO          976    i.HAL_IncTick       stm32l0xx_hal.o
    0x08001908   0x08001908   0x00000020   Code   RO          977    i.HAL_Init          stm32l0xx_hal.o
    0x08001928   0x08001928   0x00000022   Code   RO          978    i.HAL_InitTick      stm32l0xx_hal.o
    0x0800194a   0x0800194a   0x00000002   Code   RO          980    i.HAL_MspInit       stm32l0xx_hal.o
    0x0800194c   0x0800194c   0x00000014   Code   RO         1379    i.HAL_NVIC_DisableIRQ  stm32l0xx_hal_cortex.o
    0x08001960   0x08001960   0x00000014   Code   RO         1380    i.HAL_NVIC_EnableIRQ  stm32l0xx_hal_cortex.o
    0x08001974   0x08001974   0x00000008   Code   RO         1384    i.HAL_NVIC_SetPriority  stm32l0xx_hal_cortex.o
    0x0800197c   0x0800197c   0x0000014c   Code   RO         1990    i.HAL_RCC_ClockConfig  stm32l0xx_hal_rcc.o
    0x08001ac8   0x08001ac8   0x00000028   Code   RO         1994    i.HAL_RCC_GetHCLKFreq  stm32l0xx_hal_rcc.o
    0x08001af0   0x08001af0   0x00000084   Code   RO         1998    i.HAL_RCC_GetSysClockFreq  stm32l0xx_hal_rcc.o
    0x08001b74   0x08001b74   0x00000428   Code   RO         2001    i.HAL_RCC_OscConfig  stm32l0xx_hal_rcc.o
    0x08001f9c   0x08001f9c   0x00000084   Code   RO         2195    i.HAL_SPI_Init      stm32l0xx_hal_spi.o
    0x08002020   0x08002020   0x00000124   Code   RO          294    i.HAL_SPI_MspInit   stm32l0xx_hal_msp.o
    0x08002144   0x08002144   0x000002b8   Code   RO         2204    i.HAL_SPI_TransmitReceive  stm32l0xx_hal_spi.o
    0x080023fc   0x080023fc   0x00000030   Code   RO         1388    i.HAL_SYSTICK_Config  stm32l0xx_hal_cortex.o
    0x0800242c   0x0800242c   0x00000084   Code   RO          397    i.HCI_Event_CB      sensor_service.o
    0x080024b0   0x080024b0   0x00000034   Code   RO         2785    i.HCI_Init          hci.o
    0x080024e4   0x080024e4   0x0000006c   Code   RO         2786    i.HCI_Isr           hci.o
    0x08002550   0x08002550   0x00000048   Code   RO         2787    i.HCI_Process       hci.o
    0x08002598   0x08002598   0x00000010   Code   RO         2788    i.HCI_Queue_Empty   hci.o
    0x080025a8   0x080025a8   0x00000022   Code   RO         2789    i.HCI_verify        hci.o
    0x080025ca   0x080025ca   0x00000030   Code   RO         5374    i.HTS221_Activate   hts221_driver.o
    0x080025fa   0x080025fa   0x00000026   Code   RO         5606    i.HTS221_Check_WhoAmI  hts221_driver_hl.o
    0x08002620   0x08002620   0x00000032   Code   RO         5375    i.HTS221_DeActivate  hts221_driver.o
    0x08002652   0x08002652   0x00000030   Code   RO         5379    i.HTS221_Get_DataStatus  hts221_driver.o
    0x08002682   0x08002682   0x00000014   Code   RO         5380    i.HTS221_Get_DeviceID  hts221_driver.o
    0x08002696   0x08002696   0x00000002   PAD
    0x08002698   0x08002698   0x000000d0   Code   RO         5383    i.HTS221_Get_Humidity  hts221_driver.o
    0x08002768   0x08002768   0x00000048   Code   RO         5607    i.HTS221_Get_ODR    hts221_driver_hl.o
    0x080027b0   0x080027b0   0x00000026   Code   RO         5390    i.HTS221_Get_Odr    hts221_driver.o
    0x080027d6   0x080027d6   0x00000002   PAD
    0x080027d8   0x080027d8   0x000000c0   Code   RO         5393    i.HTS221_Get_Temperature  hts221_driver.o
    0x08002898   0x08002898   0x0000000e   Code   RO         5608    i.HTS221_Get_WhoAmI  hts221_driver_hl.o
    0x080028a6   0x080028a6   0x00000008   Code   RO         5609    i.HTS221_H_Check_WhoAmI  hts221_driver_hl.o
    0x080028ae   0x080028ae   0x00000028   Code   RO         5610    i.HTS221_H_DeInit   hts221_driver_hl.o
    0x080028d6   0x080028d6   0x00000026   Code   RO         5611    i.HTS221_H_Get_DRDY_Status  hts221_driver_hl.o
    0x080028fc   0x080028fc   0x0000002c   Code   RO         5612    i.HTS221_H_Get_Hum  hts221_driver_hl.o
    0x08002928   0x08002928   0x00000008   Code   RO         5613    i.HTS221_H_Get_ODR  hts221_driver_hl.o
    0x08002930   0x08002930   0x00000008   Code   RO         5614    i.HTS221_H_Get_WhoAmI  hts221_driver_hl.o
    0x08002938   0x08002938   0x0000002a   Code   RO         5615    i.HTS221_H_Init     hts221_driver_hl.o
    0x08002962   0x08002962   0x0000000e   Code   RO         5616    i.HTS221_H_Read_Reg  hts221_driver_hl.o
    0x08002970   0x08002970   0x0000002e   Code   RO         5617    i.HTS221_H_Sensor_Disable  hts221_driver_hl.o
    0x0800299e   0x0800299e   0x00000034   Code   RO         5618    i.HTS221_H_Sensor_Enable  hts221_driver_hl.o
    0x080029d2   0x080029d2   0x00000008   Code   RO         5619    i.HTS221_H_Set_ODR  hts221_driver_hl.o
    0x080029da   0x080029da   0x00000008   Code   RO         5620    i.HTS221_H_Set_ODR_Value  hts221_driver_hl.o
    0x080029e2   0x080029e2   0x0000000e   Code   RO         5621    i.HTS221_H_Write_Reg  hts221_driver_hl.o
    0x080029f0   0x080029f0   0x00000032   Code   RO         5622    i.HTS221_Init       hts221_driver_hl.o
    0x08002a22   0x08002a22   0x0000001c   Code   RO         5397    i.HTS221_ReadReg    hts221_driver.o
    0x08002a3e   0x08002a3e   0x00000012   Code   RO         5623    i.HTS221_Read_Reg   hts221_driver_hl.o
    0x08002a50   0x08002a50   0x0000000e   Code   RO         5624    i.HTS221_Sensor_Disable  hts221_driver_hl.o
    0x08002a5e   0x08002a5e   0x0000000e   Code   RO         5625    i.HTS221_Sensor_Enable  hts221_driver_hl.o
    0x08002a6c   0x08002a6c   0x0000008c   Code   RO         5401    i.HTS221_Set_BduMode  hts221_driver.o
    0x08002af8   0x08002af8   0x00000026   Code   RO         5626    i.HTS221_Set_ODR    hts221_driver_hl.o
    0x08002b1e   0x08002b1e   0x00000002   PAD
    0x08002b20   0x08002b20   0x0000002c   Code   RO         5627    i.HTS221_Set_ODR_Value  hts221_driver_hl.o
    0x08002b4c   0x08002b4c   0x00000090   Code   RO         5407    i.HTS221_Set_Odr    hts221_driver.o
    0x08002bdc   0x08002bdc   0x00000008   Code   RO         5628    i.HTS221_T_Check_WhoAmI  hts221_driver_hl.o
    0x08002be4   0x08002be4   0x00000028   Code   RO         5629    i.HTS221_T_DeInit   hts221_driver_hl.o
    0x08002c0c   0x08002c0c   0x00000026   Code   RO         5630    i.HTS221_T_Get_DRDY_Status  hts221_driver_hl.o
    0x08002c32   0x08002c32   0x00000008   Code   RO         5631    i.HTS221_T_Get_ODR  hts221_driver_hl.o
    0x08002c3a   0x08002c3a   0x00000002   PAD
    0x08002c3c   0x08002c3c   0x0000002c   Code   RO         5632    i.HTS221_T_Get_Temp  hts221_driver_hl.o
    0x08002c68   0x08002c68   0x00000008   Code   RO         5633    i.HTS221_T_Get_WhoAmI  hts221_driver_hl.o
    0x08002c70   0x08002c70   0x0000002a   Code   RO         5634    i.HTS221_T_Init     hts221_driver_hl.o
    0x08002c9a   0x08002c9a   0x0000000e   Code   RO         5635    i.HTS221_T_Read_Reg  hts221_driver_hl.o
    0x08002ca8   0x08002ca8   0x0000002e   Code   RO         5636    i.HTS221_T_Sensor_Disable  hts221_driver_hl.o
    0x08002cd6   0x08002cd6   0x00000034   Code   RO         5637    i.HTS221_T_Sensor_Enable  hts221_driver_hl.o
    0x08002d0a   0x08002d0a   0x00000008   Code   RO         5638    i.HTS221_T_Set_ODR  hts221_driver_hl.o
    0x08002d12   0x08002d12   0x00000008   Code   RO         5639    i.HTS221_T_Set_ODR_Value  hts221_driver_hl.o
    0x08002d1a   0x08002d1a   0x0000000e   Code   RO         5640    i.HTS221_T_Write_Reg  hts221_driver_hl.o
    0x08002d28   0x08002d28   0x0000001c   Code   RO         5410    i.HTS221_WriteReg   hts221_driver.o
    0x08002d44   0x08002d44   0x00000012   Code   RO         5641    i.HTS221_Write_Reg  hts221_driver_hl.o
    0x08002d56   0x08002d56   0x00000002   PAD
    0x08002d58   0x08002d58   0x0000003c   Code   RO         5411    i.HTS221_assert_failed  hts221_driver.o
    0x08002d94   0x08002d94   0x00000044   Code   RO          841    i.Hal_Write_Serial  stm32_bluenrg_ble.o
    0x08002dd8   0x08002dd8   0x00000002   Code   RO          228    i.HardFault_Handler  stm32xx_it.o
    0x08002dda   0x08002dda   0x00000002   PAD
    0x08002ddc   0x08002ddc   0x00000024   Code   RO          398    i.Humidity_Update   sensor_service.o
    0x08002e00   0x08002e00   0x00000014   Code   RO         3864    i.I2C_EXPBD_Error   x_nucleo_iks01a1.o
    0x08002e14   0x08002e14   0x00000048   Code   RO         3865    i.I2C_EXPBD_Init    x_nucleo_iks01a1.o
    0x08002e5c   0x08002e5c   0x00000064   Code   RO         3866    i.I2C_EXPBD_MspInit  x_nucleo_iks01a1.o
    0x08002ec0   0x08002ec0   0x000000a0   Code   RO         2463    i.I2C_IsAcknowledgeFailed  stm32l0xx_hal_i2c.o
    0x08002f60   0x08002f60   0x00000064   Code   RO         2466    i.I2C_RequestMemoryRead  stm32l0xx_hal_i2c.o
    0x08002fc4   0x08002fc4   0x00000064   Code   RO         2467    i.I2C_RequestMemoryWrite  stm32l0xx_hal_i2c.o
    0x08003028   0x08003028   0x00000024   Code   RO         2470    i.I2C_TransferConfig  stm32l0xx_hal_i2c.o
    0x0800304c   0x0800304c   0x00000070   Code   RO         2471    i.I2C_WaitOnFlagUntilTimeout  stm32l0xx_hal_i2c.o
    0x080030bc   0x080030bc   0x00000050   Code   RO         2473    i.I2C_WaitOnSTOPFlagUntilTimeout  stm32l0xx_hal_i2c.o
    0x0800310c   0x0800310c   0x00000054   Code   RO         2474    i.I2C_WaitOnTXISFlagUntilTimeout  stm32l0xx_hal_i2c.o
    0x08003160   0x08003160   0x00000044   Code   RO        11465    i.IKS01A2_MOTION_SENSOR_Enable  iks01a2_motion_sensors.o
    0x080031a4   0x080031a4   0x00000044   Code   RO        11466    i.IKS01A2_MOTION_SENSOR_GetAxes  iks01a2_motion_sensors.o
    0x080031e8   0x080031e8   0x000000b4   Code   RO        11472    i.IKS01A2_MOTION_SENSOR_Init  iks01a2_motion_sensors.o
    0x0800329c   0x0800329c   0x00000026   Code   RO        11180    i.LPS22HB_Check_WhoAmI  lps22hb_driver_hl.o
    0x080032c2   0x080032c2   0x0000001e   Code   RO        11181    i.LPS22HB_FIFO_Get_Data  lps22hb_driver_hl.o
    0x080032e0   0x080032e0   0x00000018   Code   RO        11182    i.LPS22HB_FIFO_Get_Empty_Status  lps22hb_driver_hl.o
    0x080032f8   0x080032f8   0x00000018   Code   RO        11183    i.LPS22HB_FIFO_Get_Fth_Status  lps22hb_driver_hl.o
    0x08003310   0x08003310   0x00000018   Code   RO        11184    i.LPS22HB_FIFO_Get_Full_Status  lps22hb_driver_hl.o
    0x08003328   0x08003328   0x00000018   Code   RO        11185    i.LPS22HB_FIFO_Get_Mode  lps22hb_driver_hl.o
    0x08003340   0x08003340   0x00000018   Code   RO        11186    i.LPS22HB_FIFO_Get_Num_Of_Samples  lps22hb_driver_hl.o
    0x08003358   0x08003358   0x00000018   Code   RO        11187    i.LPS22HB_FIFO_Get_Ovr_Status  lps22hb_driver_hl.o
    0x08003370   0x08003370   0x0000000e   Code   RO        11188    i.LPS22HB_FIFO_Get_Watermark_Level  lps22hb_driver_hl.o
    0x0800337e   0x0800337e   0x00000030   Code   RO        11189    i.LPS22HB_FIFO_Reset_Interrupt  lps22hb_driver_hl.o
    0x080033ae   0x080033ae   0x00000030   Code   RO        11190    i.LPS22HB_FIFO_Set_Interrupt  lps22hb_driver_hl.o
    0x080033de   0x080033de   0x0000002e   Code   RO        11191    i.LPS22HB_FIFO_Set_Mode  lps22hb_driver_hl.o
    0x0800340c   0x0800340c   0x0000000e   Code   RO        11192    i.LPS22HB_FIFO_Set_Watermark_Level  lps22hb_driver_hl.o
    0x0800341a   0x0800341a   0x0000001a   Code   RO        11193    i.LPS22HB_FIFO_Stop_On_Fth  lps22hb_driver_hl.o
    0x08003434   0x08003434   0x0000001a   Code   RO        11194    i.LPS22HB_FIFO_Usage  lps22hb_driver_hl.o
    0x0800344e   0x0800344e   0x0000001a   Code   RO        11195    i.LPS22HB_FIFO_Watermark_Usage  lps22hb_driver_hl.o
    0x08003468   0x08003468   0x0000003a   Code   RO        10797    i.LPS22HB_Get_DataStatus  lps22hb_driver.o
    0x080034a2   0x080034a2   0x00000014   Code   RO        10798    i.LPS22HB_Get_DeviceID  lps22hb_driver.o
    0x080034b6   0x080034b6   0x00000026   Code   RO        10801    i.LPS22HB_Get_FifoMode  lps22hb_driver.o
    0x080034dc   0x080034dc   0x00000046   Code   RO        10802    i.LPS22HB_Get_FifoStatus  lps22hb_driver.o
    0x08003522   0x08003522   0x00000022   Code   RO        10803    i.LPS22HB_Get_FifoWatermarkLevel  lps22hb_driver.o
    0x08003544   0x08003544   0x00000064   Code   RO        11196    i.LPS22HB_Get_ODR   lps22hb_driver_hl.o
    0x080035a8   0x080035a8   0x00000024   Code   RO        10809    i.LPS22HB_Get_Odr   lps22hb_driver.o
    0x080035cc   0x080035cc   0x00000028   Code   RO        11197    i.LPS22HB_Get_Press  lps22hb_driver_hl.o
    0x080035f4   0x080035f4   0x00000026   Code   RO        10811    i.LPS22HB_Get_Pressure  lps22hb_driver.o
    0x0800361a   0x0800361a   0x0000003c   Code   RO        10814    i.LPS22HB_Get_RawPressure  lps22hb_driver.o
    0x08003656   0x08003656   0x00000028   Code   RO        10815    i.LPS22HB_Get_RawTemperature  lps22hb_driver.o
    0x0800367e   0x0800367e   0x00000002   PAD
    0x08003680   0x08003680   0x00000030   Code   RO        11198    i.LPS22HB_Get_Temp  lps22hb_driver_hl.o
    0x080036b0   0x080036b0   0x00000028   Code   RO        10818    i.LPS22HB_Get_Temperature  lps22hb_driver.o
    0x080036d8   0x080036d8   0x0000000e   Code   RO        11199    i.LPS22HB_Get_WhoAmI  lps22hb_driver_hl.o
    0x080036e6   0x080036e6   0x00000002   PAD
    0x080036e8   0x080036e8   0x00000064   Code   RO        11200    i.LPS22HB_Initialize  lps22hb_driver_hl.o
    0x0800374c   0x0800374c   0x00000030   Code   RO        10823    i.LPS22HB_ReadReg   lps22hb_driver.o
    0x0800377c   0x0800377c   0x00000012   Code   RO        11214    i.LPS22HB_Read_Reg  lps22hb_driver_hl.o
    0x0800378e   0x0800378e   0x00000002   PAD
    0x08003790   0x08003790   0x0000004c   Code   RO         3867    i.LPS22HB_Sensor_IO_ITConfig  x_nucleo_iks01a1.o
    0x080037dc   0x080037dc   0x00000036   Code   RO        10828    i.LPS22HB_Set_AutomaticIncrementRegAddress  lps22hb_driver.o
    0x08003812   0x08003812   0x0000003a   Code   RO        10829    i.LPS22HB_Set_Bdu   lps22hb_driver.o
    0x0800384c   0x0800384c   0x00000036   Code   RO        10832    i.LPS22HB_Set_FIFO_FTH_Interrupt  lps22hb_driver.o
    0x08003882   0x08003882   0x00000036   Code   RO        10833    i.LPS22HB_Set_FIFO_FULL_Interrupt  lps22hb_driver.o
    0x080038b8   0x080038b8   0x00000036   Code   RO        10834    i.LPS22HB_Set_FIFO_OVR_Interrupt  lps22hb_driver.o
    0x080038ee   0x080038ee   0x00000034   Code   RO        10836    i.LPS22HB_Set_FifoMode  lps22hb_driver.o
    0x08003922   0x08003922   0x00000036   Code   RO        10837    i.LPS22HB_Set_FifoModeUse  lps22hb_driver.o
    0x08003958   0x08003958   0x00000034   Code   RO        10838    i.LPS22HB_Set_FifoWatermarkLevel  lps22hb_driver.o
    0x0800398c   0x0800398c   0x00000036   Code   RO        10839    i.LPS22HB_Set_FifoWatermarkLevelUse  lps22hb_driver.o
    0x080039c2   0x080039c2   0x00000036   Code   RO        10847    i.LPS22HB_Set_LowPassFilter  lps22hb_driver.o
    0x080039f8   0x080039f8   0x00000036   Code   RO        10848    i.LPS22HB_Set_LowPassFilterCutoff  lps22hb_driver.o
    0x08003a2e   0x08003a2e   0x00000002   PAD
    0x08003a30   0x08003a30   0x00000034   Code   RO        11215    i.LPS22HB_Set_ODR_Value_When_Disabled  lps22hb_driver_hl.o
    0x08003a64   0x08003a64   0x00000058   Code   RO        11216    i.LPS22HB_Set_ODR_Value_When_Enabled  lps22hb_driver_hl.o
    0x08003abc   0x08003abc   0x00000040   Code   RO        11217    i.LPS22HB_Set_ODR_When_Disabled  lps22hb_driver_hl.o
    0x08003afc   0x08003afc   0x00000042   Code   RO        11218    i.LPS22HB_Set_ODR_When_Enabled  lps22hb_driver_hl.o
    0x08003b3e   0x08003b3e   0x00000036   Code   RO        10849    i.LPS22HB_Set_Odr   lps22hb_driver.o
    0x08003b74   0x08003b74   0x00000034   Code   RO        10852    i.LPS22HB_Set_PowerMode  lps22hb_driver.o
    0x08003ba8   0x08003ba8   0x00000008   Code   RO        11219    i.LPS22HB_T_Check_WhoAmI  lps22hb_driver_hl.o
    0x08003bb0   0x08003bb0   0x00000022   Code   RO        11220    i.LPS22HB_T_DeInit  lps22hb_driver_hl.o
    0x08003bd2   0x08003bd2   0x00000018   Code   RO        11221    i.LPS22HB_T_Get_DRDY_Status  lps22hb_driver_hl.o
    0x08003bea   0x08003bea   0x00000008   Code   RO        11222    i.LPS22HB_T_Get_ODR  lps22hb_driver_hl.o
    0x08003bf2   0x08003bf2   0x00000008   Code   RO        11223    i.LPS22HB_T_Get_Temp  lps22hb_driver_hl.o
    0x08003bfa   0x08003bfa   0x00000008   Code   RO        11224    i.LPS22HB_T_Get_WhoAmI  lps22hb_driver_hl.o
    0x08003c02   0x08003c02   0x00000026   Code   RO        11225    i.LPS22HB_T_Init    lps22hb_driver_hl.o
    0x08003c28   0x08003c28   0x0000000e   Code   RO        11226    i.LPS22HB_T_Read_Reg  lps22hb_driver_hl.o
    0x08003c36   0x08003c36   0x0000002a   Code   RO        11227    i.LPS22HB_T_Sensor_Disable  lps22hb_driver_hl.o
    0x08003c60   0x08003c60   0x00000028   Code   RO        11228    i.LPS22HB_T_Sensor_Enable  lps22hb_driver_hl.o
    0x08003c88   0x08003c88   0x00000020   Code   RO        11229    i.LPS22HB_T_Set_ODR  lps22hb_driver_hl.o
    0x08003ca8   0x08003ca8   0x00000020   Code   RO        11230    i.LPS22HB_T_Set_ODR_Value  lps22hb_driver_hl.o
    0x08003cc8   0x08003cc8   0x0000000e   Code   RO        11231    i.LPS22HB_T_Write_Reg  lps22hb_driver_hl.o
    0x08003cd6   0x08003cd6   0x00000030   Code   RO        10858    i.LPS22HB_WriteReg  lps22hb_driver.o
    0x08003d06   0x08003d06   0x00000012   Code   RO        11232    i.LPS22HB_Write_Reg  lps22hb_driver_hl.o
    0x08003d18   0x08003d18   0x00000010   Code   RO         6338    i.LPS25HB_Activate  lps25hb_driver.o
    0x08003d28   0x08003d28   0x00000026   Code   RO         6716    i.LPS25HB_Check_WhoAmI  lps25hb_driver_hl.o
    0x08003d4e   0x08003d4e   0x00000010   Code   RO         6339    i.LPS25HB_DeActivate  lps25hb_driver.o
    0x08003d5e   0x08003d5e   0x0000003a   Code   RO         6344    i.LPS25HB_Get_DataStatus  lps25hb_driver.o
    0x08003d98   0x08003d98   0x00000014   Code   RO         6345    i.LPS25HB_Get_DeviceID  lps25hb_driver.o
    0x08003dac   0x08003dac   0x00000058   Code   RO         6717    i.LPS25HB_Get_ODR   lps25hb_driver_hl.o
    0x08003e04   0x08003e04   0x00000024   Code   RO         6357    i.LPS25HB_Get_Odr   lps25hb_driver.o
    0x08003e28   0x08003e28   0x00000028   Code   RO         6362    i.LPS25HB_Get_RawTemperature  lps25hb_driver.o
    0x08003e50   0x08003e50   0x00000028   Code   RO         6365    i.LPS25HB_Get_Temperature  lps25hb_driver.o
    0x08003e78   0x08003e78   0x0000000e   Code   RO         6718    i.LPS25HB_Get_WhoAmI  lps25hb_driver_hl.o
    0x08003e86   0x08003e86   0x00000058   Code   RO         6719    i.LPS25HB_Init      lps25hb_driver_hl.o
    0x08003ede   0x08003ede   0x0000001c   Code   RO         6369    i.LPS25HB_ReadReg   lps25hb_driver.o
    0x08003efa   0x08003efa   0x00000012   Code   RO         6733    i.LPS25HB_Read_Reg  lps25hb_driver_hl.o
    0x08003f0c   0x08003f0c   0x0000000e   Code   RO         6734    i.LPS25HB_Sensor_Disable  lps25hb_driver_hl.o
    0x08003f1a   0x08003f1a   0x0000000e   Code   RO         6735    i.LPS25HB_Sensor_Enable  lps25hb_driver_hl.o
    0x08003f28   0x08003f28   0x00000068   Code   RO         6372    i.LPS25HB_Set_Avg   lps25hb_driver.o
    0x08003f90   0x08003f90   0x0000004c   Code   RO         6375    i.LPS25HB_Set_Bdu   lps25hb_driver.o
    0x08003fdc   0x08003fdc   0x00000050   Code   RO         6386    i.LPS25HB_Set_InterruptCircuitEnable  lps25hb_driver.o
    0x0800402c   0x0800402c   0x0000002a   Code   RO         6736    i.LPS25HB_Set_ODR   lps25hb_driver_hl.o
    0x08004056   0x08004056   0x00000002   PAD
    0x08004058   0x08004058   0x00000038   Code   RO         6737    i.LPS25HB_Set_ODR_Value  lps25hb_driver_hl.o
    0x08004090   0x08004090   0x00000058   Code   RO         6392    i.LPS25HB_Set_Odr   lps25hb_driver.o
    0x080040e8   0x080040e8   0x0000004c   Code   RO         6393    i.LPS25HB_Set_PowerDownMode  lps25hb_driver.o
    0x08004134   0x08004134   0x00000048   Code   RO         6395    i.LPS25HB_Set_SpiInterface  lps25hb_driver.o
    0x0800417c   0x0800417c   0x00000008   Code   RO         6738    i.LPS25HB_T_Check_WhoAmI  lps25hb_driver_hl.o
    0x08004184   0x08004184   0x00000028   Code   RO         6739    i.LPS25HB_T_DeInit  lps25hb_driver_hl.o
    0x080041ac   0x080041ac   0x00000018   Code   RO         6740    i.LPS25HB_T_Get_DRDY_Status  lps25hb_driver_hl.o
    0x080041c4   0x080041c4   0x00000008   Code   RO         6741    i.LPS25HB_T_Get_ODR  lps25hb_driver_hl.o
    0x080041cc   0x080041cc   0x0000002c   Code   RO         6742    i.LPS25HB_T_Get_Temp  lps25hb_driver_hl.o
    0x080041f8   0x080041f8   0x00000008   Code   RO         6743    i.LPS25HB_T_Get_WhoAmI  lps25hb_driver_hl.o
    0x08004200   0x08004200   0x0000002a   Code   RO         6744    i.LPS25HB_T_Init    lps25hb_driver_hl.o
    0x0800422a   0x0800422a   0x0000000e   Code   RO         6745    i.LPS25HB_T_Read_Reg  lps25hb_driver_hl.o
    0x08004238   0x08004238   0x0000002e   Code   RO         6746    i.LPS25HB_T_Sensor_Disable  lps25hb_driver_hl.o
    0x08004266   0x08004266   0x00000034   Code   RO         6747    i.LPS25HB_T_Sensor_Enable  lps25hb_driver_hl.o
    0x0800429a   0x0800429a   0x00000008   Code   RO         6748    i.LPS25HB_T_Set_ODR  lps25hb_driver_hl.o
    0x080042a2   0x080042a2   0x00000008   Code   RO         6749    i.LPS25HB_T_Set_ODR_Value  lps25hb_driver_hl.o
    0x080042aa   0x080042aa   0x0000000e   Code   RO         6750    i.LPS25HB_T_Write_Reg  lps25hb_driver_hl.o
    0x080042b8   0x080042b8   0x0000001c   Code   RO         6399    i.LPS25HB_WriteReg  lps25hb_driver.o
    0x080042d4   0x080042d4   0x00000012   Code   RO         6751    i.LPS25HB_Write_Reg  lps25hb_driver_hl.o
    0x080042e6   0x080042e6   0x00000002   PAD
    0x080042e8   0x080042e8   0x00000038   Code   RO         6400    i.LPS25HB_assert_failed  lps25hb_driver.o
    0x08004320   0x08004320   0x000000fc   Code   RO        11476    i.LSM6DSL_0_Probe   iks01a2_motion_sensors.o
    0x0800441c   0x0800441c   0x0000003e   Code   RO        11859    i.LSM6DSL_ACC_Disable  lsm6dsl.o
    0x0800445a   0x0800445a   0x00000028   Code   RO        11868    i.LSM6DSL_ACC_Enable  lsm6dsl.o
    0x08004482   0x08004482   0x00000074   Code   RO        11877    i.LSM6DSL_ACC_GetAxes  lsm6dsl.o
    0x080044f6   0x080044f6   0x0000002c   Code   RO        11878    i.LSM6DSL_ACC_GetAxesRaw  lsm6dsl.o
    0x08004522   0x08004522   0x00000002   PAD
    0x08004524   0x08004524   0x00000044   Code   RO        11879    i.LSM6DSL_ACC_GetFullScale  lsm6dsl.o
    0x08004568   0x08004568   0x00000094   Code   RO        11880    i.LSM6DSL_ACC_GetOutputDataRate  lsm6dsl.o
    0x080045fc   0x080045fc   0x00000054   Code   RO        11881    i.LSM6DSL_ACC_GetSensitivity  lsm6dsl.o
    0x08004650   0x08004650   0x0000002c   Code   RO        11892    i.LSM6DSL_ACC_SetFullScale  lsm6dsl.o
    0x0800467c   0x0800467c   0x00000098   Code   RO        11893    i.LSM6DSL_ACC_SetOutputDataRate  lsm6dsl.o
    0x08004714   0x08004714   0x00000094   Code   RO        11894    i.LSM6DSL_ACC_SetOutputDataRate_When_Enabled  lsm6dsl.o
    0x080047a8   0x080047a8   0x0000002c   Code   RO        11906    i.LSM6DSL_DeInit    lsm6dsl.o
    0x080047d4   0x080047d4   0x0000003e   Code   RO        11920    i.LSM6DSL_GYRO_Disable  lsm6dsl.o
    0x08004812   0x08004812   0x00000028   Code   RO        11921    i.LSM6DSL_GYRO_Enable  lsm6dsl.o
    0x0800483a   0x0800483a   0x0000006e   Code   RO        11922    i.LSM6DSL_GYRO_GetAxes  lsm6dsl.o
    0x080048a8   0x080048a8   0x0000002c   Code   RO        11923    i.LSM6DSL_GYRO_GetAxesRaw  lsm6dsl.o
    0x080048d4   0x080048d4   0x00000050   Code   RO        11924    i.LSM6DSL_GYRO_GetFullScale  lsm6dsl.o
    0x08004924   0x08004924   0x0000008c   Code   RO        11925    i.LSM6DSL_GYRO_GetOutputDataRate  lsm6dsl.o
    0x080049b0   0x080049b0   0x0000005c   Code   RO        11926    i.LSM6DSL_GYRO_GetSensitivity  lsm6dsl.o
    0x08004a0c   0x08004a0c   0x0000003c   Code   RO        11929    i.LSM6DSL_GYRO_SetFullScale  lsm6dsl.o
    0x08004a48   0x08004a48   0x00000098   Code   RO        11930    i.LSM6DSL_GYRO_SetOutputDataRate  lsm6dsl.o
    0x08004ae0   0x08004ae0   0x00000094   Code   RO        11931    i.LSM6DSL_GYRO_SetOutputDataRate_When_Enabled  lsm6dsl.o
    0x08004b74   0x08004b74   0x00000028   Code   RO        11933    i.LSM6DSL_GetCapabilities  lsm6dsl.o
    0x08004b9c   0x08004b9c   0x00000072   Code   RO        11934    i.LSM6DSL_Init      lsm6dsl.o
    0x08004c0e   0x08004c0e   0x00000012   Code   RO        11935    i.LSM6DSL_ReadID    lsm6dsl.o
    0x08004c20   0x08004c20   0x00000068   Code   RO        11937    i.LSM6DSL_RegisterBusIO  lsm6dsl.o
    0x08004c88   0x08004c88   0x00000016   Code   RO        11939    i.LSM6DSL_Write_Reg  lsm6dsl.o
    0x08004c9e   0x08004c9e   0x00000002   PAD
    0x08004ca0   0x08004ca0   0x00000024   Code   RO          399    i.LedState_Update   sensor_service.o
    0x08004cc4   0x08004cc4   0x00000054   Code   RO          594    i.MX_I2C1_Init      nucleo_l053r8_bus.o
    0x08004d18   0x08004d18   0x00000002   Code   RO          229    i.NMI_Handler       stm32xx_it.o
    0x08004d1a   0x08004d1a   0x00000002   PAD
    0x08004d1c   0x08004d1c   0x00000044   Code   RO         1390    i.NVIC_SetPriority  stm32l0xx_hal_cortex.o
    0x08004d60   0x08004d60   0x00000008   Code   RO         3844    i.Osal_MemCpy       osal.o
    0x08004d68   0x08004d68   0x00000008   Code   RO         3845    i.Osal_MemSet       osal.o
    0x08004d70   0x08004d70   0x00000002   Code   RO          230    i.PendSV_Handler    stm32xx_it.o
    0x08004d72   0x08004d72   0x0000000e   Code   RO        11940    i.ReadRegWrap       lsm6dsl.o
    0x08004d80   0x08004d80   0x000000b0   Code   RO          400    i.Read_Request_CB   sensor_service.o
    0x08004e30   0x08004e30   0x000000b2   Code   RO         2225    i.SPI_WaitOnFlagUntilTimeout  stm32l0xx_hal_spi.o
    0x08004ee2   0x08004ee2   0x00000002   Code   RO          231    i.SVC_Handler       stm32xx_it.o
    0x08004ee4   0x08004ee4   0x0000000e   Code   RO         3870    i.Sensor_IO_Init    x_nucleo_iks01a1.o
    0x08004ef2   0x08004ef2   0x00000002   PAD
    0x08004ef4   0x08004ef4   0x00000030   Code   RO         3871    i.Sensor_IO_Read    x_nucleo_iks01a1.o
    0x08004f24   0x08004f24   0x00000030   Code   RO         3872    i.Sensor_IO_Write   x_nucleo_iks01a1.o
    0x08004f54   0x08004f54   0x00000014   Code   RO          232    i.SysTick_Handler   stm32xx_it.o
    0x08004f68   0x08004f68   0x00000064   Code   RO          205    i.SystemClock_Config  cube_hal_l0.o
    0x08004fcc   0x08004fcc   0x00000054   Code   RO          930    i.SystemInit        system_stm32l0xx.o
    0x08005020   0x08005020   0x00000024   Code   RO          401    i.Temp_Update       sensor_service.o
    0x08005044   0x08005044   0x00000050   Code   RO          402    i.Temperature_Sensor_Handler  sensor_service.o
    0x08005094   0x08005094   0x0000001c   Code   RO         3719    i.Timer_Expired     gp_timer.o
    0x080050b0   0x080050b0   0x0000000e   Code   RO         3723    i.Timer_Set         gp_timer.o
    0x080050be   0x080050be   0x00000002   PAD
    0x080050c0   0x080050c0   0x00000018   Code   RO          314    i.User_Process      main.o
    0x080050d8   0x080050d8   0x0000000e   Code   RO        11941    i.WriteRegWrap      lsm6dsl.o
    0x080050e6   0x080050e6   0x00000002   PAD
    0x080050e8   0x080050e8   0x00000020   Code   RO        13897    i.__0printf$3       mc_p.l(printf3.o)
    0x08005108   0x08005108   0x0000002e   Code   RO        14123    i.__ARM_clz         mf_p.l(depilogue.o)
    0x08005136   0x08005136   0x0000001a   Code   RO         5794    i.__ARM_common_switch8  hts221_driver_hl.o
    0x08005150   0x08005150   0x0000000e   Code   RO        14139    i.__scatterload_copy  mc_p.l(handlers.o)
    0x0800515e   0x0800515e   0x00000002   Code   RO        14140    i.__scatterload_null  mc_p.l(handlers.o)
    0x08005160   0x08005160   0x0000000e   Code   RO        14141    i.__scatterload_zeroinit  mc_p.l(handlers.o)
    0x0800516e   0x0800516e   0x00000002   PAD
    0x08005170   0x08005170   0x000001cc   Code   RO        13904    i._printf_core      mc_p.l(printf3.o)
    0x0800533c   0x0800533c   0x0000007c   Code   RO         3059    i.aci_gap_init_IDB04A1  bluenrg_gap_aci.o
    0x080053b8   0x080053b8   0x0000007e   Code   RO         3060    i.aci_gap_init_IDB05A1  bluenrg_gap_aci.o
    0x08005436   0x08005436   0x00000074   Code   RO         3066    i.aci_gap_set_auth_requirement  bluenrg_gap_aci.o
    0x080054aa   0x080054aa   0x000000ae   Code   RO         3071    i.aci_gap_set_discoverable  bluenrg_gap_aci.o
    0x08005558   0x08005558   0x000000b0   Code   RO         3314    i.aci_gatt_add_char  bluenrg_gatt_aci.o
    0x08005608   0x08005608   0x000000dc   Code   RO         3315    i.aci_gatt_add_char_desc  bluenrg_gatt_aci.o
    0x080056e4   0x080056e4   0x00000080   Code   RO         3316    i.aci_gatt_add_serv  bluenrg_gatt_aci.o
    0x08005764   0x08005764   0x00000044   Code   RO         3317    i.aci_gatt_allow_read  bluenrg_gatt_aci.o
    0x080057a8   0x080057a8   0x00000038   Code   RO         3330    i.aci_gatt_init     bluenrg_gatt_aci.o
    0x080057e0   0x080057e0   0x00000074   Code   RO         3343    i.aci_gatt_update_char_value  bluenrg_gatt_aci.o
    0x08005854   0x08005854   0x00000044   Code   RO         3584    i.aci_hal_set_tx_power_level  bluenrg_hal_aci.o
    0x08005898   0x08005898   0x0000005e   Code   RO         3587    i.aci_hal_write_config_data  bluenrg_hal_aci.o
    0x080058f6   0x080058f6   0x00000002   PAD
    0x080058f8   0x080058f8   0x00000020   Code   RO          403    i.enableAllSensors  sensor_service.o
    0x08005918   0x08005918   0x00000012   Code   RO        14107    i.fputc             mc_p.l(fputc.o)
    0x0800592a   0x0800592a   0x00000052   Code   RO         3670    i.getBlueNRGVersion  bluenrg_utils_small.o
    0x0800597c   0x0800597c   0x00000082   Code   RO         2803    i.hci_le_read_local_version  hci.o
    0x080059fe   0x080059fe   0x00000062   Code   RO         2814    i.hci_le_set_scan_resp_data  hci.o
    0x08005a60   0x08005a60   0x00000030   Code   RO         2821    i.hci_send_cmd      hci.o
    0x08005a90   0x08005a90   0x00000190   Code   RO         2822    i.hci_send_req      hci.o
    0x08005c20   0x08005c20   0x00000008   Code   RO         2824    i.hci_write         hci.o
    0x08005c28   0x08005c28   0x00000024   Code   RO          404    i.initializeAllSensors  sensor_service.o
    0x08005c4c   0x08005c4c   0x0000001c   Code   RO         3759    i.list_get_size     ble_list.o
    0x08005c68   0x08005c68   0x00000006   Code   RO         3760    i.list_init_head    ble_list.o
    0x08005c6e   0x08005c6e   0x00000018   Code   RO         3761    i.list_insert_head  ble_list.o
    0x08005c86   0x08005c86   0x00000018   Code   RO         3764    i.list_insert_tail  ble_list.o
    0x08005c9e   0x08005c9e   0x00000018   Code   RO         3765    i.list_is_empty     ble_list.o
    0x08005cb6   0x08005cb6   0x00000024   Code   RO         3766    i.list_remove_head  ble_list.o
    0x08005cda   0x08005cda   0x00000016   Code   RO         3767    i.list_remove_node  ble_list.o
    0x08005cf0   0x08005cf0   0x00000024   Code   RO         3768    i.list_remove_tail  ble_list.o
    0x08005d14   0x08005d14   0x0000000e   Code   RO        12372    i.lsm6dsl_acceleration_raw_get  lsm6dsl_reg.o
    0x08005d22   0x08005d22   0x0000000e   Code   RO        12380    i.lsm6dsl_angular_rate_raw_get  lsm6dsl_reg.o
    0x08005d30   0x08005d30   0x00000034   Code   RO        12382    i.lsm6dsl_auto_increment_set  lsm6dsl_reg.o
    0x08005d64   0x08005d64   0x00000034   Code   RO        12384    i.lsm6dsl_block_data_update_set  lsm6dsl_reg.o
    0x08005d98   0x08005d98   0x0000000e   Code   RO        12403    i.lsm6dsl_device_id_get  lsm6dsl_reg.o
    0x08005da6   0x08005da6   0x00000034   Code   RO        12418    i.lsm6dsl_fifo_mode_set  lsm6dsl_reg.o
    0x08005dda   0x08005dda   0x0000005a   Code   RO        12441    i.lsm6dsl_gy_data_rate_get  lsm6dsl_reg.o
    0x08005e34   0x08005e34   0x00000032   Code   RO        12442    i.lsm6dsl_gy_data_rate_set  lsm6dsl_reg.o
    0x08005e66   0x08005e66   0x00000040   Code   RO        12444    i.lsm6dsl_gy_full_scale_get  lsm6dsl_reg.o
    0x08005ea6   0x08005ea6   0x00000034   Code   RO        12445    i.lsm6dsl_gy_full_scale_set  lsm6dsl_reg.o
    0x08005eda   0x08005eda   0x0000000e   Code   RO        12493    i.lsm6dsl_read_reg  lsm6dsl_reg.o
    0x08005ee8   0x08005ee8   0x0000000e   Code   RO        12576    i.lsm6dsl_write_reg  lsm6dsl_reg.o
    0x08005ef6   0x08005ef6   0x0000005e   Code   RO        12577    i.lsm6dsl_xl_data_rate_get  lsm6dsl_reg.o
    0x08005f54   0x08005f54   0x00000032   Code   RO        12578    i.lsm6dsl_xl_data_rate_set  lsm6dsl_reg.o
    0x08005f86   0x08005f86   0x0000002a   Code   RO        12582    i.lsm6dsl_xl_full_scale_get  lsm6dsl_reg.o
    0x08005fb0   0x08005fb0   0x00000034   Code   RO        12583    i.lsm6dsl_xl_full_scale_set  lsm6dsl_reg.o
    0x08005fe4   0x08005fe4   0x000000f8   Code   RO          315    i.main              main.o
    0x080060dc   0x080060dc   0x00000024   Code   RO         2825    i.move_list         hci.o
    0x08006100   0x08006100   0x00000040   Code   RO          405    i.setConnectable    sensor_service.o
    0x08006140   0x08006140   0x00000004   Data   RO          164    .constdata          clock.o
    0x08006144   0x08006144   0x00000006   Data   RO          696    .constdata          stm32l0xx_nucleo.o
    0x0800614a   0x0800614a   0x00000019   Data   RO          931    .constdata          system_stm32l0xx.o
    0x08006163   0x08006163   0x00000010   Data   RO         2002    .constdata          stm32l0xx_hal_rcc.o
    0x08006173   0x08006173   0x00000001   PAD
    0x08006174   0x08006174   0x00000042   Data   RO         6401    .conststring        lps25hb_driver.o
    0x080061b6   0x080061b6   0x00000002   PAD
    0x080061b8   0x080061b8   0x00000020   Data   RO        14137    Region$$Table       anon$$obj.o


    Execution Region RW_IRAM1 (Exec base: 0x20000000, Load base: 0x080061d8, Size: 0x00000a70, Max: 0x00002000, ABSOLUTE, COMPRESSED[0x0000013c])

    Exec Addr    Load Addr    Size         Type   Attr      Idx    E Section Name        Object

    0x20000000   COMPRESSED   0x00000008   Data   RW          233    .data               stm32xx_it.o
    0x20000008   COMPRESSED   0x00000001   Data   RW          316    .data               main.o
    0x20000009   COMPRESSED   0x00000003   PAD
    0x2000000c   COMPRESSED   0x00000020   Data   RW          407    .data               sensor_service.o
    0x2000002c   COMPRESSED   0x00000014   Data   RW          697    .data               stm32l0xx_nucleo.o
    0x20000040   COMPRESSED   0x00000004   Data   RW          932    .data               system_stm32l0xx.o
    0x20000044   COMPRESSED   0x00000004   Data   RW          989    .data               stm32l0xx_hal.o
    0x20000048   COMPRESSED   0x00000014   Data   RW         2827    .data               hci.o
    0x2000005c   COMPRESSED   0x00000004   Data   RW         3874    .data               x_nucleo_iks01a1.o
    0x20000060   COMPRESSED   0x0000000c   Data   RW         4709    .data               x_nucleo_iks01a1_humidity.o
    0x2000006c   COMPRESSED   0x00000010   Data   RW         5208    .data               x_nucleo_iks01a1_temperature.o
    0x2000007c   COMPRESSED   0x00000034   Data   RW         5642    .data               hts221_driver_hl.o
    0x200000b0   COMPRESSED   0x00000034   Data   RW         5643    .data               hts221_driver_hl.o
    0x200000e4   COMPRESSED   0x00000004   Data   RW         5644    .data               hts221_driver_hl.o
    0x200000e8   COMPRESSED   0x00000034   Data   RW         6753    .data               lps25hb_driver_hl.o
    0x2000011c   COMPRESSED   0x00000008   Data   RW         6754    .data               lps25hb_driver_hl.o
    0x20000124   COMPRESSED   0x00000034   Data   RW        11234    .data               lps22hb_driver_hl.o
    0x20000158   COMPRESSED   0x0000003c   Data   RW        11236    .data               lps22hb_driver_hl.o
    0x20000194   COMPRESSED   0x00000008   Data   RW        11237    .data               lps22hb_driver_hl.o
    0x2000019c   COMPRESSED   0x00000020   Data   RW        11478    .data               iks01a2_motion_sensors.o
    0x200001bc   COMPRESSED   0x00000010   Data   RW        11942    .data               lsm6dsl.o
    0x200001cc   COMPRESSED   0x00000024   Data   RW        11943    .data               lsm6dsl.o
    0x200001f0   COMPRESSED   0x00000024   Data   RW        11944    .data               lsm6dsl.o
    0x20000214   COMPRESSED   0x00000004   Data   RW        14109    .data               mc_p.l(stdout.o)
    0x20000218        -       0x0000000c   Zero   RW          406    .bss                sensor_service.o
    0x20000224        -       0x0000003c   Zero   RW          595    .bss                nucleo_l053r8_bus.o
    0x20000260        -       0x00000058   Zero   RW          845    .bss                stm32_bluenrg_ble.o
    0x200002b8        -       0x000002bc   Zero   RW         2826    .bss                hci.o
    0x20000574        -       0x0000003c   Zero   RW         3873    .bss                x_nucleo_iks01a1.o
    0x200005b0        -       0x00000014   Zero   RW         4708    .bss                x_nucleo_iks01a1_humidity.o
    0x200005c4        -       0x00000070   Zero   RW         5207    .bss                x_nucleo_iks01a1_temperature.o
    0x20000634        -       0x0000003c   Zero   RW        11477    .bss                iks01a2_motion_sensors.o
    0x20000670        -       0x00000400   Zero   RW            1    STACK               startup_stm32l053xx.o


==============================================================================

Image component sizes


      Code (inc. data)   RO Data    RW Data    ZI Data      Debug   Object Name

       200          0          0          0          0       8804   ble_list.o
       540          0          0          0          0       5468   bluenrg_gap_aci.o
       764          0          0          0          0       7980   bluenrg_gatt_aci.o
       162          0          0          0          0       2813   bluenrg_hal_aci.o
         8          0          0          0          0     201885   bluenrg_interface.o
        82          0          0          0          0       1796   bluenrg_utils_small.o
         8          0          4          0          0       2344   clock.o
       100          8          0          0          0        661   cube_hal_l0.o
        42          0          0          0          0       1960   gp_timer.o
      1002         40          0         20        700      13421   hci.o
      1004        198          0          0          0      10408   hts221_driver.o
      1006         38          0        108          0      26558   hts221_driver_hl.o
       568         76          0         32         60       4892   iks01a2_motion_sensors.o
      1230          0          0          0          0      21025   lps22hb_driver.o
      1370        100          0        120          0      32043   lps22hb_driver_hl.o
       834         74         66          0          0      13261   lps25hb_driver.o
       706         38          0         60          0      17829   lps25hb_driver_hl.o
      2204        358          0         88          0      26447   lsm6dsl.o
       720         38          0          0          0      13176   lsm6dsl_reg.o
       272         28          0          1          0      43120   main.o
       352         50          0          0         60       5051   nucleo_l053r8_bus.o
        16          0          0          0          0       1508   osal.o
      1652        126          0         32         12      80107   sensor_service.o
        28          8        192          0       1024        684   startup_stm32l053xx.o
       536         46          0          0         88       8092   stm32_bluenrg_ble.o
       118         18          0          4          0       4704   stm32l0xx_hal.o
       164         30          0          0          0      11799   stm32l0xx_hal_cortex.o
       650         62          0          0          0       4912   stm32l0xx_hal_gpio.o
      1434         26          0          0          0      13556   stm32l0xx_hal_i2c.o
       190          0          0          0          0       2203   stm32l0xx_hal_i2c_ex.o
       292         16          0          0          0       1346   stm32l0xx_hal_msp.o
      1568         80         16          0          0       5874   stm32l0xx_hal_rcc.o
      1006          0          0          0          0       4013   stm32l0xx_hal_spi.o
       140         32          6         20          0       4046   stm32l0xx_nucleo.o
        62         10          0          8          0       4192   stm32xx_it.o
        84         18         25          4          0       1333   system_stm32l0xx.o
       378         54          0          4         60       6169   x_nucleo_iks01a1.o
       184         16          0         12         20       4128   x_nucleo_iks01a1_humidity.o
       616         54          0         16        112       6974   x_nucleo_iks01a1_temperature.o

    ----------------------------------------------------------------------
     22336       1642        344        532       2136     626582   Object Totals
         0          0         32          0          0          0   (incl. Generated)
        44          0          3          3          0          0   (incl. Padding)

    ----------------------------------------------------------------------

      Code (inc. data)   RO Data    RW Data    ZI Data      Debug   Library Member Name

        86          0          0          0          0          0   __dczerorl2.o
         0          0          0          0          0          0   entry.o
         0          0          0          0          0          0   entry10a.o
         0          0          0          0          0          0   entry11a.o
         8          4          0          0          0          0   entry2.o
         4          0          0          0          0          0   entry5.o
         0          0          0          0          0          0   entry7b.o
         0          0          0          0          0          0   entry8b.o
         8          4          0          0          0          0   entry9a.o
        18          0          0          0          0         72   fputc.o
        30          0          0          0          0          0   handlers.o
        40          0          0          0          0         72   idiv.o
        36          8          0          0          0         68   init.o
         0          0          0          0          0          0   iusefp.o
         0          0          0          0          0          0   iusesemip.o
        32          0          0          0          0         68   llshl.o
        38          0          0          0          0         68   llsshr.o
        34          0          0          0          0         68   llushr.o
        40          0          0          0          0         68   memcpy.o
        36          0          0          0          0        100   memseta.o
       492         12          0          0          0        168   printf3.o
         0          0          0          0          0          0   semi.o
         0          0          0          4          0          0   stdout.o
        14          0          0          0          0         60   strlen.o
        44          0          0          0          0         72   uidiv.o
        18          0          0          0          0         60   uwrite4.o
       356          4          0          0          0        140   dadd.o
       236          0          0          0          0        216   depilogue.o
        72         10          0          0          0         72   dfixi.o
        40          0          0          0          0         60   f2d.o
       178          0          0          0          0        108   fadd.o
       124          0          0          0          0         72   fdiv.o
       130          0          0          0          0        144   fepilogue.o
        50          0          0          0          0         60   ffixi.o
        40          0          0          0          0         60   ffixui.o
        22          0          0          0          0         68   fflti.o
        14          0          0          0          0         68   ffltui.o
       122          0          0          0          0         72   fmul.o

    ----------------------------------------------------------------------
      2368         42          0          4          0       2084   Library Totals
         6          0          0          0          0          0   (incl. Padding)

    ----------------------------------------------------------------------

      Code (inc. data)   RO Data    RW Data    ZI Data      Debug   Library Name

       978         28          0          4          0        944   mc_p.l
      1384         14          0          0          0       1140   mf_p.l

    ----------------------------------------------------------------------
      2368         42          0          4          0       2084   Library Totals

    ----------------------------------------------------------------------

==============================================================================


      Code (inc. data)   RO Data    RW Data    ZI Data      Debug   

     24704       1684        344        536       2136     612918   Grand Totals
     24704       1684        344        316       2136     612918   ELF Image Totals (compressed)
     24704       1684        344        316          0          0   ROM Totals

==============================================================================

    Total RO  Size (Code + RO Data)                25048 (  24.46kB)
    Total RW  Size (RW Data + ZI Data)              2672 (   2.61kB)
    Total ROM Size (Code + RO Data + RW Data)      25364 (  24.77kB)

==============================================================================

